#Time: 0.00Ma	 	#Time: 0.00Ma	#Time: 0.00Ma	#Time: 5.00Ma	#Time: 10.00Ma	#Time: 15.00Ma	#Time: 20.00Ma	#Time: 25.00Ma	#Time: 30.00Ma
> x(Km)	-w(m)	h(m)	# -w(m)	h(m)	# -w(m)	h(m)	# -w(m)	h(m)	# -w(m)	h(m)	# -w(m)	h(m)	# -w(m)	h(m)	# -w(m)	h(m)	# -w(m)	h(m)
 0.00	 -0.00	 0.0	 -0.00	 0.0	 -34.81	 -34.8	 -33.62	 -25.7	 -31.49	 -17.9	 -29.04	 -11.7	 -26.46	 -6.7	 -23.94	 -2.9	 -22.09	 -0.6
 2.00	 -0.00	 0.0	 -0.00	 0.0	 -32.63	 -32.6	 -31.10	 -23.7	 -28.94	 -16.4	 -26.49	 -10.5	 -23.92	 -5.8	 -21.42	 -2.2	 -19.58	 -0.0
 4.00	 -0.00	 0.0	 -0.00	 0.0	 -30.45	 -30.4	 -28.59	 -21.7	 -26.40	 -14.8	 -23.94	 -9.2	 -21.37	 -4.8	 -18.89	 -1.5	 -17.08	 0.5
 6.00	 -0.00	 0.0	 -0.00	 0.0	 -28.27	 -28.3	 -26.07	 -19.8	 -23.85	 -13.3	 -21.39	 -8.0	 -18.83	 -3.9	 -16.37	 -0.8	 -14.57	 1.0
 8.00	 -0.00	 0.0	 -0.00	 0.0	 -26.09	 -26.1	 -23.56	 -17.8	 -21.31	 -11.7	 -18.84	 -6.8	 -16.29	 -3.0	 -13.85	 -0.1	 -12.06	 1.7
 10.00	 -0.00	 0.0	 -0.00	 0.0	 -23.91	 -23.9	 -21.04	 -15.8	 -18.77	 -10.2	 -16.28	 -5.6	 -13.74	 -2.1	 -11.32	 0.6	 -9.56	 2.4
 12.00	 -0.00	 0.0	 -0.00	 0.0	 -21.73	 -21.7	 -18.52	 -13.9	 -16.22	 -8.7	 -13.73	 -4.4	 -11.20	 -1.1	 -8.80	 1.3	 -7.05	 3.1
 14.00	 -0.00	 0.0	 -0.00	 0.0	 -19.54	 -19.5	 -16.00	 -11.9	 -13.67	 -7.1	 -11.18	 -3.2	 -8.66	 -0.2	 -6.27	 2.2	 -4.55	 3.9
 16.00	 -0.00	 0.0	 -0.00	 0.0	 -17.35	 -17.4	 -13.48	 -10.0	 -11.13	 -5.6	 -8.62	 -2.0	 -6.11	 0.7	 -3.75	 3.1	 -2.04	 4.8
 18.00	 -0.00	 0.0	 -0.00	 0.0	 -15.16	 -15.2	 -10.96	 -8.0	 -8.58	 -4.0	 -6.07	 -0.8	 -3.57	 1.7	 -1.22	 4.1	 0.47	 5.8
 20.00	 -0.00	 0.0	 -0.00	 0.0	 -12.95	 -13.0	 -8.43	 -6.0	 -6.02	 -2.5	 -3.51	 0.4	 -1.02	 2.9	 1.31	 5.2	 2.98	 6.9
 22.00	 -0.00	 0.0	 -0.00	 0.0	 -10.74	 -10.7	 -5.90	 -4.0	 -3.47	 -0.9	 -0.95	 1.7	 1.53	 4.1	 3.83	 6.4	 5.48	 8.1
 24.00	 -0.00	 0.0	 -0.00	 0.0	 -8.52	 -8.5	 -3.36	 -2.1	 -0.91	 0.6	 1.62	 3.2	 4.08	 5.6	 6.36	 7.9	 7.99	 9.5
 26.00	 -0.00	 0.0	 -0.00	 0.0	 -6.28	 -6.3	 -0.82	 -0.0	 1.66	 2.4	 4.18	 4.9	 6.63	 7.4	 8.89	 9.6	 10.50	 11.2
 28.00	 -0.00	 0.0	 -0.00	 0.0	 -4.03	 -4.0	 1.74	 2.0	 4.23	 4.5	 6.75	 7.0	 9.19	 9.5	 11.42	 11.7	 13.01	 13.3
 30.00	 -0.00	 0.0	 -0.00	 0.0	 -1.75	 -1.8	 4.30	 4.4	 6.81	 6.9	 9.33	 9.4	 11.75	 11.8	 13.95	 14.0	 15.52	 15.6
 32.00	 -0.00	 0.0	 -0.00	 0.0	 0.54	 0.5	 6.87	 6.9	 9.39	 9.4	 11.91	 11.9	 14.31	 14.3	 16.48	 16.5	 18.02	 18.0
 34.00	 -0.00	 0.0	 -0.00	 0.0	 2.85	 2.9	 9.45	 9.4	 11.98	 12.0	 14.49	 14.5	 16.87	 16.9	 19.01	 19.0	 20.53	 20.5
 36.00	 -0.00	 0.0	 -0.00	 0.0	 5.19	 5.2	 12.04	 12.0	 14.58	 14.6	 17.08	 17.1	 19.43	 19.4	 21.54	 21.5	 23.03	 23.0
 38.00	 -0.00	 0.0	 -0.00	 0.0	 7.56	 7.6	 14.65	 14.6	 17.19	 17.2	 19.67	 19.7	 22.00	 22.0	 24.07	 24.1	 25.52	 25.5
 40.00	 -0.00	 0.0	 -0.00	 0.0	 9.96	 10.0	 17.26	 17.3	 19.81	 19.8	 22.27	 22.3	 24.56	 24.6	 26.60	 26.6	 28.02	 28.0
 42.00	 -0.00	 0.0	 -0.00	 0.0	 12.39	 12.4	 19.90	 19.9	 22.43	 22.4	 24.87	 24.9	 27.13	 27.1	 29.12	 29.1	 30.50	 30.5
 44.00	 -0.00	 0.0	 -0.00	 0.0	 14.85	 14.9	 22.54	 22.5	 25.07	 25.1	 27.48	 27.5	 29.69	 29.7	 31.64	 31.6	 32.98	 33.0
 46.00	 -0.00	 0.0	 -0.00	 0.0	 17.35	 17.4	 25.20	 25.2	 27.71	 27.7	 30.08	 30.1	 32.25	 32.3	 34.15	 34.1	 35.45	 35.4
 48.00	 -0.00	 0.0	 -0.00	 0.0	 19.89	 19.9	 27.87	 27.9	 30.35	 30.4	 32.69	 32.7	 34.81	 34.8	 36.65	 36.6	 37.90	 37.9
 50.00	 -0.00	 0.0	 -0.00	 0.0	 22.47	 22.5	 30.56	 30.6	 33.01	 33.0	 35.30	 35.3	 37.36	 37.4	 39.13	 39.1	 40.33	 40.3
 52.00	 -0.00	 0.0	 -0.00	 0.0	 25.09	 25.1	 33.25	 33.3	 35.66	 35.7	 37.90	 37.9	 39.90	 39.9	 41.60	 41.6	 42.75	 42.7
 54.00	 -0.00	 0.0	 -0.00	 0.0	 27.75	 27.7	 35.96	 36.0	 38.33	 38.3	 40.50	 40.5	 42.43	 42.4	 44.06	 44.1	 45.14	 45.1
 56.00	 -0.00	 0.0	 -0.00	 0.0	 30.45	 30.5	 38.68	 38.7	 40.99	 41.0	 43.09	 43.1	 44.94	 44.9	 46.49	 46.5	 47.51	 47.5
 58.00	 -0.00	 0.0	 -0.00	 0.0	 33.20	 33.2	 41.41	 41.4	 43.65	 43.6	 45.68	 45.7	 47.44	 47.4	 48.89	 48.9	 49.84	 49.8
 60.00	 -0.00	 0.0	 -0.00	 0.0	 35.99	 36.0	 44.15	 44.1	 46.30	 46.3	 48.24	 48.2	 49.91	 49.9	 51.27	 51.3	 52.14	 52.1
 62.00	 -0.00	 0.0	 -0.00	 0.0	 38.83	 38.8	 46.89	 46.9	 48.95	 49.0	 50.79	 50.8	 52.35	 52.4	 53.60	 53.6	 54.39	 54.4
 64.00	 -0.00	 0.0	 -0.00	 0.0	 41.71	 41.7	 49.62	 49.6	 51.59	 51.6	 53.32	 53.3	 54.77	 54.8	 55.90	 55.9	 56.59	 56.6
 66.00	 -0.00	 0.0	 -0.00	 0.0	 44.63	 44.6	 52.36	 52.4	 54.21	 54.2	 55.82	 55.8	 57.14	 57.1	 58.15	 58.1	 58.74	 58.7
 68.00	 -0.00	 0.0	 -0.00	 0.0	 47.59	 47.6	 55.09	 55.1	 56.81	 56.8	 58.29	 58.3	 59.47	 59.5	 60.34	 60.3	 60.82	 60.8
 70.00	 -0.00	 0.0	 -0.00	 0.0	 50.60	 50.6	 57.81	 57.8	 59.39	 59.4	 60.71	 60.7	 61.74	 61.7	 62.46	 62.5	 62.84	 62.8
 72.00	 -0.00	 0.0	 -0.00	 0.0	 53.64	 53.6	 60.51	 60.5	 61.93	 61.9	 63.10	 63.1	 63.96	 64.0	 64.52	 64.5	 64.77	 64.8
 74.00	 -0.00	 0.0	 -0.00	 0.0	 56.71	 56.7	 63.19	 63.2	 64.44	 64.4	 65.42	 65.4	 66.11	 66.1	 66.50	 66.5	 66.61	 66.6
 76.00	 -0.00	 0.0	 -0.00	 0.0	 59.82	 59.8	 65.84	 65.8	 66.90	 66.9	 67.69	 67.7	 68.18	 68.2	 68.38	 68.4	 68.35	 68.4
 78.00	 -0.00	 0.0	 -0.00	 0.0	 62.95	 63.0	 68.46	 68.5	 69.30	 69.3	 69.88	 69.9	 70.17	 70.2	 70.17	 70.2	 69.99	 70.0
 80.00	 -0.00	 0.0	 -0.00	 0.0	 66.11	 66.1	 71.03	 71.0	 71.65	 71.6	 72.00	 72.0	 72.06	 72.1	 71.85	 71.8	 71.50	 71.5
 82.00	 -0.00	 0.0	 -0.00	 0.0	 69.29	 69.3	 73.55	 73.5	 73.92	 73.9	 74.03	 74.0	 73.85	 73.8	 73.40	 73.4	 72.88	 72.9
 84.00	 -0.00	 0.0	 -0.00	 0.0	 72.48	 72.5	 76.01	 76.0	 76.11	 76.1	 75.95	 76.0	 75.51	 75.5	 74.82	 74.8	 74.11	 74.1
 86.00	 -0.00	 0.0	 -0.00	 0.0	 75.67	 75.7	 78.40	 78.4	 78.21	 78.2	 77.76	 77.8	 77.05	 77.0	 76.09	 76.1	 75.19	 75.2
 88.00	 -0.00	 0.0	 -0.00	 0.0	 78.86	 78.9	 80.70	 80.7	 80.20	 80.2	 79.45	 79.5	 78.44	 78.4	 77.21	 77.2	 76.09	 76.1
 90.00	 -0.00	 0.0	 -0.00	 0.0	 82.05	 82.0	 82.92	 82.9	 82.08	 82.1	 81.00	 81.0	 79.67	 79.7	 78.14	 78.1	 76.80	 76.8
 92.00	 -0.00	 0.0	 -0.00	 0.0	 85.21	 85.2	 85.02	 85.0	 83.83	 83.8	 82.40	 82.4	 80.73	 80.7	 78.88	 78.9	 77.31	 77.3
 94.00	 -0.00	 0.0	 -0.00	 0.0	 88.35	 88.3	 87.01	 87.0	 85.43	 85.4	 83.62	 83.6	 81.60	 81.6	 79.42	 79.4	 77.59	 77.6
 96.00	 -0.00	 0.0	 -0.00	 0.0	 91.44	 91.4	 88.87	 88.9	 86.87	 86.9	 84.67	 84.7	 82.27	 82.3	 79.73	 79.7	 77.64	 77.6
 98.00	 -0.00	 0.0	 -0.00	 0.0	 94.49	 94.5	 90.58	 90.6	 88.14	 88.1	 85.52	 85.5	 82.71	 82.7	 79.80	 79.8	 77.42	 77.4
 100.00	 -0.00	 0.0	 -0.00	 0.0	 97.47	 97.5	 92.13	 92.1	 89.22	 89.2	 86.14	 86.1	 82.91	 82.9	 79.60	 79.6	 76.94	 76.9
 102.00	 -0.00	 0.0	 -0.00	 0.0	 100.38	 100.4	 93.49	 93.5	 90.09	 90.1	 86.54	 86.5	 82.86	 82.9	 79.13	 79.1	 76.15	 76.1
 104.00	 -0.00	 0.0	 -0.00	 0.0	 103.19	 103.2	 94.66	 94.7	 90.73	 90.7	 86.67	 86.7	 82.52	 82.5	 78.35	 78.4	 75.05	 75.0
 106.00	 -0.00	 0.0	 -0.00	 0.0	 105.90	 105.9	 95.60	 95.6	 91.12	 91.1	 86.53	 86.5	 81.88	 81.9	 77.25	 77.3	 73.61	 73.6
 108.00	 -0.00	 0.0	 -0.00	 0.0	 108.48	 108.5	 96.32	 96.3	 91.24	 91.2	 86.10	 86.1	 80.92	 80.9	 75.81	 75.8	 71.80	 71.8
 110.00	 -0.00	 0.0	 -0.00	 0.0	 110.92	 110.9	 96.77	 96.8	 91.08	 91.1	 85.34	 85.3	 79.61	 79.6	 73.99	 74.0	 69.62	 69.6
 112.00	 -0.00	 0.0	 -0.00	 0.0	 113.21	 113.2	 96.94	 96.9	 90.60	 90.6	 84.24	 84.2	 77.94	 77.9	 71.79	 71.8	 67.02	 67.0
 114.00	 -0.00	 0.0	 -0.00	 0.0	 115.31	 115.3	 96.81	 96.8	 89.78	 89.8	 82.78	 82.8	 75.87	 75.9	 69.17	 69.2	 63.99	 64.0
 116.00	 -0.00	 0.0	 -0.00	 0.0	 117.21	 117.2	 96.36	 96.4	 88.61	 88.6	 80.93	 80.9	 73.38	 73.4	 66.10	 66.1	 60.51	 60.5
 118.00	 -0.00	 0.0	 -0.00	 0.0	 118.89	 118.9	 95.55	 95.6	 87.05	 87.1	 78.66	 78.7	 70.46	 70.5	 62.57	 62.6	 56.54	 56.5
 120.00	 -0.00	 0.0	 -0.00	 0.0	 120.32	 120.3	 94.37	 94.4	 85.08	 85.1	 75.95	 75.9	 67.06	 67.1	 58.55	 58.6	 52.06	 52.1
 122.00	 -0.00	 0.0	 -0.00	 0.0	 121.47	 121.5	 92.78	 92.8	 82.67	 82.7	 72.77	 72.8	 63.16	 63.2	 54.01	 54.0	 47.04	 47.0
 124.00	 -0.00	 0.0	 -0.00	 0.0	 122.33	 122.3	 90.76	 90.8	 79.80	 79.8	 69.09	 69.1	 58.74	 58.7	 48.91	 48.9	 41.46	 41.5
 126.00	 -0.00	 0.0	 -0.00	 0.0	 122.87	 122.9	 88.28	 88.3	 76.42	 76.4	 64.88	 64.9	 53.77	 53.8	 43.24	 43.2	 35.28	 35.3
 128.00	 -0.00	 0.0	 -0.00	 0.0	 123.04	 123.0	 85.31	 85.3	 72.53	 72.5	 60.12	 60.1	 48.21	 48.2	 36.97	 37.0	 28.49	 28.5
 130.00	 -0.00	 0.0	 -0.00	 0.0	 122.84	 122.8	 81.82	 81.8	 68.08	 68.1	 54.78	 54.8	 42.04	 42.0	 30.05	 30.1	 21.04	 21.0
 132.00	 -0.00	 0.0	 -0.00	 0.0	 122.22	 122.2	 77.77	 77.8	 63.04	 63.0	 48.81	 48.8	 35.22	 35.2	 22.48	 22.5	 12.91	 12.9
 134.00	 -0.00	 0.0	 -0.00	 0.0	 121.15	 121.1	 73.14	 73.1	 57.38	 57.4	 42.20	 42.2	 27.74	 27.7	 14.20	 14.2	 4.07	 4.1
 136.00	 -0.00	 0.0	 -0.00	 0.0	 119.60	 119.6	 67.90	 67.9	 51.08	 51.1	 34.90	 34.9	 19.54	 19.5	 5.20	 5.2	 -5.51	 -5.4
 138.00	 -0.00	 0.0	 -0.00	 0.0	 117.53	 117.5	 62.00	 62.0	 44.08	 44.1	 26.90	 26.9	 10.61	 10.6	 -4.55	 -4.5	 -15.85	 -14.1
 140.00	 -0.00	 0.0	 -0.00	 0.0	 114.90	 114.9	 55.41	 55.4	 36.37	 36.4	 18.15	 18.1	 0.92	 0.9	 -15.09	 -13.7	 -27.00	 -22.2
 142.00	 -0.00	 0.0	 -0.00	 0.0	 111.69	 111.7	 48.10	 48.1	 27.91	 27.9	 8.62	 8.6	 -9.58	 -9.2	 -26.45	 -22.3	 -38.97	 -29.8
 144.00	 -0.00	 0.0	 -0.00	 0.0	 107.85	 107.9	 40.04	 40.0	 18.66	 18.7	 -1.72	 -1.7	 -20.91	 -18.7	 -38.66	 -30.5	 -51.80	 -37.0
 146.00	 -0.00	 0.0	 -0.00	 0.0	 103.34	 103.3	 31.18	 31.2	 8.59	 8.6	 -12.91	 -12.3	 -33.11	 -27.7	 -51.74	 -38.3	 -65.51	 -43.9
 148.00	 -0.00	 0.0	 -0.00	 0.0	 98.12	 98.1	 21.49	 21.5	 -2.33	 -2.3	 -24.97	 -22.3	 -46.19	 -36.4	 -65.73	 -45.8	 -80.15	 -50.7
 150.00	 -0.00	 0.0	 -0.00	 0.0	 92.14	 92.1	 10.93	 10.9	 -14.15	 -13.5	 -37.95	 -31.9	 -60.21	 -44.8	 -80.66	 -53.2	 -95.72	 -57.3
 152.00	 -0.00	 0.0	 -0.00	 0.0	 85.37	 85.4	 -0.53	 -0.5	 -26.90	 -24.2	 -51.87	 -41.3	 -75.18	 -53.0	 -96.55	 -60.3	 -112.27	 -63.7
 154.00	 -0.00	 0.0	 -0.00	 0.0	 77.77	 77.8	 -12.94	 -12.6	 -40.60	 -34.7	 -66.76	 -50.5	 -91.14	 -61.1	 -113.44	 -67.4	 -129.81	 -70.1
 156.00	 -0.00	 0.0	 -0.00	 0.0	 69.27	 69.3	 -26.32	 -24.5	 -55.31	 -45.1	 -82.67	 -59.7	 -108.12	 -69.2	 -131.36	 -74.5	 -148.38	 -76.4
 158.00	 -0.00	 0.0	 -0.00	 0.0	 59.85	 59.8	 -40.73	 -36.9	 -71.04	 -56.0	 -99.61	 -69.1	 -126.14	 -77.5	 -150.32	 -81.8	 -168.00	 -83.0
 160.00	 -0.00	 0.0	 -0.00	 0.0	 49.45	 49.5	 -56.19	 -49.8	 -87.84	 -67.2	 -117.63	 -78.9	 -145.24	 -86.0	 -170.37	 -89.2	 -188.70	 -89.7
 162.00	 -0.00	 0.0	 -0.00	 0.0	 38.03	 38.0	 -72.74	 -63.5	 -105.74	 -78.9	 -136.75	 -89.1	 -165.45	 -94.9	 -191.51	 -96.9	 -210.51	 -96.6
 164.00	 -0.00	 0.0	 -0.00	 0.0	 25.53	 25.5	 -90.42	 -78.0	 -124.77	 -91.4	 -157.01	 -99.9	 -186.79	 -104.2	 -213.79	 -105.0	 -233.44	 -103.7
 166.00	 -0.00	 0.0	 -0.00	 0.0	 11.92	 11.9	 -109.26	 -93.6	 -144.97	 -104.7	 -178.43	 -111.2	 -209.29	 -113.9	 -237.22	 -113.4	 -257.52	 -111.1
 168.00	 -0.00	 0.0	 -0.00	 0.0	 -2.86	 -2.9	 -129.30	 -109.9	 -166.36	 -118.6	 -201.04	 -123.1	 -232.97	 -124.1	 -261.83	 -122.1	 -282.77	 -118.8
 170.00	 -0.00	 0.0	 -0.00	 0.0	 -18.86	 -18.9	 -150.58	 -126.8	 -188.98	 -132.8	 -224.87	 -135.2	 -257.87	 -134.4	 -287.64	 -130.9	 -309.21	 -126.6
 172.00	 -0.00	 0.0	 -0.00	 0.0	 -36.12	 -36.1	 -173.13	 -144.6	 -212.86	 -147.8	 -249.95	 -147.9	 -284.00	 -145.2	 -314.67	 -140.0	 -336.86	 -134.6
 174.00	 -0.00	 0.0	 -0.00	 0.0	 -54.69	 -54.7	 -196.97	 -163.4	 -238.02	 -163.6	 -276.29	 -161.1	 -311.39	 -156.4	 -342.95	 -149.5	 -365.74	 -142.9
 176.00	 -0.00	 0.0	 -0.00	 0.0	 -74.62	 -74.6	 -222.15	 -183.3	 -264.50	 -180.1	 -303.94	 -175.0	 -340.05	 -168.0	 -372.48	 -159.3	 -395.88	 -151.4
 178.00	 -0.00	 0.0	 -0.00	 0.0	 -95.96	 -96.0	 -248.69	 -204.2	 -292.31	 -197.4	 -332.90	 -189.4	 -370.01	 -180.1	 -403.30	 -169.4	 -427.27	 -160.2
 180.00	 -0.00	 0.0	 -0.00	 0.0	 -118.76	 -118.8	 -276.62	 -226.2	 -321.49	 -215.6	 -363.20	 -204.5	 -401.29	 -192.6	 -435.40	 -179.8	 -459.94	 -169.2
 182.00	 -0.00	 0.0	 -0.00	 0.0	 -143.05	 -143.1	 -305.98	 -249.3	 -352.07	 -234.5	 -394.86	 -220.1	 -433.90	 -205.6	 -468.81	 -190.6	 -493.89	 -178.5
 184.00	 -0.00	 0.0	 -0.00	 0.0	 -168.89	 -168.9	 -336.78	 -273.4	 -384.05	 -254.3	 -427.90	 -236.4	 -467.86	 -219.0	 -503.54	 -201.7	 -529.15	 -188.0
 186.00	 -0.00	 0.0	 -0.00	 0.0	 -196.31	 -196.3	 -369.04	 -298.7	 -417.46	 -274.9	 -462.33	 -253.3	 -503.18	 -232.8	 -539.60	 -213.1	 -565.71	 -197.7
 188.00	 -0.00	 0.0	 -0.00	 0.0	 -225.36	 -225.4	 -402.80	 -325.2	 -452.31	 -296.4	 -498.17	 -270.7	 -539.86	 -247.1	 -577.00	 -224.8	 -603.58	 -207.7
 190.00	 -0.00	 0.0	 -0.00	 0.0	 -256.07	 -256.1	 -438.07	 -352.8	 -488.63	 -318.7	 -535.43	 -288.9	 -577.93	 -261.9	 -615.74	 -236.8	 -642.77	 -217.9
 192.00	 -0.00	 0.0	 -0.00	 0.0	 -288.49	 -288.5	 -474.87	 -381.6	 -526.43	 -341.8	 -574.11	 -307.6	 -617.38	 -277.1	 -655.82	 -249.1	 -683.28	 -228.3
 194.00	 -0.00	 0.0	 -0.00	 0.0	 -322.64	 -322.6	 -513.21	 -411.5	 -565.71	 -365.9	 -614.23	 -326.9	 -658.21	 -292.7	 -697.26	 -261.7	 -725.11	 -238.9
 196.00	 -0.00	 0.0	 -0.00	 0.0	 -358.56	 -358.6	 -553.10	 -442.7	 -606.48	 -390.7	 -655.78	 -346.9	 -700.44	 -308.7	 -740.03	 -274.6	 -768.25	 -249.8
 198.00	 -0.00	 0.0	 -0.00	 0.0	 -396.28	 -396.3	 -594.56	 -475.0	 -648.75	 -416.5	 -698.77	 -367.5	 -744.04	 -325.2	 -784.14	 -287.8	 -812.69	 -260.9
 200.00	 -0.00	 0.0	 -0.00	 0.0	 -435.81	 -435.8	 -637.58	 -508.5	 -692.51	 -443.1	 -743.20	 -388.6	 -789.03	 -342.1	 -829.59	 -301.3	 -858.43	 -272.1
 202.00	 -0.00	 0.0	 -0.00	 0.0	 -477.19	 -477.2	 -682.17	 -543.2	 -737.77	 -470.6	 -789.06	 -410.4	 -835.39	 -359.4	 -876.36	 -315.1	 -905.46	 -283.6
 204.00	 -0.00	 0.0	 -0.00	 0.0	 -520.41	 -520.4	 -728.32	 -579.1	 -784.52	 -498.9	 -836.33	 -432.8	 -883.11	 -377.1	 -924.43	 -329.1	 -953.76	 -295.2
 206.00	 -0.00	 0.0	 -0.00	 0.0	 -565.50	 -565.5	 -776.03	 -616.2	 -832.74	 -528.0	 -885.01	 -455.8	 -932.17	 -395.3	 -973.79	 -343.4	 -1003.31	 -307.0
 208.00	 -0.00	 0.0	 -0.00	 0.0	 -612.46	 -612.5	 -825.29	 -654.4	 -882.43	 -558.0	 -935.08	 -479.3	 -982.56	 -413.8	 -1024.42	 -357.9	 -1054.08	 -319.0
 210.00	 -0.00	 0.0	 -0.00	 0.0	 -661.28	 -661.3	 -876.08	 -693.9	 -933.57	 -588.8	 -986.52	 -503.5	 -1034.25	 -432.6	 -1076.30	 -372.7	 -1106.06	 -331.1
 212.00	 -0.00	 0.0	 -0.00	 0.0	 -711.97	 -712.0	 -928.38	 -735.4	 -986.13	 -621.2	 -1039.31	 -528.7	 -1087.21	 -452.3	 -1129.38	 -388.1	 -1159.22	 -343.7
 214.00	 -0.00	 0.0	 -0.00	 0.0	 -764.50	 -764.5	 -982.16	 -783.9	 -1040.07	 -658.9	 -1093.40	 -558.0	 -1141.41	 -475.1	 -1183.65	 -405.8	 -1213.50	 -358.1
 216.00	 -0.00	 0.0	 -0.00	 0.0	 -818.85	 -818.8	 -1037.40	 -837.4	 -1095.38	 -702.3	 -1148.77	 -591.6	 -1196.81	 -501.2	 -1239.05	 -425.9	 -1268.89	 -374.5
 218.00	 -0.00	 0.0	 -0.00	 0.0	 -874.99	 -875.0	 -1094.05	 -894.0	 -1152.01	 -753.0	 -1205.38	 -630.8	 -1253.38	 -531.5	 -1295.56	 -449.3	 -1325.34	 -393.5
 220.00	 -0.00	 0.0	 -0.00	 0.0	 -932.90	 -932.9	 -1152.06	 -952.1	 -1209.92	 -809.9	 -1263.18	 -675.2	 -1311.06	 -565.7	 -1353.12	 -475.7	 -1382.79	 -414.9
 222.00	 -0.00	 0.0	 -0.00	 0.0	 -992.51	 -992.5	 -1211.40	 -1011.4	 -1269.05	 -869.1	 -1322.12	 -725.4	 -1369.81	 -604.4	 -1411.68	 -505.4	 -1441.20	 -439.0
 224.00	 -0.00	 0.0	 -0.00	 0.0	 -1053.77	 -1053.8	 -1272.00	 -1072.0	 -1329.35	 -929.3	 -1382.14	 -782.1	 -1429.57	 -648.0	 -1471.18	 -539.0	 -1500.51	 -466.1
 226.00	 -0.00	 0.0	 -0.00	 0.0	 -1116.61	 -1116.6	 -1333.79	 -1133.8	 -1390.75	 -990.7	 -1443.17	 -843.2	 -1490.26	 -697.3	 -1531.57	 -576.8	 -1560.65	 -496.7
 228.00	 -0.00	 0.0	 -0.00	 0.0	 -1180.96	 -1181.0	 -1396.70	 -1196.7	 -1453.18	 -1053.2	 -1505.16	 -905.2	 -1551.84	 -752.7	 -1592.76	 -619.3	 -1621.57	 -531.1
 230.00	 -0.00	 0.0	 -0.00	 0.0	 -1246.73	 -1246.7	 -1460.65	 -1260.6	 -1516.56	 -1116.6	 -1568.01	 -968.0	 -1614.20	 -814.2	 -1654.69	 -667.1	 -1683.18	 -569.7
 232.00	 -0.00	 171.4	 -0.00	 171.4	 -1313.81	 -1142.4	 -1525.54	 -1154.1	 -1580.80	 -1009.4	 -1631.65	 -860.2	 -1677.28	 -710.5	 -1717.27	 -585.9	 -1745.40	 -503.2
 234.00	 -0.00	 342.9	 -0.00	 342.9	 -1382.08	 -1039.2	 -1591.28	 -1048.4	 -1645.80	 -902.9	 -1695.97	 -753.9	 -1740.99	 -624.0	 -1780.42	 -518.4	 -1808.15	 -447.9
 236.00	 -0.00	 514.3	 -0.00	 514.3	 -1451.43	 -937.1	 -1657.76	 -943.5	 -1711.46	 -797.2	 -1760.88	 -661.5	 -1805.21	 -551.8	 -1844.04	 -462.0	 -1871.33	 -401.6
 238.00	 -0.00	 685.7	 -0.00	 685.7	 -1521.71	 -836.0	 -1724.85	 -839.1	 -1777.67	 -699.1	 -1826.27	 -584.8	 -1869.86	 -491.9	 -1908.03	 -415.0	 -1934.85	 -362.9
 240.00	 -0.00	 857.1	 -0.00	 857.1	 -1592.77	 -735.6	 -1792.44	 -740.3	 -1844.30	 -619.7	 -1892.02	 -522.6	 -1934.81	 -443.0	 -1972.28	 -376.6	 -1998.59	 -331.1
 242.00	 -0.00	 1028.6	 -0.00	 1028.6	 -1664.45	 -635.9	 -1860.38	 -657.9	 -1911.23	 -555.0	 -1958.02	 -471.7	 -1999.96	 -402.9	 -2036.68	 -344.9	 -2062.46	 -304.8
 244.00	 -0.00	 1200.0	 -0.00	 1200.0	 -1736.60	 -536.6	 -1928.54	 -577.7	 -1978.32	 -492.0	 -2024.12	 -422.1	 -2065.17	 -363.6	 -2101.11	 -313.8	 -2126.34	 -278.9
 246.00	 -0.00	 1371.4	 -0.00	 1371.4	 -1809.02	 -437.6	 -1996.78	 -497.6	 -2045.44	 -429.0	 -2090.21	 -372.4	 -2130.33	 -324.3	 -2165.45	 -282.6	 -2190.10	 -253.0
 248.00	 -0.00	 1542.9	 -0.00	 1542.9	 -1881.54	 -338.7	 -2064.94	 -417.3	 -2112.44	 -365.8	 -2156.14	 -322.5	 -2195.29	 -284.9	 -2229.57	 -251.4	 -2253.63	 -227.0
 250.00	 -0.00	 1714.3	 -0.00	 1714.3	 -1953.98	 -239.7	 -2132.86	 -336.9	 -2179.17	 -302.5	 -2221.77	 -272.6	 -2259.93	 -245.3	 -2293.34	 -220.0	 -2316.78	 -200.9
 252.00	 -0.00	 1885.7	 -0.00	 1885.7	 -2026.13	 -140.4	 -2200.38	 -256.2	 -2245.47	 -238.9	 -2286.95	 -222.4	 -2324.09	 -205.6	 -2356.61	 -188.4	 -2379.43	 -174.6
 254.00	 -0.00	 2057.1	 -0.00	 2057.1	 -2097.80	 -40.7	 -2267.33	 -175.0	 -2311.18	 -175.0	 -2351.52	 -171.8	 -2387.64	 -165.6	 -2419.26	 -156.6	 -2441.44	 -148.1
 256.00	 -0.00	 2228.6	 -0.00	 2228.6	 -2168.78	 59.8	 -2333.55	 -90.8	 -2376.14	 -108.7	 -2415.33	 -119.5	 -2450.41	 -124.1	 -2481.12	 -123.8	 -2502.67	 -120.8
 258.00	 -0.00	 2400.0	 -0.00	 2400.0	 -2238.88	 161.1	 -2398.85	 1.2	 -2440.19	 -36.4	 -2478.22	 -62.5	 -2512.26	 -79.1	 -2542.06	 -88.1	 -2562.96	 -91.1
 260.00	 -0.00	 2571.4	 -0.00	 2571.4	 -2307.88	 263.6	 -2463.05	 108.4	 -2503.14	 68.3	 -2540.02	 31.4	 -2573.02	 -1.6	 -2601.91	 -27.3	 -2622.17	 -41.0
 262.00	 -0.00	 2742.9	 -0.00	 2742.9	 -2375.57	 367.3	 -2525.98	 216.9	 -2564.83	 178.0	 -2600.56	 142.3	 -2632.53	 110.3	 -2660.51	 82.3	 -2680.14	 62.7
 264.00	 -0.00	 2914.3	 -0.00	 2914.3	 -2441.74	 472.5	 -2587.45	 326.8	 -2625.07	 289.2	 -2659.68	 254.6	 -2690.62	 223.7	 -2717.71	 196.6	 -2736.71	 177.6
 266.00	 -0.00	 3085.7	 -0.00	 3085.7	 -2506.19	 579.5	 -2647.27	 438.4	 -2683.69	 402.0	 -2717.19	 368.5	 -2747.13	 338.6	 -2773.34	 312.4	 -2791.73	 294.0
 268.00	 -0.00	 3257.1	 -0.00	 3257.1	 -2568.70	 688.4	 -2705.27	 551.9	 -2740.51	 516.6	 -2772.92	 484.2	 -2801.88	 455.3	 -2827.24	 429.9	 -2845.02	 412.1
 270.00	 -0.00	 3428.6	 -0.00	 3428.6	 -2629.07	 799.5	 -2761.24	 667.3	 -2795.34	 633.2	 -2826.70	 601.9	 -2854.70	 573.9	 -2879.23	 549.3	 -2896.42	 532.1
 272.00	 -0.00	 3600.0	 -0.00	 3600.0	 -2687.11	 912.9	 -2815.01	 785.0	 -2848.01	 752.0	 -2878.35	 721.7	 -2905.43	 694.6	 -2929.15	 670.9	 -2945.78	 654.2
 274.00	 -0.00	 3771.4	 -0.00	 3771.4	 -2742.60	 1028.8	 -2866.40	 905.0	 -2898.34	 873.1	 -2927.70	 843.7	 -2953.90	 817.5	 -2976.84	 794.6	 -2992.92	 778.5
 276.00	 -0.00	 3942.9	 -0.00	 3942.9	 -2795.35	 1147.5	 -2915.24	 1027.6	 -2946.16	 996.7	 -2974.58	 968.3	 -2999.93	 942.9	 -3022.12	 920.7	 -3037.68	 905.2
 278.00	 -0.00	 4114.3	 -0.00	 4114.3	 -2845.18	 1269.1	 -2961.34	 1152.9	 -2991.30	 1123.0	 -3018.83	 1095.5	 -3043.37	 1070.9	 -3064.86	 1049.4	 -3079.92	 1034.4
 280.00	 -0.00	 4285.7	 -0.00	 4285.7	 -2891.91	 1393.8	 -3004.54	 1281.2	 -3033.59	 1252.1	 -3060.28	 1225.4	 -3084.06	 1201.7	 -3104.88	 1180.8	 -3119.47	 1166.2
 282.00	 -0.00	 4457.1	 -0.00	 4457.1	 -2935.36	 1521.8	 -3044.68	 1412.5	 -3072.89	 1384.3	 -3098.79	 1358.4	 -3121.85	 1335.3	 -3142.04	 1315.1	 -3156.19	 1301.0
 284.00	 -0.00	 4628.6	 -0.00	 4628.6	 -2975.37	 1653.2	 -3081.62	 1547.0	 -3109.03	 1519.5	 -3134.20	 1494.4	 -3156.60	 1472.0	 -3176.19	 1452.4	 -3189.93	 1438.6
 286.00	 -0.00	 4800.0	 -0.00	 4800.0	 -3011.79	 1788.2	 -3115.19	 1684.8	 -3141.89	 1658.1	 -3166.38	 1633.6	 -3188.16	 1611.8	 -3207.22	 1592.8	 -3220.57	 1579.4
 288.00	 -0.00	 4971.4	 -0.00	 4971.4	 -3044.47	 1927.0	 -3145.28	 1826.1	 -3171.32	 1800.1	 -3195.20	 1776.2	 -3216.42	 1755.0	 -3234.98	 1736.5	 -3247.99	 1723.4
 290.00	 -0.00	 5142.9	 -0.00	 5142.9	 -3073.28	 2069.6	 -3171.77	 1971.1	 -3197.21	 1945.6	 -3220.54	 1922.3	 -3241.25	 1901.6	 -3259.36	 1883.5	 -3272.06	 1870.8
 292.00	 -0.00	 5314.3	 -0.00	 5314.3	 -3098.11	 2216.2	 -3194.53	 2119.8	 -3219.46	 2094.8	 -3242.30	 2072.0	 -3262.56	 2051.7	 -3280.27	 2034.0	 -3292.69	 2021.6
 294.00	 -0.00	 5485.7	 -0.00	 5485.7	 -3118.86	 2366.9	 -3213.48	 2272.2	 -3237.96	 2247.8	 -3260.39	 2225.3	 -3280.25	 2205.5	 -3297.62	 2188.1	 -3309.79	 2175.9
 296.00	 -0.00	 5657.1	 -0.00	 5657.1	 -3135.44	 2521.7	 -3228.55	 2428.6	 -3252.65	 2404.5	 -3274.72	 2382.4	 -3294.25	 2362.9	 -3311.32	 2345.8	 -3323.28	 2333.9
 298.00	 -0.00	 5828.6	 -0.00	 5828.6	 -3147.78	 2680.8	 -3239.66	 2588.9	 -3263.46	 2565.1	 -3285.24	 2543.3	 -3304.50	 2524.1	 -3321.32	 2507.3	 -3333.12	 2495.5
 300.00	 -0.00	 6000.0	 -0.00	 6000.0	 -3155.84	 2844.2	 -3246.77	 2753.2	 -3270.35	 2729.7	 -3291.91	 2708.1	 -3310.95	 2689.1	 -3327.58	 2672.4	 -3339.24	 2660.8
 302.00	 -0.00	 5850.0	 -0.00	 5850.0	 -3159.60	 2690.4	 -3249.86	 2600.1	 -3273.29	 2576.7	 -3294.69	 2555.3	 -3313.58	 2536.4	 -3330.08	 2519.9	 -3341.64	 2508.4
 304.00	 -0.00	 5700.0	 -0.00	 5700.0	 -3159.04	 2541.0	 -3248.92	 2451.1	 -3272.27	 2427.7	 -3293.60	 2406.4	 -3312.40	 2387.6	 -3328.81	 2371.2	 -3340.31	 2359.7
 306.00	 -0.00	 5550.0	 -0.00	 5550.0	 -3154.18	 2395.8	 -3243.97	 2306.0	 -3267.33	 2282.7	 -3288.64	 2261.4	 -3307.41	 2242.6	 -3323.79	 2226.2	 -3335.27	 2214.7
 308.00	 -0.00	 5400.0	 -0.00	 5400.0	 -3145.05	 2254.9	 -3235.04	 2165.0	 -3258.48	 2141.5	 -3279.85	 2120.1	 -3298.65	 2101.3	 -3315.05	 2085.0	 -3326.55	 2073.5
 310.00	 -0.00	 5250.0	 -0.00	 5250.0	 -3131.72	 2118.3	 -3222.19	 2027.8	 -3245.78	 2004.2	 -3267.28	 1982.7	 -3286.17	 1963.8	 -3302.64	 1947.4	 -3314.20	 1935.8
 312.00	 -0.00	 5100.0	 -0.00	 5100.0	 -3114.24	 1985.8	 -3205.48	 1894.5	 -3229.30	 1870.7	 -3250.99	 1849.0	 -3270.04	 1830.0	 -3286.64	 1813.4	 -3298.28	 1801.7
 314.00	 -0.00	 4950.0	 -0.00	 4950.0	 -3092.70	 1857.3	 -3184.99	 1765.0	 -3209.12	 1740.9	 -3231.07	 1718.9	 -3250.33	 1699.7	 -3267.10	 1682.9	 -3278.87	 1671.1
 316.00	 -0.00	 4800.0	 -0.00	 4800.0	 -3067.21	 1732.8	 -3160.83	 1639.2	 -3185.32	 1614.7	 -3207.60	 1592.4	 -3227.13	 1572.9	 -3244.14	 1555.9	 -3256.07	 1543.9
 318.00	 -0.00	 4650.0	 -0.00	 4650.0	 -3037.87	 1612.1	 -3133.08	 1516.9	 -3158.03	 1492.0	 -3180.70	 1469.3	 -3200.56	 1449.4	 -3217.84	 1432.2	 -3229.97	 1420.0
 320.00	 -0.00	 4500.0	 -0.00	 4500.0	 -3004.81	 1495.2	 -3101.88	 1398.1	 -3127.34	 1372.7	 -3150.47	 1349.5	 -3170.71	 1329.3	 -3188.33	 1311.7	 -3200.69	 1299.3
 322.00	 -0.00	 4350.0	 -0.00	 4350.0	 -2968.15	 1381.8	 -3067.35	 1282.7	 -3093.39	 1256.6	 -3117.04	 1233.0	 -3137.72	 1212.3	 -3155.71	 1194.3	 -3168.34	 1181.7
 324.00	 -0.00	 4200.0	 -0.00	 4200.0	 -2928.06	 1271.9	 -3029.62	 1170.4	 -3056.32	 1143.7	 -3080.54	 1119.5	 -3101.72	 1098.3	 -3120.13	 1079.9	 -3133.06	 1066.9
 326.00	 -0.00	 4050.0	 -0.00	 4050.0	 -2884.68	 1165.3	 -2988.85	 1061.2	 -3016.26	 1033.7	 -3041.12	 1008.9	 -3062.84	 987.2	 -3081.72	 968.3	 -3094.97	 955.0
 328.00	 -0.00	 3900.0	 -0.00	 3900.0	 -2838.17	 1061.8	 -2945.18	 954.8	 -2973.36	 926.6	 -2998.91	 901.1	 -3021.22	 878.8	 -3040.61	 859.4	 -3054.23	 845.8
 330.00	 -0.00	 3750.0	 -0.00	 3750.0	 -2788.70	 961.3	 -2898.77	 851.2	 -2927.78	 822.2	 -2954.07	 795.9	 -2977.03	 773.0	 -2996.97	 753.0	 -3010.97	 739.0
 332.00	 -0.00	 3600.0	 -0.00	 3600.0	 -2736.45	 863.6	 -2849.78	 750.2	 -2879.68	 720.3	 -2906.76	 693.2	 -2930.40	 669.6	 -2950.93	 649.1	 -2965.34	 634.7
 334.00	 -0.00	 3450.0	 -0.00	 3450.0	 -2681.59	 768.4	 -2798.38	 651.6	 -2829.22	 620.8	 -2857.14	 592.9	 -2881.50	 568.5	 -2902.65	 547.4	 -2917.51	 532.5
 336.00	 -0.00	 3300.0	 -0.00	 3300.0	 -2624.32	 675.7	 -2744.74	 555.3	 -2776.56	 523.4	 -2805.36	 494.6	 -2830.49	 469.5	 -2852.29	 447.7	 -2867.61	 432.4
 338.00	 -0.00	 3150.0	 -0.00	 3150.0	 -2564.81	 585.2	 -2689.03	 461.0	 -2721.87	 428.1	 -2751.59	 398.4	 -2777.52	 372.5	 -2800.01	 350.0	 -2815.81	 334.2
 340.00	 -0.00	 3000.0	 -0.00	 3000.0	 -2503.26	 496.7	 -2631.42	 368.6	 -2665.33	 334.7	 -2696.01	 304.0	 -2722.76	 277.2	 -2745.96	 254.0	 -2762.27	 237.7
 342.00	 -0.00	 2850.0	 -0.00	 2850.0	 -2439.87	 410.1	 -2572.09	 277.9	 -2607.10	 242.9	 -2638.76	 211.2	 -2666.36	 183.6	 -2690.31	 159.7	 -2707.13	 142.9
 344.00	 -0.00	 2700.0	 -0.00	 2700.0	 -2374.82	 325.2	 -2511.21	 188.8	 -2547.35	 152.7	 -2580.02	 120.0	 -2608.50	 91.5	 -2633.20	 66.8	 -2650.56	 49.4
 346.00	 -0.00	 2550.0	 -0.00	 2550.0	 -2308.32	 241.7	 -2448.97	 101.0	 -2486.25	 63.8	 -2519.95	 30.1	 -2549.33	 0.7	 -2574.80	 -22.4	 -2592.70	 -34.8
 348.00	 -0.00	 2400.0	 -0.00	 2400.0	 -2240.55	 159.4	 -2385.52	 14.5	 -2423.97	 -22.7	 -2458.71	 -48.9	 -2489.00	 -65.2	 -2515.26	 -74.1	 -2533.71	 -77.4
 350.00	 -0.00	 2250.0	 -0.00	 2250.0	 -2171.72	 78.3	 -2321.04	 -62.8	 -2360.66	 -84.4	 -2396.46	 -97.6	 -2427.67	 -103.7	 -2454.72	 -104.6	 -2473.73	 -102.8
 352.00	 -0.00	 2100.0	 -0.00	 2100.0	 -2102.01	 -2.0	 -2255.70	 -131.8	 -2296.50	 -138.8	 -2333.35	 -140.7	 -2365.48	 -137.9	 -2393.33	 -131.8	 -2412.90	 -125.5
 354.00	 -0.00	 1950.0	 -0.00	 1950.0	 -2031.62	 -81.6	 -2189.66	 -197.1	 -2231.63	 -190.4	 -2269.54	 -181.6	 -2302.59	 -170.3	 -2331.23	 -157.6	 -2351.36	 -147.0
 356.00	 -0.00	 1800.0	 -0.00	 1800.0	 -1960.73	 -160.7	 -2123.09	 -262.0	 -2166.22	 -241.7	 -2205.17	 -222.2	 -2239.14	 -202.5	 -2268.56	 -183.3	 -2289.25	 -168.4
 358.00	 -0.00	 1650.0	 -0.00	 1650.0	 -1889.54	 -239.5	 -2056.13	 -326.5	 -2100.41	 -292.7	 -2140.39	 -262.6	 -2175.25	 -234.6	 -2205.46	 -208.8	 -2226.69	 -189.7
 360.00	 -0.00	 1500.0	 -0.00	 1500.0	 -1818.21	 -318.2	 -1988.94	 -390.9	 -2034.34	 -343.5	 -2075.33	 -302.8	 -2111.08	 -266.5	 -2142.04	 -234.2	 -2163.82	 -210.9
 362.00	 -0.00	 1350.0	 -0.00	 1350.0	 -1746.93	 -396.9	 -1921.67	 -455.3	 -1968.16	 -394.3	 -2010.13	 -342.9	 -2046.73	 -298.4	 -2078.44	 -259.5	 -2100.74	 -232.0
 364.00	 -0.00	 1200.0	 -0.00	 1200.0	 -1675.88	 -475.9	 -1854.47	 -519.6	 -1902.00	 -445.0	 -1944.91	 -383.1	 -1982.35	 -330.2	 -2014.78	 -284.7	 -2037.59	 -253.0
 366.00	 -0.00	 1050.0	 -0.00	 1050.0	 -1605.20	 -555.2	 -1787.46	 -584.1	 -1835.99	 -495.8	 -1879.81	 -423.2	 -1918.05	 -362.0	 -1951.17	 -310.0	 -1974.47	 -274.0
 368.00	 -0.00	 900.0	 -0.00	 900.0	 -1535.07	 -635.1	 -1720.78	 -648.8	 -1770.27	 -546.8	 -1814.95	 -463.4	 -1853.94	 -393.7	 -1887.72	 -335.2	 -1911.49	 -295.0
 370.00	 -0.00	 750.0	 -0.00	 750.0	 -1465.64	 -715.6	 -1654.56	 -713.9	 -1704.94	 -597.9	 -1750.43	 -503.7	 -1790.14	 -425.6	 -1824.55	 -360.4	 -1848.75	 -315.9
 372.00	 -0.00	 600.0	 -0.00	 600.0	 -1397.05	 -797.0	 -1588.92	 -789.1	 -1640.13	 -656.8	 -1686.37	 -550.0	 -1726.75	 -462.0	 -1761.74	 -389.0	 -1786.36	 -339.7
 374.00	 -0.00	 450.0	 -0.00	 450.0	 -1329.43	 -879.4	 -1523.96	 -874.0	 -1575.94	 -728.8	 -1622.87	 -606.3	 -1663.86	 -506.1	 -1699.40	 -423.7	 -1724.41	 -368.3
 376.00	 -0.00	 300.0	 -0.00	 300.0	 -1262.92	 -962.9	 -1459.81	 -959.8	 -1512.47	 -812.5	 -1560.03	 -672.1	 -1601.58	 -557.6	 -1637.61	 -463.9	 -1662.98	 -401.4
 378.00	 -0.00	 150.0	 -0.00	 150.0	 -1197.62	 -1047.6	 -1396.55	 -1046.6	 -1449.82	 -899.8	 -1497.94	 -749.0	 -1540.00	 -617.5	 -1576.47	 -510.7	 -1602.16	 -439.8
 380.00	 -0.00	 0.0	 -0.00	 0.0	 -1133.66	 -1133.7	 -1334.29	 -1134.3	 -1388.09	 -988.1	 -1436.68	 -836.7	 -1479.18	 -687.5	 -1516.05	 -565.2	 -1542.03	 -484.4
 382.00	 -0.00	 0.0	 -0.00	 0.0	 -1071.11	 -1071.1	 -1273.09	 -1073.1	 -1327.34	 -927.3	 -1376.34	 -776.3	 -1419.22	 -639.4	 -1456.43	 -528.3	 -1482.66	 -454.6
 384.00	 -0.00	 0.0	 -0.00	 0.0	 -1010.07	 -1010.1	 -1213.05	 -1013.1	 -1267.65	 -867.7	 -1316.98	 -720.7	 -1360.18	 -596.6	 -1397.68	 -495.5	 -1424.12	 -428.0
 386.00	 -0.00	 0.0	 -0.00	 0.0	 -950.61	 -950.6	 -1154.23	 -954.2	 -1209.09	 -809.1	 -1258.68	 -671.2	 -1302.12	 -558.5	 -1339.85	 -466.2	 -1366.47	 -404.4
 388.00	 -0.00	 0.0	 -0.00	 0.0	 -892.79	 -892.8	 -1096.68	 -896.7	 -1151.72	 -752.7	 -1201.48	 -627.3	 -1245.10	 -524.8	 -1283.00	 -440.3	 -1309.76	 -383.4
 390.00	 -0.00	 0.0	 -0.00	 0.0	 -836.67	 -836.7	 -1040.46	 -840.5	 -1095.60	 -702.3	 -1145.45	 -588.4	 -1189.17	 -494.8	 -1227.19	 -417.1	 -1254.05	 -364.6
 392.00	 -0.00	 0.0	 -0.00	 0.0	 -782.28	 -782.3	 -985.61	 -786.5	 -1040.75	 -658.4	 -1090.62	 -554.5	 -1134.38	 -468.5	 -1172.47	 -396.9	 -1199.38	 -348.2
 394.00	 -0.00	 0.0	 -0.00	 0.0	 -729.66	 -729.7	 -932.18	 -737.9	 -987.23	 -620.7	 -1037.04	 -525.3	 -1080.77	 -445.9	 -1118.86	 -379.4	 -1145.80	 -334.0
 396.00	 -0.00	 0.0	 -0.00	 0.0	 -678.83	 -678.8	 -880.20	 -696.2	 -935.08	 -588.2	 -984.74	 -500.0	 -1028.38	 -426.3	 -1066.42	 -364.2	 -1093.34	 -321.5
 398.00	 -0.00	 0.0	 -0.00	 0.0	 -629.82	 -629.8	 -829.70	 -657.0	 -884.31	 -557.7	 -933.75	 -476.2	 -977.24	 -407.7	 -1015.18	 -349.7	 -1042.04	 -309.7
 400.00	 -0.00	 0.0	 -0.00	 0.0	 -582.64	 -582.6	 -780.69	 -619.0	 -834.96	 -528.0	 -884.11	 -452.9	 -927.38	 -389.5	 -965.15	 -335.5	 -991.92	 -298.0
 402.00	 -0.00	 0.0	 -0.00	 0.0	 -537.29	 -537.3	 -733.20	 -582.1	 -787.04	 -499.0	 -835.83	 -430.2	 -878.82	 -371.7	 -916.38	 -321.5	 -943.01	 -286.5
 404.00	 -0.00	 0.0	 -0.00	 0.0	 -493.77	 -493.8	 -687.24	 -546.4	 -740.57	 -470.9	 -788.93	 -408.1	 -831.58	 -354.2	 -868.87	 -307.8	 -895.34	 -275.2
 406.00	 -0.00	 0.0	 -0.00	 0.0	 -452.07	 -452.1	 -642.82	 -511.8	 -695.57	 -443.7	 -743.42	 -386.5	 -785.67	 -337.2	 -822.65	 -294.3	 -848.92	 -264.0
 408.00	 -0.00	 0.0	 -0.00	 0.0	 -412.19	 -412.2	 -599.94	 -478.4	 -652.03	 -417.3	 -699.32	 -365.6	 -741.11	 -320.6	 -777.73	 -281.1	 -803.77	 -253.1
 410.00	 -0.00	 0.0	 -0.00	 0.0	 -374.10	 -374.1	 -558.60	 -446.2	 -609.97	 -391.7	 -656.63	 -345.2	 -697.91	 -304.4	 -734.12	 -268.2	 -759.90	 -242.3
 412.00	 -0.00	 0.0	 -0.00	 0.0	 -337.78	 -337.8	 -518.79	 -415.2	 -569.37	 -367.0	 -615.35	 -325.5	 -656.08	 -288.6	 -691.84	 -255.6	 -717.31	 -231.8
 414.00	 -0.00	 0.0	 -0.00	 0.0	 -303.21	 -303.2	 -480.52	 -385.3	 -530.25	 -343.1	 -575.49	 -306.3	 -615.61	 -273.2	 -650.87	 -243.2	 -676.02	 -221.4
 416.00	 -0.00	 0.0	 -0.00	 0.0	 -270.37	 -270.4	 -443.77	 -356.6	 -492.59	 -320.0	 -537.04	 -287.8	 -576.50	 -258.3	 -611.24	 -231.2	 -636.03	 -211.3
 418.00	 -0.00	 0.0	 -0.00	 0.0	 -239.21	 -239.2	 -408.53	 -329.1	 -456.38	 -297.9	 -500.00	 -269.9	 -538.76	 -243.8	 -572.92	 -219.5	 -597.34	 -201.4
 420.00	 -0.00	 0.0	 -0.00	 0.0	 -209.71	 -209.7	 -374.78	 -302.7	 -421.62	 -276.5	 -464.35	 -252.5	 -502.38	 -229.7	 -535.94	 -208.0	 -559.94	 -191.7
 422.00	 -0.00	 0.0	 -0.00	 0.0	 -181.83	 -181.8	 -342.50	 -277.4	 -388.29	 -256.0	 -430.09	 -235.8	 -467.35	 -216.1	 -500.27	 -196.9	 -523.84	 -182.2
 424.00	 -0.00	 0.0	 -0.00	 0.0	 -155.52	 -155.5	 -311.68	 -253.2	 -356.36	 -236.3	 -397.21	 -219.7	 -433.66	 -202.9	 -465.90	 -186.1	 -489.02	 -173.0
 426.00	 -0.00	 0.0	 -0.00	 0.0	 -130.76	 -130.8	 -282.28	 -230.1	 -325.83	 -217.4	 -365.68	 -204.2	 -401.30	 -190.2	 -432.84	 -175.6	 -455.49	 -164.0
 428.00	 -0.00	 0.0	 -0.00	 0.0	 -107.49	 -107.5	 -254.29	 -208.1	 -296.68	 -199.3	 -335.50	 -189.3	 -370.25	 -177.8	 -401.07	 -165.4	 -423.22	 -155.3
 430.00	 -0.00	 0.0	 -0.00	 0.0	 -85.68	 -85.7	 -227.68	 -187.2	 -268.87	 -182.1	 -306.64	 -175.0	 -340.50	 -166.0	 -370.57	 -155.6	 -392.22	 -146.8
 432.00	 -0.00	 0.0	 -0.00	 0.0	 -65.27	 -65.3	 -202.42	 -167.3	 -242.39	 -165.6	 -279.09	 -161.2	 -312.03	 -154.5	 -341.34	 -146.0	 -362.45	 -138.5
 434.00	 -0.00	 0.0	 -0.00	 0.0	 -46.22	 -46.2	 -178.49	 -148.4	 -217.21	 -149.8	 -252.81	 -148.1	 -284.82	 -143.5	 -313.34	 -136.8	 -333.92	 -130.5
 436.00	 -0.00	 0.0	 -0.00	 0.0	 -28.49	 -28.5	 -155.84	 -130.5	 -193.30	 -134.9	 -227.79	 -135.5	 -258.85	 -132.9	 -286.57	 -127.8	 -306.60	 -122.7
 438.00	 -0.00	 0.0	 -0.00	 0.0	 -12.03	 -12.0	 -134.45	 -113.6	 -170.64	 -120.6	 -204.01	 -123.5	 -234.11	 -122.7	 -261.01	 -119.2	 -280.47	 -115.1
 440.00	 -0.00	 0.0	 -0.00	 0.0	 3.21	 3.2	 -114.29	 -97.5	 -149.20	 -107.0	 -181.43	 -111.9	 -210.56	 -112.9	 -236.63	 -110.9	 -255.52	 -107.8
 442.00	 -0.00	 0.0	 -0.00	 0.0	 17.27	 17.3	 -95.32	 -81.9	 -128.95	 -93.8	 -160.03	 -100.6	 -188.18	 -103.3	 -213.41	 -102.7	 -231.72	 -100.6
 444.00	 -0.00	 0.0	 -0.00	 0.0	 30.21	 30.2	 -77.51	 -67.3	 -109.85	 -81.3	 -139.79	 -89.9	 -166.94	 -94.1	 -191.33	 -94.8	 -209.05	 -93.7
 446.00	 -0.00	 0.0	 -0.00	 0.0	 42.07	 42.1	 -60.82	 -53.5	 -91.87	 -69.5	 -120.67	 -79.8	 -146.83	 -85.3	 -170.37	 -87.3	 -187.50	 -87.0
 448.00	 -0.00	 0.0	 -0.00	 0.0	 52.90	 52.9	 -45.22	 -40.6	 -74.99	 -58.3	 -102.64	 -70.1	 -127.81	 -77.0	 -150.50	 -80.1	 -167.03	 -80.5
 450.00	 -0.00	 0.0	 -0.00	 0.0	 62.74	 62.7	 -30.67	 -28.2	 -59.16	 -47.6	 -85.67	 -60.7	 -109.85	 -68.8	 -131.69	 -73.0	 -147.63	 -74.2
 452.00	 -0.00	 0.0	 -0.00	 0.0	 71.65	 71.6	 -17.13	 -16.3	 -44.36	 -37.2	 -69.74	 -51.7	 -92.94	 -61.0	 -113.92	 -66.1	 -129.26	 -68.1
 454.00	 -0.00	 0.0	 -0.00	 0.0	 79.65	 79.7	 -4.58	 -4.6	 -30.56	 -27.0	 -54.81	 -42.8	 -77.03	 -53.2	 -97.16	 -59.3	 -111.91	 -62.0
 456.00	 -0.00	 0.0	 -0.00	 0.0	 86.81	 86.8	 7.04	 7.0	 -17.71	 -16.5	 -40.85	 -33.7	 -62.09	 -45.3	 -81.39	 -52.5	 -95.54	 -55.8
 458.00	 -0.00	 0.0	 -0.00	 0.0	 93.16	 93.2	 17.75	 17.8	 -5.78	 -5.7	 -27.83	 -24.3	 -48.11	 -37.2	 -66.57	 -45.4	 -80.13	 -49.6
 460.00	 -0.00	 0.0	 -0.00	 0.0	 98.74	 98.7	 27.60	 27.6	 5.26	 5.3	 -15.71	 -14.6	 -35.04	 -28.8	 -52.67	 -38.2	 -65.65	 -43.1
 462.00	 -0.00	 0.0	 -0.00	 0.0	 103.61	 103.6	 36.62	 36.6	 15.44	 15.4	 -4.47	 -4.4	 -22.86	 -20.0	 -39.67	 -30.7	 -52.07	 -36.5
 464.00	 -0.00	 0.0	 -0.00	 0.0	 107.79	 107.8	 44.84	 44.8	 24.81	 24.8	 5.93	 5.9	 -11.54	 -10.9	 -27.54	 -22.9	 -39.37	 -29.6
 466.00	 -0.00	 0.0	 -0.00	 0.0	 111.33	 111.3	 52.30	 52.3	 33.39	 33.4	 15.53	 15.5	 -1.04	 -1.0	 -16.25	 -14.5	 -27.51	 -22.3
 468.00	 -0.00	 0.0	 -0.00	 0.0	 114.26	 114.3	 59.03	 59.0	 41.21	 41.2	 24.35	 24.3	 8.66	 8.7	 -5.77	 -5.6	 -16.47	 -14.5
 470.00	 -0.00	 0.0	 -0.00	 0.0	 116.64	 116.6	 65.08	 65.1	 48.32	 48.3	 32.43	 32.4	 17.60	 17.6	 3.93	 3.9	 -6.22	 -6.0
 472.00	 -0.00	 0.0	 -0.00	 0.0	 118.48	 118.5	 70.48	 70.5	 54.75	 54.7	 39.80	 39.8	 25.81	 25.8	 12.89	 12.9	 3.27	 3.3
 474.00	 -0.00	 0.0	 -0.00	 0.0	 119.82	 119.8	 75.25	 75.3	 60.52	 60.5	 46.49	 46.5	 33.32	 33.3	 21.13	 21.1	 12.03	 12.0
 476.00	 -0.00	 0.0	 -0.00	 0.0	 120.71	 120.7	 79.44	 79.4	 65.67	 65.7	 52.53	 52.5	 40.16	 40.2	 28.68	 28.7	 20.09	 20.1
 478.00	 -0.00	 0.0	 -0.00	 0.0	 121.16	 121.2	 83.07	 83.1	 70.24	 70.2	 57.95	 58.0	 46.36	 46.4	 35.57	 35.6	 27.47	 27.5
 480.00	 -0.00	 0.0	 -0.00	 0.0	 121.22	 121.2	 86.17	 86.2	 74.25	 74.2	 62.79	 62.8	 51.96	 52.0	 41.83	 41.8	 34.22	 34.2
 482.00	 -0.00	 0.0	 -0.00	 0.0	 120.91	 120.9	 88.78	 88.8	 77.73	 77.7	 67.08	 67.1	 56.97	 57.0	 47.49	 47.5	 40.35	 40.3
 484.00	 -0.00	 0.0	 -0.00	 0.0	 120.26	 120.3	 90.93	 90.9	 80.71	 80.7	 70.84	 70.8	 61.42	 61.4	 52.57	 52.6	 45.89	 45.9
 486.00	 -0.00	 0.0	 -0.00	 0.0	 119.31	 119.3	 92.64	 92.6	 83.23	 83.2	 74.10	 74.1	 65.36	 65.4	 57.12	 57.1	 50.87	 50.9
 488.00	 -0.00	 0.0	 -0.00	 0.0	 118.06	 118.1	 93.94	 93.9	 85.30	 85.3	 76.89	 76.9	 68.80	 68.8	 61.14	 61.1	 55.33	 55.3
 490.00	 -0.00	 0.0	 -0.00	 0.0	 116.56	 116.6	 94.86	 94.9	 86.96	 87.0	 79.23	 79.2	 71.77	 71.8	 64.68	 64.7	 59.27	 59.3
 492.00	 -0.00	 0.0	 -0.00	 0.0	 114.82	 114.8	 95.43	 95.4	 88.23	 88.2	 81.16	 81.2	 74.30	 74.3	 67.75	 67.8	 62.74	 62.7
 494.00	 -0.00	 0.0	 -0.00	 0.0	 112.87	 112.9	 95.66	 95.7	 89.14	 89.1	 82.70	 82.7	 76.41	 76.4	 70.38	 70.4	 65.76	 65.8
 496.00	 -0.00	 0.0	 -0.00	 0.0	 110.72	 110.7	 95.58	 95.6	 89.70	 89.7	 83.86	 83.9	 78.13	 78.1	 72.61	 72.6	 68.34	 68.3
 498.00	 -0.00	 0.0	 -0.00	 0.0	 108.40	 108.4	 95.22	 95.2	 89.95	 90.0	 84.69	 84.7	 79.48	 79.5	 74.44	 74.4	 70.53	 70.5
 500.00	 -0.00	 0.0	 -0.00	 0.0	 105.93	 105.9	 94.59	 94.6	 89.91	 89.9	 85.19	 85.2	 80.49	 80.5	 75.90	 75.9	 72.33	 72.3
 502.00	 -0.00	 0.0	 -0.00	 0.0	 103.33	 103.3	 93.72	 93.7	 89.59	 89.6	 85.40	 85.4	 81.18	 81.2	 77.02	 77.0	 73.77	 73.8
 504.00	 -0.00	 0.0	 -0.00	 0.0	 100.60	 100.6	 92.63	 92.6	 89.03	 89.0	 85.32	 85.3	 81.56	 81.6	 77.82	 77.8	 74.88	 74.9
 506.00	 -0.00	 0.0	 -0.00	 0.0	 97.78	 97.8	 91.34	 91.3	 88.23	 88.2	 84.99	 85.0	 81.66	 81.7	 78.32	 78.3	 75.67	 75.7
 508.00	 -0.00	 0.0	 -0.00	 0.0	 94.86	 94.9	 89.85	 89.9	 87.21	 87.2	 84.42	 84.4	 81.50	 81.5	 78.54	 78.5	 76.17	 76.2
 510.00	 -0.00	 0.0	 -0.00	 0.0	 91.87	 91.9	 88.20	 88.2	 86.00	 86.0	 83.63	 83.6	 81.10	 81.1	 78.50	 78.5	 76.40	 76.4
 512.00	 -0.00	 0.0	 -0.00	 0.0	 88.82	 88.8	 86.39	 86.4	 84.61	 84.6	 82.63	 82.6	 80.47	 80.5	 78.21	 78.2	 76.36	 76.4
 514.00	 -0.00	 0.0	 -0.00	 0.0	 85.72	 85.7	 84.45	 84.4	 83.05	 83.1	 81.45	 81.4	 79.64	 79.6	 77.70	 77.7	 76.09	 76.1
 516.00	 -0.00	 0.0	 -0.00	 0.0	 82.57	 82.6	 82.38	 82.4	 81.35	 81.3	 80.09	 80.1	 78.62	 78.6	 76.98	 77.0	 75.60	 75.6
 518.00	 -0.00	 0.0	 -0.00	 0.0	 79.40	 79.4	 80.20	 80.2	 79.51	 79.5	 78.59	 78.6	 77.42	 77.4	 76.07	 76.1	 74.91	 74.9
 520.00	 -0.00	 0.0	 -0.00	 0.0	 76.21	 76.2	 77.91	 77.9	 77.55	 77.5	 76.93	 76.9	 76.06	 76.1	 74.99	 75.0	 74.03	 74.0
 522.00	 -0.00	 0.0	 -0.00	 0.0	 73.01	 73.0	 75.54	 75.5	 75.48	 75.5	 75.15	 75.2	 74.55	 74.6	 73.74	 73.7	 72.97	 73.0
 524.00	 -0.00	 0.0	 -0.00	 0.0	 69.80	 69.8	 73.10	 73.1	 73.31	 73.3	 73.26	 73.3	 72.91	 72.9	 72.34	 72.3	 71.75	 71.8
 526.00	 -0.00	 0.0	 -0.00	 0.0	 66.59	 66.6	 70.58	 70.6	 71.06	 71.1	 71.26	 71.3	 71.16	 71.2	 70.81	 70.8	 70.39	 70.4
 528.00	 -0.00	 0.0	 -0.00	 0.0	 63.39	 63.4	 68.01	 68.0	 68.72	 68.7	 69.16	 69.2	 69.29	 69.3	 69.15	 69.2	 68.90	 68.9
 530.00	 -0.00	 0.0	 -0.00	 0.0	 60.21	 60.2	 65.39	 65.4	 66.33	 66.3	 66.98	 67.0	 67.32	 67.3	 67.39	 67.4	 67.28	 67.3
 532.00	 -0.00	 0.0	 -0.00	 0.0	 57.04	 57.0	 62.72	 62.7	 63.87	 63.9	 64.73	 64.7	 65.26	 65.3	 65.52	 65.5	 65.55	 65.6
 534.00	 -0.00	 0.0	 -0.00	 0.0	 53.89	 53.9	 60.02	 60.0	 61.36	 61.4	 62.41	 62.4	 63.13	 63.1	 63.56	 63.6	 63.73	 63.7
 536.00	 -0.00	 0.0	 -0.00	 0.0	 50.77	 50.8	 57.30	 57.3	 58.80	 58.8	 60.03	 60.0	 60.93	 60.9	 61.52	 61.5	 61.81	 61.8
 538.00	 -0.00	 0.0	 -0.00	 0.0	 47.68	 47.7	 54.54	 54.5	 56.21	 56.2	 57.60	 57.6	 58.66	 58.7	 59.40	 59.4	 59.82	 59.8
 540.00	 -0.00	 0.0	 -0.00	 0.0	 44.61	 44.6	 51.78	 51.8	 53.59	 53.6	 55.13	 55.1	 56.34	 56.3	 57.23	 57.2	 57.75	 57.7
 542.00	 -0.00	 0.0	 -0.00	 0.0	 41.58	 41.6	 48.99	 49.0	 50.95	 50.9	 52.62	 52.6	 53.97	 54.0	 54.99	 55.0	 55.61	 55.6
 544.00	 -0.00	 0.0	 -0.00	 0.0	 38.58	 38.6	 46.20	 46.2	 48.28	 48.3	 50.09	 50.1	 51.56	 51.6	 52.70	 52.7	 53.42	 53.4
 546.00	 -0.00	 0.0	 -0.00	 0.0	 35.61	 35.6	 43.41	 43.4	 45.59	 45.6	 47.52	 47.5	 49.11	 49.1	 50.37	 50.4	 51.18	 51.2
 548.00	 -0.00	 0.0	 -0.00	 0.0	 32.68	 32.7	 40.61	 40.6	 42.90	 42.9	 44.93	 44.9	 46.64	 46.6	 48.00	 48.0	 48.90	 48.9
 550.00	 -0.00	 0.0	 -0.00	 0.0	 29.78	 29.8	 37.81	 37.8	 40.19	 40.2	 42.32	 42.3	 44.13	 44.1	 45.60	 45.6	 46.57	 46.6
 552.00	 -0.00	 0.0	 -0.00	 0.0	 26.91	 26.9	 35.01	 35.0	 37.47	 37.5	 39.70	 39.7	 41.61	 41.6	 43.17	 43.2	 44.22	 44.2
 554.00	 -0.00	 0.0	 -0.00	 0.0	 24.08	 24.1	 32.22	 32.2	 34.76	 34.8	 37.07	 37.1	 39.06	 39.1	 40.72	 40.7	 41.83	 41.8
 556.00	 -0.00	 0.0	 -0.00	 0.0	 21.28	 21.3	 29.43	 29.4	 32.04	 32.0	 34.43	 34.4	 36.51	 36.5	 38.24	 38.2	 39.42	 39.4
 558.00	 -0.00	 0.0	 -0.00	 0.0	 18.52	 18.5	 26.65	 26.6	 29.32	 29.3	 31.78	 31.8	 33.94	 33.9	 35.75	 35.7	 36.99	 37.0
 560.00	 -0.00	 0.0	 -0.00	 0.0	 15.78	 15.8	 23.87	 23.9	 26.60	 26.6	 29.13	 29.1	 31.36	 31.4	 33.24	 33.2	 34.54	 34.5
 562.00	 -0.00	 0.0	 -0.00	 0.0	 13.07	 13.1	 21.11	 21.1	 23.88	 23.9	 26.47	 26.5	 28.77	 28.8	 30.72	 30.7	 32.07	 32.1
 564.00	 -0.00	 0.0	 -0.00	 0.0	 10.39	 10.4	 18.35	 18.3	 21.17	 21.2	 23.82	 23.8	 26.18	 26.2	 28.20	 28.2	 29.60	 29.6
 566.00	 -0.00	 0.0	 -0.00	 0.0	 7.73	 7.7	 15.60	 15.6	 18.46	 18.5	 21.16	 21.2	 23.58	 23.6	 25.66	 25.7	 27.11	 27.1
 568.00	 -0.00	 0.0	 -0.00	 0.0	 5.10	 5.1	 12.85	 12.9	 15.75	 15.8	 18.51	 18.5	 20.99	 21.0	 23.12	 23.1	 24.61	 24.6
 570.00	 -0.00	 0.0	 -0.00	 0.0	 2.49	 2.5	 10.12	 10.1	 13.05	 13.1	 15.85	 15.9	 18.39	 18.4	 20.57	 20.6	 22.11	 22.1
 572.00	 -0.00	 0.0	 -0.00	 0.0	 -0.10	 -0.1	 7.39	 7.4	 10.35	 10.4	 13.20	 13.2	 15.78	 15.8	 18.02	 18.0	 19.61	 19.6
 574.00	 -0.00	 0.0	 -0.00	 0.0	 -2.68	 -2.7	 4.67	 4.8	 7.66	 7.8	 10.54	 10.7	 13.18	 13.3	 15.47	 15.6	 17.09	 17.2
 576.00	 -0.00	 0.0	 -0.00	 0.0	 -5.23	 -5.2	 1.96	 2.3	 4.97	 5.4	 7.89	 8.3	 10.58	 11.0	 12.92	 13.3	 14.58	 15.0
 578.00	 -0.00	 0.0	 -0.00	 0.0	 -7.78	 -7.8	 -0.75	 0.1	 2.28	 3.2	 5.24	 6.1	 7.98	 8.8	 10.37	 11.2	 12.06	 12.9
 580.00	 -0.00	 0.0	 -0.00	 0.0	 -10.32	 -10.3	 -3.46	 -2.0	 -0.40	 1.3	 2.60	 4.3	 5.38	 7.0	 7.81	 9.5	 9.55	 11.2
 582.00	 -0.00	 0.0	 -0.00	 0.0	 -12.84	 -12.8	 -6.16	 -4.1	 -3.08	 -0.4	 -0.05	 2.7	 2.78	 5.5	 5.26	 8.0	 7.03	 9.8
 584.00	 -0.00	 0.0	 -0.00	 0.0	 -15.36	 -15.4	 -8.86	 -6.2	 -5.76	 -2.0	 -2.69	 1.3	 0.18	 4.2	 2.70	 6.7	 4.51	 8.5
 586.00	 -0.00	 0.0	 -0.00	 0.0	 -17.87	 -17.9	 -11.56	 -8.3	 -8.44	 -3.6	 -5.34	 0.0	 -2.42	 3.0	 0.15	 5.5	 1.99	 7.4
 588.00	 -0.00	 0.0	 -0.00	 0.0	 -20.38	 -20.4	 -14.25	 -10.3	 -11.12	 -5.2	 -7.98	 -1.2	 -5.02	 1.9	 -2.41	 4.5	 -0.53	 6.4
 590.00	 -0.00	 0.0	 -0.00	 0.0	 -22.89	 -22.9	 -16.94	 -12.4	 -13.79	 -6.8	 -10.62	 -2.4	 -7.62	 0.9	 -4.96	 3.5	 -3.05	 5.5
 592.00	 -0.00	 0.0	 -0.00	 0.0	 -25.39	 -25.4	 -19.64	 -14.5	 -16.47	 -8.4	 -13.26	 -3.6	 -10.22	 -0.0	 -7.52	 2.7	 -5.57	 4.6
 594.00	 -0.00	 0.0	 -0.00	 0.0	 -27.90	 -27.9	 -22.33	 -16.6	 -19.14	 -10.0	 -15.90	 -4.8	 -12.82	 -0.9	 -10.08	 1.9	 -8.09	 3.9
 596.00	 -0.00	 0.0	 -0.00	 0.0	 -30.40	 -30.4	 -25.02	 -18.7	 -21.82	 -11.6	 -18.55	 -6.0	 -15.42	 -1.8	 -12.63	 1.1	 -10.61	 3.2
 598.00	 -0.00	 0.0	 -0.00	 0.0	 -32.90	 -32.9	 -27.71	 -20.8	 -24.49	 -13.2	 -21.19	 -7.2	 -18.02	 -2.7	 -15.19	 0.5	 -13.13	 2.5
 600.00	 -0.00	 0.0	 -0.00	 0.0	 -35.40	 -35.4	 -30.40	 -22.9	 -27.17	 -14.8	 -23.83	 -8.4	 -20.62	 -3.6	 -17.74	 -0.2	 -15.65	 1.9
