#Time: 0.00Ma	 	#Time: 0.00Ma	#Time: 30.00Ma
> x(Km)	-w(m)	h(m)	# -w(m)	h(m)	# -w(m)	h(m)
 0.00	 -0.00	 0.0	 419.62	 0.0	 419.62	 0.0
 2.00	 -0.00	 0.0	 413.67	 0.0	 413.67	 0.0
 4.00	 -0.00	 0.0	 407.73	 0.0	 407.73	 0.0
 6.00	 -0.00	 0.0	 401.79	 0.0	 401.79	 0.0
 8.00	 -0.00	 0.0	 395.84	 0.0	 395.84	 0.0
 10.00	 -0.00	 0.0	 389.90	 0.0	 389.90	 0.0
 12.00	 -0.00	 0.0	 383.95	 0.0	 383.95	 0.0
 14.00	 -0.00	 0.0	 378.00	 0.0	 378.00	 0.0
 16.00	 -0.00	 0.0	 372.04	 0.0	 372.04	 0.0
 18.00	 -0.00	 0.0	 366.07	 0.0	 366.07	 0.0
 20.00	 -0.00	 0.0	 360.08	 0.0	 360.08	 0.0
 22.00	 -0.00	 0.0	 354.08	 0.0	 354.08	 0.0
 24.00	 -0.00	 0.0	 348.06	 0.0	 348.06	 0.0
 26.00	 -0.00	 0.0	 342.00	 0.0	 342.00	 0.0
 28.00	 -0.00	 0.0	 335.92	 0.0	 335.92	 0.0
 30.00	 -0.00	 0.0	 329.80	 0.0	 329.80	 0.0
 32.00	 -0.00	 0.0	 323.63	 0.0	 323.63	 0.0
 34.00	 -0.00	 0.0	 317.41	 0.0	 317.41	 0.0
 36.00	 -0.00	 0.0	 311.14	 0.0	 311.14	 0.0
 38.00	 -0.00	 0.0	 304.80	 0.0	 304.80	 0.0
 40.00	 -0.00	 0.0	 298.39	 0.0	 298.39	 0.0
 42.00	 -0.00	 0.0	 291.90	 0.0	 291.90	 0.0
 44.00	 -0.00	 0.0	 285.32	 0.0	 285.32	 0.0
 46.00	 -0.00	 0.0	 278.64	 0.0	 278.64	 0.0
 48.00	 -0.00	 0.0	 271.85	 0.0	 271.85	 0.0
 50.00	 -0.00	 0.0	 264.95	 0.0	 264.95	 0.0
 52.00	 -0.00	 0.0	 257.92	 0.0	 257.92	 0.0
 54.00	 -0.00	 0.0	 250.75	 0.0	 250.75	 0.0
 56.00	 -0.00	 0.0	 243.43	 0.0	 243.43	 0.0
 58.00	 -0.00	 0.0	 235.96	 0.0	 235.96	 0.0
 60.00	 -0.00	 0.0	 228.32	 0.0	 228.32	 0.0
 62.00	 -0.00	 0.0	 220.50	 0.0	 220.50	 0.0
 64.00	 -0.00	 0.0	 212.48	 0.0	 212.48	 0.0
 66.00	 -0.00	 0.0	 204.26	 0.0	 204.26	 0.0
 68.00	 -0.00	 0.0	 195.82	 0.0	 195.82	 0.0
 70.00	 -0.00	 0.0	 187.15	 0.0	 187.15	 0.0
 72.00	 -0.00	 0.0	 178.24	 0.0	 178.24	 0.0
 74.00	 -0.00	 0.0	 169.08	 0.0	 169.08	 0.0
 76.00	 -0.00	 0.0	 159.65	 0.0	 159.65	 0.0
 78.00	 -0.00	 0.0	 149.93	 0.0	 149.93	 0.0
 80.00	 -0.00	 0.0	 139.92	 0.0	 139.92	 0.0
 82.00	 -0.00	 0.0	 129.59	 0.0	 129.59	 0.0
 84.00	 -0.00	 0.0	 118.95	 0.0	 118.95	 0.0
 86.00	 -0.00	 0.0	 107.96	 0.0	 107.96	 0.0
 88.00	 -0.00	 0.0	 96.63	 0.0	 96.63	 0.0
 90.00	 -0.00	 0.0	 84.92	 0.0	 84.92	 0.0
 92.00	 -0.00	 0.0	 72.84	 0.0	 72.84	 0.0
 94.00	 -0.00	 0.0	 60.35	 0.0	 60.35	 0.0
 96.00	 -0.00	 0.0	 47.46	 0.0	 47.46	 0.0
 98.00	 -0.00	 0.0	 34.14	 0.0	 34.14	 0.0
 100.00	 -0.00	 0.0	 20.38	 0.0	 20.38	 0.0
 102.00	 -0.00	 0.0	 6.16	 0.0	 6.16	 0.0
 104.00	 -0.00	 0.0	 -8.52	 0.0	 -8.52	 0.0
 106.00	 -0.00	 0.0	 -23.70	 0.0	 -23.70	 0.0
 108.00	 -0.00	 0.0	 -39.37	 0.0	 -39.37	 0.0
 110.00	 -0.00	 0.0	 -55.56	 0.0	 -55.56	 0.0
 112.00	 -0.00	 0.0	 -72.29	 0.0	 -72.29	 0.0
 114.00	 -0.00	 0.0	 -89.56	 0.0	 -89.56	 0.0
 116.00	 -0.00	 0.0	 -107.38	 0.0	 -107.38	 0.0
 118.00	 -0.00	 0.0	 -125.79	 0.0	 -125.79	 0.0
 120.00	 -0.00	 0.0	 -144.78	 0.0	 -144.78	 0.0
 122.00	 -0.00	 0.0	 -164.38	 0.0	 -164.38	 0.0
 124.00	 -0.00	 0.0	 -184.60	 0.0	 -184.60	 0.0
 126.00	 -0.00	 0.0	 -205.45	 0.0	 -205.45	 0.0
 128.00	 -0.00	 0.0	 -226.95	 0.0	 -226.95	 0.0
 130.00	 -0.00	 0.0	 -249.11	 0.0	 -249.11	 0.0
 132.00	 -0.00	 0.0	 -271.94	 0.0	 -271.94	 0.0
 134.00	 -0.00	 0.0	 -295.45	 0.0	 -295.45	 0.0
 136.00	 -0.00	 0.0	 -319.67	 0.0	 -319.67	 0.0
 138.00	 -0.00	 0.0	 -344.59	 0.0	 -344.59	 0.0
 140.00	 -0.00	 0.0	 -370.24	 0.0	 -370.24	 0.0
 142.00	 -0.00	 0.0	 -396.63	 0.0	 -396.63	 0.0
 144.00	 -0.00	 0.0	 -423.75	 0.0	 -423.75	 0.0
 146.00	 -0.00	 0.0	 -451.63	 0.0	 -451.63	 0.0
 148.00	 -0.00	 0.0	 -480.28	 0.0	 -480.28	 0.0
 150.00	 -0.00	 0.0	 -509.70	 0.0	 -509.70	 0.0
 152.00	 -0.00	 0.0	 -539.91	 0.0	 -539.91	 0.0
 154.00	 -0.00	 0.0	 -570.90	 0.0	 -570.90	 0.0
 156.00	 -0.00	 0.0	 -602.70	 0.0	 -602.70	 0.0
 158.00	 -0.00	 0.0	 -635.29	 0.0	 -635.29	 0.0
 160.00	 -0.00	 0.0	 -668.70	 0.0	 -668.70	 0.0
 162.00	 -0.00	 0.0	 -702.93	 0.0	 -702.93	 0.0
 164.00	 -0.00	 0.0	 -737.97	 0.0	 -737.97	 0.0
 166.00	 -0.00	 0.0	 -773.84	 0.0	 -773.84	 0.0
 168.00	 -0.00	 0.0	 -810.54	 0.0	 -810.54	 0.0
 170.00	 -0.00	 0.0	 -848.06	 0.0	 -848.06	 0.0
 172.00	 -0.00	 0.0	 -886.41	 0.0	 -886.41	 0.0
 174.00	 -0.00	 0.0	 -925.59	 0.0	 -925.59	 0.0
 176.00	 -0.00	 0.0	 -965.59	 0.0	 -965.59	 0.0
 178.00	 -0.00	 0.0	 -1006.41	 0.0	 -1006.41	 0.0
 180.00	 -0.00	 0.0	 -1048.05	 0.0	 -1048.05	 0.0
 182.00	 -0.00	 0.0	 -1090.51	 0.0	 -1090.51	 0.0
 184.00	 -0.00	 0.0	 -1133.77	 0.0	 -1133.77	 0.0
 186.00	 -0.00	 0.0	 -1177.83	 0.0	 -1177.83	 0.0
 188.00	 -0.00	 0.0	 -1222.68	 0.0	 -1222.68	 0.0
 190.00	 -0.00	 0.0	 -1268.30	 0.0	 -1268.30	 0.0
 192.00	 -0.00	 0.0	 -1314.69	 0.0	 -1314.69	 0.0
 194.00	 -0.00	 0.0	 -1361.83	 0.0	 -1361.83	 0.0
 196.00	 -0.00	 0.0	 -1409.70	 0.0	 -1409.70	 0.0
 198.00	 -0.00	 0.0	 -1458.29	 0.0	 -1458.29	 0.0
 200.00	 -0.00	 0.0	 -1507.58	 0.0	 -1507.58	 0.0
 202.00	 -0.00	 0.0	 -1557.55	 0.0	 -1557.55	 0.0
 204.00	 -0.00	 0.0	 -1608.17	 0.0	 -1608.17	 0.0
 206.00	 -0.00	 0.0	 -1659.41	 0.0	 -1659.41	 0.0
 208.00	 -0.00	 0.0	 -1711.26	 0.0	 -1711.26	 0.0
 210.00	 -0.00	 0.0	 -1763.68	 0.0	 -1763.68	 0.0
 212.00	 -0.00	 0.0	 -1816.64	 0.0	 -1816.64	 0.0
 214.00	 -0.00	 0.0	 -1870.11	 0.0	 -1870.11	 0.0
 216.00	 -0.00	 0.0	 -1924.05	 0.0	 -1924.05	 0.0
 218.00	 -0.00	 0.0	 -1978.42	 0.0	 -1978.42	 0.0
 220.00	 -0.00	 0.0	 -2033.19	 0.0	 -2033.19	 0.0
 222.00	 -0.00	 0.0	 -2088.30	 0.0	 -2088.30	 0.0
 224.00	 -0.00	 0.0	 -2143.72	 0.0	 -2143.72	 0.0
 226.00	 -0.00	 0.0	 -2199.39	 0.0	 -2199.39	 0.0
 228.00	 -0.00	 0.0	 -2255.27	 0.0	 -2255.27	 0.0
 230.00	 -0.00	 0.0	 -2311.30	 0.0	 -2311.30	 0.0
 232.00	 -0.00	 0.0	 -2367.42	 0.0	 -2367.42	 0.0
 234.00	 -0.00	 0.0	 -2423.58	 0.0	 -2423.58	 0.0
 236.00	 -0.00	 0.0	 -2479.71	 0.0	 -2479.71	 0.0
 238.00	 -0.00	 0.0	 -2535.74	 0.0	 -2535.74	 0.0
 240.00	 -0.00	 0.0	 -2591.61	 0.0	 -2591.61	 0.0
 242.00	 -0.00	 0.0	 -2647.25	 0.0	 -2647.25	 0.0
 244.00	 -0.00	 0.0	 -2702.58	 0.0	 -2702.58	 0.0
 246.00	 -0.00	 0.0	 -2757.52	 0.0	 -2757.52	 0.0
 248.00	 -0.00	 0.0	 -2811.99	 0.0	 -2811.99	 0.0
 250.00	 -0.00	 0.0	 -2865.90	 0.0	 -2865.90	 0.0
 252.00	 -0.00	 0.0	 -2919.17	 0.0	 -2919.17	 0.0
 254.00	 -0.00	 0.0	 -2971.70	 0.0	 -2971.70	 0.0
 256.00	 -0.00	 0.0	 -3023.40	 0.0	 -3023.40	 0.0
 258.00	 -0.00	 0.0	 -3074.17	 0.0	 -3074.17	 0.0
 260.00	 -0.00	 0.0	 -3123.89	 0.0	 -3123.89	 0.0
 262.00	 -0.00	 100.0	 -3172.48	 100.0	 -3172.48	 100.0
 264.00	 -0.00	 200.0	 -3219.81	 200.0	 -3219.81	 200.0
 266.00	 -0.00	 300.0	 -3265.76	 300.0	 -3265.76	 300.0
 268.00	 -0.00	 400.0	 -3310.23	 400.0	 -3310.23	 400.0
 270.00	 -0.00	 500.0	 -3353.09	 500.0	 -3353.09	 500.0
 272.00	 -0.00	 600.0	 -3394.23	 600.0	 -3394.23	 600.0
 274.00	 -0.00	 700.0	 -3433.52	 700.0	 -3433.52	 700.0
 276.00	 -0.00	 800.0	 -3470.85	 800.0	 -3470.85	 800.0
 278.00	 -0.00	 900.0	 -3506.10	 900.0	 -3506.10	 900.0
 280.00	 -0.00	 1000.0	 -3539.17	 1000.0	 -3539.17	 1000.0
 282.00	 -0.00	 1100.0	 -3569.94	 1100.0	 -3569.94	 1100.0
 284.00	 -0.00	 1200.0	 -3598.30	 1200.0	 -3598.30	 1200.0
 286.00	 -0.00	 1300.0	 -3624.17	 1300.0	 -3624.17	 1300.0
 288.00	 -0.00	 1400.0	 -3647.45	 1400.0	 -3647.45	 1400.0
 290.00	 -0.00	 1500.0	 -3668.05	 1500.0	 -3668.05	 1500.0
 292.00	 -0.00	 1600.0	 -3685.90	 1600.0	 -3685.90	 1600.0
 294.00	 -0.00	 1700.0	 -3700.93	 1700.0	 -3700.93	 1700.0
 296.00	 -0.00	 1800.0	 -3713.08	 1800.0	 -3713.08	 1800.0
 298.00	 -0.00	 1900.0	 -3722.31	 1900.0	 -3722.31	 1900.0
 300.00	 -0.00	 2000.0	 -3728.58	 2000.0	 -3728.58	 2000.0
 302.00	 -0.00	 1920.0	 -3731.88	 1920.0	 -3731.88	 1920.0
 304.00	 -0.00	 1840.0	 -3732.18	 1840.0	 -3732.18	 1840.0
 306.00	 -0.00	 1760.0	 -3729.50	 1760.0	 -3729.50	 1760.0
 308.00	 -0.00	 1680.0	 -3723.86	 1680.0	 -3723.86	 1680.0
 310.00	 -0.00	 1600.0	 -3715.28	 1600.0	 -3715.28	 1600.0
 312.00	 -0.00	 1520.0	 -3703.80	 1520.0	 -3703.80	 1520.0
 314.00	 -0.00	 1440.0	 -3689.46	 1440.0	 -3689.46	 1440.0
 316.00	 -0.00	 1360.0	 -3672.34	 1360.0	 -3672.34	 1360.0
 318.00	 -0.00	 1280.0	 -3652.49	 1280.0	 -3652.49	 1280.0
 320.00	 -0.00	 1200.0	 -3629.98	 1200.0	 -3629.98	 1200.0
 322.00	 -0.00	 1120.0	 -3604.90	 1120.0	 -3604.90	 1120.0
 324.00	 -0.00	 1040.0	 -3577.35	 1040.0	 -3577.35	 1040.0
 326.00	 -0.00	 960.0	 -3547.40	 960.0	 -3547.40	 960.0
 328.00	 -0.00	 880.0	 -3515.15	 880.0	 -3515.15	 880.0
 330.00	 -0.00	 800.0	 -3480.72	 800.0	 -3480.72	 800.0
 332.00	 -0.00	 720.0	 -3444.21	 720.0	 -3444.21	 720.0
 334.00	 -0.00	 640.0	 -3405.72	 640.0	 -3405.72	 640.0
 336.00	 -0.00	 560.0	 -3365.38	 560.0	 -3365.38	 560.0
 338.00	 -0.00	 480.0	 -3323.28	 480.0	 -3323.28	 480.0
 340.00	 -0.00	 400.0	 -3279.55	 400.0	 -3279.55	 400.0
 342.00	 -0.00	 320.0	 -3234.29	 320.0	 -3234.29	 320.0
 344.00	 -0.00	 240.0	 -3187.63	 240.0	 -3187.63	 240.0
 346.00	 -0.00	 160.0	 -3139.68	 160.0	 -3139.68	 160.0
 348.00	 -0.00	 80.0	 -3090.54	 80.0	 -3090.54	 80.0
 350.00	 -0.00	 0.0	 -3040.32	 0.0	 -3040.32	 0.0
 352.00	 -0.00	 0.0	 -2989.13	 0.0	 -2989.13	 0.0
 354.00	 -0.00	 0.0	 -2937.07	 0.0	 -2937.07	 0.0
 356.00	 -0.00	 0.0	 -2884.24	 0.0	 -2884.24	 0.0
 358.00	 -0.00	 0.0	 -2830.74	 0.0	 -2830.74	 0.0
 360.00	 -0.00	 0.0	 -2776.64	 0.0	 -2776.64	 0.0
 362.00	 -0.00	 0.0	 -2722.04	 0.0	 -2722.04	 0.0
 364.00	 -0.00	 0.0	 -2667.02	 0.0	 -2667.02	 0.0
 366.00	 -0.00	 0.0	 -2611.66	 0.0	 -2611.66	 0.0
 368.00	 -0.00	 0.0	 -2556.03	 0.0	 -2556.03	 0.0
 370.00	 -0.00	 0.0	 -2500.22	 0.0	 -2500.22	 0.0
 372.00	 -0.00	 0.0	 -2444.28	 0.0	 -2444.28	 0.0
 374.00	 -0.00	 0.0	 -2388.29	 0.0	 -2388.29	 0.0
 376.00	 -0.00	 0.0	 -2332.30	 0.0	 -2332.30	 0.0
 378.00	 -0.00	 0.0	 -2276.39	 0.0	 -2276.39	 0.0
 380.00	 -0.00	 0.0	 -2220.60	 0.0	 -2220.60	 0.0
 382.00	 -0.00	 0.0	 -2165.00	 0.0	 -2165.00	 0.0
 384.00	 -0.00	 0.0	 -2109.62	 0.0	 -2109.62	 0.0
 386.00	 -0.00	 0.0	 -2054.53	 0.0	 -2054.53	 0.0
 388.00	 -0.00	 0.0	 -1999.77	 0.0	 -1999.77	 0.0
 390.00	 -0.00	 0.0	 -1945.38	 0.0	 -1945.38	 0.0
 392.00	 -0.00	 0.0	 -1891.40	 0.0	 -1891.40	 0.0
 394.00	 -0.00	 0.0	 -1837.87	 0.0	 -1837.87	 0.0
 396.00	 -0.00	 0.0	 -1784.83	 0.0	 -1784.83	 0.0
 398.00	 -0.00	 0.0	 -1732.32	 0.0	 -1732.32	 0.0
 400.00	 -0.00	 0.0	 -1680.36	 0.0	 -1680.36	 0.0
 402.00	 -0.00	 0.0	 -1628.98	 0.0	 -1628.98	 0.0
 404.00	 -0.00	 0.0	 -1578.22	 0.0	 -1578.22	 0.0
 406.00	 -0.00	 0.0	 -1528.09	 0.0	 -1528.09	 0.0
 408.00	 -0.00	 0.0	 -1478.63	 0.0	 -1478.63	 0.0
 410.00	 -0.00	 0.0	 -1429.84	 0.0	 -1429.84	 0.0
 412.00	 -0.00	 0.0	 -1381.76	 0.0	 -1381.76	 0.0
 414.00	 -0.00	 0.0	 -1334.40	 0.0	 -1334.40	 0.0
 416.00	 -0.00	 0.0	 -1287.77	 0.0	 -1287.77	 0.0
 418.00	 -0.00	 0.0	 -1241.90	 0.0	 -1241.90	 0.0
 420.00	 -0.00	 0.0	 -1196.79	 0.0	 -1196.79	 0.0
 422.00	 -0.00	 0.0	 -1152.45	 0.0	 -1152.45	 0.0
 424.00	 -0.00	 0.0	 -1108.90	 0.0	 -1108.90	 0.0
 426.00	 -0.00	 0.0	 -1066.14	 0.0	 -1066.14	 0.0
 428.00	 -0.00	 0.0	 -1024.19	 0.0	 -1024.19	 0.0
 430.00	 -0.00	 0.0	 -983.03	 0.0	 -983.03	 0.0
 432.00	 -0.00	 0.0	 -942.69	 0.0	 -942.69	 0.0
 434.00	 -0.00	 0.0	 -903.16	 0.0	 -903.16	 0.0
 436.00	 -0.00	 0.0	 -864.45	 0.0	 -864.45	 0.0
 438.00	 -0.00	 0.0	 -826.55	 0.0	 -826.55	 0.0
 440.00	 -0.00	 0.0	 -789.46	 0.0	 -789.46	 0.0
 442.00	 -0.00	 0.0	 -753.19	 0.0	 -753.19	 0.0
 444.00	 -0.00	 0.0	 -717.73	 0.0	 -717.73	 0.0
 446.00	 -0.00	 0.0	 -683.08	 0.0	 -683.08	 0.0
 448.00	 -0.00	 0.0	 -649.24	 0.0	 -649.24	 0.0
 450.00	 -0.00	 0.0	 -616.19	 0.0	 -616.19	 0.0
 452.00	 -0.00	 0.0	 -583.93	 0.0	 -583.93	 0.0
 454.00	 -0.00	 0.0	 -552.47	 0.0	 -552.47	 0.0
 456.00	 -0.00	 0.0	 -521.78	 0.0	 -521.78	 0.0
 458.00	 -0.00	 0.0	 -491.86	 0.0	 -491.86	 0.0
 460.00	 -0.00	 0.0	 -462.70	 0.0	 -462.70	 0.0
 462.00	 -0.00	 0.0	 -434.29	 0.0	 -434.29	 0.0
 464.00	 -0.00	 0.0	 -406.63	 0.0	 -406.63	 0.0
 466.00	 -0.00	 0.0	 -379.70	 0.0	 -379.70	 0.0
 468.00	 -0.00	 0.0	 -353.49	 0.0	 -353.49	 0.0
 470.00	 -0.00	 0.0	 -327.99	 0.0	 -327.99	 0.0
 472.00	 -0.00	 0.0	 -303.18	 0.0	 -303.18	 0.0
 474.00	 -0.00	 0.0	 -279.07	 0.0	 -279.07	 0.0
 476.00	 -0.00	 0.0	 -255.62	 0.0	 -255.62	 0.0
 478.00	 -0.00	 0.0	 -232.83	 0.0	 -232.83	 0.0
 480.00	 -0.00	 0.0	 -210.69	 0.0	 -210.69	 0.0
 482.00	 -0.00	 0.0	 -189.18	 0.0	 -189.18	 0.0
 484.00	 -0.00	 0.0	 -168.28	 0.0	 -168.28	 0.0
 486.00	 -0.00	 0.0	 -148.00	 0.0	 -148.00	 0.0
 488.00	 -0.00	 0.0	 -128.29	 0.0	 -128.29	 0.0
 490.00	 -0.00	 0.0	 -109.17	 0.0	 -109.17	 0.0
 492.00	 -0.00	 0.0	 -90.60	 0.0	 -90.60	 0.0
 494.00	 -0.00	 0.0	 -72.58	 0.0	 -72.58	 0.0
 496.00	 -0.00	 0.0	 -55.09	 0.0	 -55.09	 0.0
 498.00	 -0.00	 0.0	 -38.11	 0.0	 -38.11	 0.0
 500.00	 -0.00	 0.0	 -21.63	 0.0	 -21.63	 0.0
 502.00	 -0.00	 0.0	 -5.64	 0.0	 -5.64	 0.0
 504.00	 -0.00	 0.0	 9.89	 0.0	 9.89	 0.0
 506.00	 -0.00	 0.0	 24.96	 0.0	 24.96	 0.0
 508.00	 -0.00	 0.0	 39.60	 0.0	 39.60	 0.0
 510.00	 -0.00	 0.0	 53.81	 0.0	 53.81	 0.0
 512.00	 -0.00	 0.0	 67.61	 0.0	 67.61	 0.0
 514.00	 -0.00	 0.0	 81.02	 0.0	 81.02	 0.0
 516.00	 -0.00	 0.0	 94.06	 0.0	 94.06	 0.0
 518.00	 -0.00	 0.0	 106.73	 0.0	 106.73	 0.0
 520.00	 -0.00	 0.0	 119.06	 0.0	 119.06	 0.0
 522.00	 -0.00	 0.0	 131.05	 0.0	 131.05	 0.0
 524.00	 -0.00	 0.0	 142.72	 0.0	 142.72	 0.0
 526.00	 -0.00	 0.0	 154.09	 0.0	 154.09	 0.0
 528.00	 -0.00	 0.0	 165.17	 0.0	 165.17	 0.0
 530.00	 -0.00	 0.0	 175.98	 0.0	 175.98	 0.0
 532.00	 -0.00	 0.0	 186.52	 0.0	 186.52	 0.0
 534.00	 -0.00	 0.0	 196.81	 0.0	 196.81	 0.0
 536.00	 -0.00	 0.0	 206.87	 0.0	 206.87	 0.0
 538.00	 -0.00	 0.0	 216.71	 0.0	 216.71	 0.0
 540.00	 -0.00	 0.0	 226.34	 0.0	 226.34	 0.0
 542.00	 -0.00	 0.0	 235.77	 0.0	 235.77	 0.0
 544.00	 -0.00	 0.0	 245.02	 0.0	 245.02	 0.0
 546.00	 -0.00	 0.0	 254.10	 0.0	 254.10	 0.0
 548.00	 -0.00	 0.0	 263.01	 0.0	 263.01	 0.0
 550.00	 -0.00	 0.0	 271.78	 0.0	 271.78	 0.0
 552.00	 -0.00	 0.0	 280.41	 0.0	 280.41	 0.0
 554.00	 -0.00	 0.0	 288.91	 0.0	 288.91	 0.0
 556.00	 -0.00	 0.0	 297.29	 0.0	 297.29	 0.0
 558.00	 -0.00	 0.0	 305.57	 0.0	 305.57	 0.0
 560.00	 -0.00	 0.0	 313.75	 0.0	 313.75	 0.0
 562.00	 -0.00	 0.0	 321.84	 0.0	 321.84	 0.0
 564.00	 -0.00	 0.0	 329.85	 0.0	 329.85	 0.0
 566.00	 -0.00	 0.0	 337.79	 0.0	 337.79	 0.0
 568.00	 -0.00	 0.0	 345.67	 0.0	 345.67	 0.0
 570.00	 -0.00	 0.0	 353.49	 0.0	 353.49	 0.0
 572.00	 -0.00	 0.0	 361.26	 0.0	 361.26	 0.0
 574.00	 -0.00	 0.0	 368.99	 0.0	 368.99	 0.0
 576.00	 -0.00	 0.0	 376.69	 0.0	 376.69	 0.0
 578.00	 -0.00	 0.0	 384.35	 0.0	 384.35	 0.0
 580.00	 -0.00	 0.0	 391.99	 0.0	 391.99	 0.0
 582.00	 -0.00	 0.0	 399.61	 0.0	 399.61	 0.0
 584.00	 -0.00	 0.0	 407.22	 0.0	 407.22	 0.0
 586.00	 -0.00	 0.0	 414.81	 0.0	 414.81	 0.0
 588.00	 -0.00	 0.0	 422.40	 0.0	 422.40	 0.0
 590.00	 -0.00	 0.0	 429.98	 0.0	 429.98	 0.0
 592.00	 -0.00	 0.0	 437.56	 0.0	 437.56	 0.0
 594.00	 -0.00	 0.0	 445.13	 0.0	 445.13	 0.0
 596.00	 -0.00	 0.0	 452.71	 0.0	 452.71	 0.0
 598.00	 -0.00	 0.0	 460.28	 0.0	 460.28	 0.0
 600.00	 -0.00	 0.0	 467.86	 0.0	 467.86	 0.0
