117.8 83.7 0.00
108.5 94.9 1.00
105.0 100.7 2.00
102.0 106.3 3.00
99.2 111.7 4.00
96.8 117.0 5.00
94.8 122.0 6.00
92.8 126.8 7.00
91.0 131.3 8.00
89.5 135.6 9.00
88.0 139.7 10.00
86.8 143.7 11.00
85.5 147.4 12.00
84.2 151.0 13.00
83.2 154.4 14.00
82.0 157.6 15.00
81.2 160.8 16.00
80.2 163.8 17.00
79.2 166.7 18.00
78.5 169.4 19.00
77.8 172.1 20.00
77.0 174.7 21.00
76.2 177.2 22.00
75.5 179.6 23.00
75.0 181.9 24.00
74.2 184.2 25.00
73.8 186.4 26.00
73.0 188.5 27.00
72.5 190.6 28.00
72.0 192.6 29.00
71.5 194.6 30.00
71.0 196.5 31.00
70.5 198.4 32.00
70.0 200.2 33.00
69.5 202.0 34.00
69.2 203.7 35.00
68.8 205.4 36.00
68.2 207.1 37.00
68.0 208.7 38.00
67.5 210.3 39.00
67.2 211.9 40.00
66.8 213.4 41.00
66.5 214.9 42.00
66.0 216.4 43.00
65.8 217.8 44.00
65.5 219.2 45.00
65.0 220.6 46.00
64.8 222.0 47.00
64.5 223.4 48.00
64.2 224.7 49.00
63.8 226.0 50.00
