96.5 261.8 0.00
86.5 272.7 1.00
82.5 279.6 2.00
79.5 286.8 3.00
76.5 293.7 4.00
73.5 300.4 5.00
71.5 306.5 6.00
69.5 312.2 7.00
67.5 317.3 8.00
65.5 321.8 9.00
64.0 325.9 10.00
62.5 329.5 11.00
61.5 332.7 12.00
60.0 335.4 13.00
59.0 337.9 14.00
58.0 340 15.00
57.0 341.8 16.00
56.0 343.3 17.00
55.0 344.6 18.00
54.5 345.7 19.00
53.5 346.7 20.00
53.0 347.4 21.00
52.0 348.1 22.00
51.5 348.6 23.00
51.0 348.9 24.00
50.0 349.2 25.00
49.5 349.4 26.00
49.0 349.5 27.00
48.5 349.5 28.00
48.0 349.5 29.00
47.5 349.4 30.00
47.0 349.2 31.00
46.5 349 32.00
46.5 348.8 33.00
46.0 348.5 34.00
45.5 348.2 35.00
45.0 347.9 36.00
44.5 347.5 37.00
44.5 347.1 38.00
44.0 346.7 39.00
43.5 346.2 40.00
43.5 345.7 41.00
43.0 345.3 42.00
42.5 344.8 43.00
42.5 344.3 44.00
42.0 343.7 45.00
42.0 343.2 46.00
41.5 342.7 47.00
41.0 342.1 48.00
41.0 341.6 49.00
40.5 341 50.00
