52.0 226.9 0.00
46.0 230 1.00
44.0 232.8 2.00
42.0 235.9 3.00
40.5 238.8 4.00
39.0 241.5 5.00
37.5 243.9 6.00
36.5 246 7.00
35.5 247.6 8.00
34.5 248.9 9.00
33.5 249.8 10.00
32.5 250.4 11.00
32.0 250.8 12.00
31.5 250.8 13.00
30.5 250.6 14.00
30.0 250.3 15.00
29.5 249.7 16.00
29.0 249 17.00
28.5 248.1 18.00
28.0 247.2 19.00
27.5 246.1 20.00
27.5 245 21.00
27.0 243.8 22.00
26.5 242.5 23.00
26.5 241.2 24.00
26.0 239.9 25.00
25.5 238.4 26.00
25.5 237.1 27.00
25.0 235.6 28.00
25.0 234.2 29.00
24.5 232.8 30.00
24.5 231.3 31.00
24.0 229.9 32.00
24.0 228.4 33.00
24.0 227 34.00
23.5 225.6 35.00
23.5 224.1 36.00
23.0 222.7 37.00
23.0 221.3 38.00
23.0 219.9 39.00
22.5 218.5 40.00
22.5 217.2 41.00
22.5 215.8 42.00
22.0 214.4 43.00
22.0 213.1 44.00
22.0 211.8 45.00
22.0 210.4 46.00
21.5 209.2 47.00
21.5 207.9 48.00
21.5 206.7 49.00
21.5 205.4 50.00
