70.0 141.0 0.00
64.8 160.3 1.00
62.5 170.1 2.00
60.8 179.5 3.00
59.0 188.7 4.00
57.8 197.5 5.00
56.5 206.0 6.00
55.2 214.0 7.00
54.2 221.7 8.00
53.2 229.0 9.00
52.5 235.9 10.00
51.8 242.5 11.00
51.0 248.9 12.00
50.2 254.9 13.00
49.5 260.7 14.00
49.0 266.2 15.00
48.2 271.5 16.00
47.8 276.6 17.00
47.2 281.5 18.00
46.8 286.3 19.00
46.2 290.8 20.00
46.0 295.2 21.00
45.5 299.4 22.00
45.0 303.5 23.00
44.8 307.5 24.00
44.2 311.3 25.00
44.0 315.1 26.00
43.5 318.7 27.00
43.2 322.2 28.00
43.0 325.6 29.00
42.8 329.0 30.00
42.2 332.2 31.00
42.0 335.4 32.00
41.8 338.5 33.00
41.5 341.5 34.00
41.2 344.4 35.00
41.0 347.3 36.00
40.8 350.1 37.00
40.5 352.9 38.00
40.2 355.6 39.00
40.0 358.2 40.00
39.8 360.8 41.00
39.5 363.4 42.00
39.5 365.9 43.00
39.2 368.3 44.00
39.0 370.7 45.00
38.8 373.1 46.00
38.8 375.4 47.00
38.5 377.7 48.00
38.2 379.9 49.00
38.0 382.1 50.00
