#Time: 0.00Ma	 	#Time: 0.00Ma	#Time: 0.00Ma
> x(Km)	-w(m)	h(m)	# -w(m)	h(m)	# -w(m)	h(m)
 0.00	 -0.00	 0.0	 -0.00	 0.0	 -5152.53	 -5152.5
 0.20	 -0.00	 0.0	 -0.00	 0.0	 -5117.82	 -5117.8
 0.40	 -0.00	 0.0	 -0.00	 0.0	 -5083.11	 -5083.1
 0.60	 -0.00	 0.0	 -0.00	 0.0	 -5048.40	 -5048.4
 0.80	 -0.00	 0.0	 -0.00	 0.0	 -5013.70	 -5013.7
 1.00	 -0.00	 0.0	 -0.00	 0.0	 -4979.00	 -4979.0
 1.20	 -0.00	 0.0	 -0.00	 0.0	 -4944.32	 -4944.3
 1.40	 -0.00	 0.0	 -0.00	 0.0	 -4909.65	 -4909.6
 1.60	 -0.00	 0.0	 -0.00	 0.0	 -4874.99	 -4875.0
 1.80	 -0.00	 0.0	 -0.00	 0.0	 -4840.36	 -4840.4
 2.00	 -0.00	 0.0	 -0.00	 0.0	 -4805.75	 -4805.8
 2.20	 -0.00	 0.0	 -0.00	 0.0	 -4771.16	 -4771.2
 2.40	 -0.00	 0.0	 -0.00	 0.0	 -4736.61	 -4736.6
 2.60	 -0.00	 0.0	 -0.00	 0.0	 -4702.08	 -4702.1
 2.80	 -0.00	 0.0	 -0.00	 0.0	 -4667.59	 -4667.6
 3.00	 -0.00	 0.0	 -0.00	 0.0	 -4633.14	 -4633.1
 3.20	 -0.00	 0.0	 -0.00	 0.0	 -4598.72	 -4598.7
 3.40	 -0.00	 0.0	 -0.00	 0.0	 -4564.35	 -4564.3
 3.60	 -0.00	 0.0	 -0.00	 0.0	 -4530.02	 -4530.0
 3.80	 -0.00	 0.0	 -0.00	 0.0	 -4495.74	 -4495.7
 4.00	 -0.00	 0.0	 -0.00	 0.0	 -4461.51	 -4461.5
 4.20	 -0.00	 0.0	 -0.00	 0.0	 -4427.33	 -4427.3
 4.40	 -0.00	 0.0	 -0.00	 0.0	 -4393.20	 -4393.2
 4.60	 -0.00	 0.0	 -0.00	 0.0	 -4359.14	 -4359.1
 4.80	 -0.00	 0.0	 -0.00	 0.0	 -4325.13	 -4325.1
 5.00	 -0.00	 0.0	 -0.00	 0.0	 -4291.19	 -4291.2
 5.20	 -0.00	 0.0	 -0.00	 0.0	 -4257.30	 -4257.3
 5.40	 -0.00	 0.0	 -0.00	 0.0	 -4223.49	 -4223.5
 5.60	 -0.00	 0.0	 -0.00	 0.0	 -4189.75	 -4189.7
 5.80	 -0.00	 0.0	 -0.00	 0.0	 -4156.07	 -4156.1
 6.00	 -0.00	 0.0	 -0.00	 0.0	 -4122.47	 -4122.5
 6.20	 -0.00	 0.0	 -0.00	 0.0	 -4088.94	 -4088.9
 6.40	 -0.00	 0.0	 -0.00	 0.0	 -4055.49	 -4055.5
 6.60	 -0.00	 0.0	 -0.00	 0.0	 -4022.12	 -4022.1
 6.80	 -0.00	 0.0	 -0.00	 0.0	 -3988.84	 -3988.8
 7.00	 -0.00	 0.0	 -0.00	 0.0	 -3955.63	 -3955.6
 7.20	 -0.00	 0.0	 -0.00	 0.0	 -3922.51	 -3922.5
 7.40	 -0.00	 0.0	 -0.00	 0.0	 -3889.48	 -3889.5
 7.60	 -0.00	 0.0	 -0.00	 0.0	 -3856.53	 -3856.5
 7.80	 -0.00	 0.0	 -0.00	 0.0	 -3823.68	 -3823.7
 8.00	 -0.00	 0.0	 -0.00	 0.0	 -3790.92	 -3790.9
 8.20	 -0.00	 0.0	 -0.00	 0.0	 -3758.25	 -3758.2
 8.40	 -0.00	 0.0	 -0.00	 0.0	 -3725.68	 -3725.7
 8.60	 -0.00	 0.0	 -0.00	 0.0	 -3693.20	 -3693.2
 8.80	 -0.00	 0.0	 -0.00	 0.0	 -3660.83	 -3660.8
 9.00	 -0.00	 0.0	 -0.00	 0.0	 -3628.55	 -3628.6
 9.20	 -0.00	 0.0	 -0.00	 0.0	 -3596.38	 -3596.4
 9.40	 -0.00	 0.0	 -0.00	 0.0	 -3564.31	 -3564.3
 9.60	 -0.00	 0.0	 -0.00	 0.0	 -3532.35	 -3532.4
 9.80	 -0.00	 0.0	 -0.00	 0.0	 -3500.50	 -3500.5
 10.00	 -0.00	 0.0	 -0.00	 0.0	 -3468.75	 -3468.8
 10.20	 -0.00	 0.0	 -0.00	 0.0	 -3437.12	 -3437.1
 10.40	 -0.00	 0.0	 -0.00	 0.0	 -3405.59	 -3405.6
 10.60	 -0.00	 0.0	 -0.00	 0.0	 -3374.18	 -3374.2
 10.80	 -0.00	 0.0	 -0.00	 0.0	 -3342.89	 -3342.9
 11.00	 -0.00	 0.0	 -0.00	 0.0	 -3311.71	 -3311.7
 11.20	 -0.00	 0.0	 -0.00	 0.0	 -3280.64	 -3280.6
 11.40	 -0.00	 0.0	 -0.00	 0.0	 -3249.70	 -3249.7
 11.60	 -0.00	 0.0	 -0.00	 0.0	 -3218.87	 -3218.9
 11.80	 -0.00	 0.0	 -0.00	 0.0	 -3188.16	 -3188.2
 12.00	 -0.00	 0.0	 -0.00	 0.0	 -3157.58	 -3157.6
 12.20	 -0.00	 0.0	 -0.00	 0.0	 -3127.12	 -3127.1
 12.40	 -0.00	 0.0	 -0.00	 0.0	 -3096.78	 -3096.8
 12.60	 -0.00	 0.0	 -0.00	 0.0	 -3066.57	 -3066.6
 12.80	 -0.00	 0.0	 -0.00	 0.0	 -3036.48	 -3036.5
 13.00	 -0.00	 0.0	 -0.00	 0.0	 -3006.53	 -3006.5
 13.20	 -0.00	 0.0	 -0.00	 0.0	 -2976.70	 -2976.7
 13.40	 -0.00	 0.0	 -0.00	 0.0	 -2947.00	 -2947.0
 13.60	 -0.00	 0.0	 -0.00	 0.0	 -2917.43	 -2917.4
 13.80	 -0.00	 0.0	 -0.00	 0.0	 -2887.99	 -2888.0
 14.00	 -0.00	 0.0	 -0.00	 0.0	 -2858.68	 -2858.7
 14.20	 -0.00	 0.0	 -0.00	 0.0	 -2829.51	 -2829.5
 14.40	 -0.00	 0.0	 -0.00	 0.0	 -2800.47	 -2800.5
 14.60	 -0.00	 0.0	 -0.00	 0.0	 -2771.57	 -2771.6
 14.80	 -0.00	 0.0	 -0.00	 0.0	 -2742.80	 -2742.8
 15.00	 -0.00	 0.0	 -0.00	 0.0	 -2714.17	 -2714.2
 15.20	 -0.00	 0.0	 -0.00	 0.0	 -2685.68	 -2685.7
 15.40	 -0.00	 0.0	 -0.00	 0.0	 -2657.32	 -2657.3
 15.60	 -0.00	 0.0	 -0.00	 0.0	 -2629.10	 -2629.1
 15.80	 -0.00	 0.0	 -0.00	 0.0	 -2601.03	 -2601.0
 16.00	 -0.00	 0.0	 -0.00	 0.0	 -2573.09	 -2573.1
 16.20	 -0.00	 0.0	 -0.00	 0.0	 -2545.29	 -2545.3
 16.40	 -0.00	 0.0	 -0.00	 0.0	 -2517.64	 -2517.6
 16.60	 -0.00	 0.0	 -0.00	 0.0	 -2490.13	 -2490.1
 16.80	 -0.00	 0.0	 -0.00	 0.0	 -2462.76	 -2462.8
 17.00	 -0.00	 0.0	 -0.00	 0.0	 -2435.53	 -2435.5
 17.20	 -0.00	 0.0	 -0.00	 0.0	 -2408.45	 -2408.5
 17.40	 -0.00	 0.0	 -0.00	 0.0	 -2381.51	 -2381.5
 17.60	 -0.00	 0.0	 -0.00	 0.0	 -2354.72	 -2354.7
 17.80	 -0.00	 0.0	 -0.00	 0.0	 -2328.08	 -2328.1
 18.00	 -0.00	 0.0	 -0.00	 0.0	 -2301.58	 -2301.6
 18.20	 -0.00	 0.0	 -0.00	 0.0	 -2275.22	 -2275.2
 18.40	 -0.00	 0.0	 -0.00	 0.0	 -2249.01	 -2249.0
 18.60	 -0.00	 0.0	 -0.00	 0.0	 -2222.96	 -2223.0
 18.80	 -0.00	 0.0	 -0.00	 0.0	 -2197.04	 -2197.0
 19.00	 -0.00	 0.0	 -0.00	 0.0	 -2171.28	 -2171.3
 19.20	 -0.00	 0.0	 -0.00	 0.0	 -2145.66	 -2145.7
 19.40	 -0.00	 0.0	 -0.00	 0.0	 -2120.20	 -2120.2
 19.60	 -0.00	 0.0	 -0.00	 0.0	 -2094.88	 -2094.9
 19.80	 -0.00	 0.0	 -0.00	 0.0	 -2069.71	 -2069.7
 20.00	 -0.00	 0.0	 -0.00	 0.0	 -2044.70	 -2044.7
 20.20	 -0.00	 0.0	 -0.00	 0.0	 -2019.83	 -2019.8
 20.40	 -0.00	 0.0	 -0.00	 0.0	 -1995.11	 -1995.1
 20.60	 -0.00	 0.0	 -0.00	 0.0	 -1970.55	 -1970.5
 20.80	 -0.00	 0.0	 -0.00	 0.0	 -1946.13	 -1946.1
 21.00	 -0.00	 0.0	 -0.00	 0.0	 -1921.87	 -1921.9
 21.20	 -0.00	 0.0	 -0.00	 0.0	 -1897.75	 -1897.8
 21.40	 -0.00	 0.0	 -0.00	 0.0	 -1873.79	 -1873.8
 21.60	 -0.00	 0.0	 -0.00	 0.0	 -1849.98	 -1850.0
 21.80	 -0.00	 0.0	 -0.00	 0.0	 -1826.32	 -1826.3
 22.00	 -0.00	 0.0	 -0.00	 0.0	 -1802.81	 -1802.8
 22.20	 -0.00	 0.0	 -0.00	 0.0	 -1779.46	 -1779.5
 22.40	 -0.00	 0.0	 -0.00	 0.0	 -1756.25	 -1756.3
 22.60	 -0.00	 0.0	 -0.00	 0.0	 -1733.20	 -1733.2
 22.80	 -0.00	 0.0	 -0.00	 0.0	 -1710.30	 -1710.3
 23.00	 -0.00	 0.0	 -0.00	 0.0	 -1687.56	 -1687.6
 23.20	 -0.00	 0.0	 -0.00	 0.0	 -1664.96	 -1665.0
 23.40	 -0.00	 0.0	 -0.00	 0.0	 -1642.52	 -1642.5
 23.60	 -0.00	 0.0	 -0.00	 0.0	 -1620.23	 -1620.2
 23.80	 -0.00	 0.0	 -0.00	 0.0	 -1598.09	 -1598.1
 24.00	 -0.00	 0.0	 -0.00	 0.0	 -1576.11	 -1576.1
 24.20	 -0.00	 0.0	 -0.00	 0.0	 -1554.27	 -1554.3
 24.40	 -0.00	 0.0	 -0.00	 0.0	 -1532.59	 -1532.6
 24.60	 -0.00	 0.0	 -0.00	 0.0	 -1511.06	 -1511.1
 24.80	 -0.00	 0.0	 -0.00	 0.0	 -1489.68	 -1489.7
 25.00	 -0.00	 0.0	 -0.00	 0.0	 -1468.46	 -1468.5
 25.20	 -0.00	 0.0	 -0.00	 0.0	 -1447.38	 -1447.4
 25.40	 -0.00	 0.0	 -0.00	 0.0	 -1426.46	 -1426.5
 25.60	 -0.00	 0.0	 -0.00	 0.0	 -1405.69	 -1405.7
 25.80	 -0.00	 0.0	 -0.00	 0.0	 -1385.07	 -1385.1
 26.00	 -0.00	 0.0	 -0.00	 0.0	 -1364.61	 -1364.6
 26.20	 -0.00	 0.0	 -0.00	 0.0	 -1344.29	 -1344.3
 26.40	 -0.00	 0.0	 -0.00	 0.0	 -1324.12	 -1324.1
 26.60	 -0.00	 0.0	 -0.00	 0.0	 -1304.11	 -1304.1
 26.80	 -0.00	 0.0	 -0.00	 0.0	 -1284.25	 -1284.2
 27.00	 -0.00	 0.0	 -0.00	 0.0	 -1264.53	 -1264.5
 27.20	 -0.00	 0.0	 -0.00	 0.0	 -1244.97	 -1245.0
 27.40	 -0.00	 0.0	 -0.00	 0.0	 -1225.56	 -1225.6
 27.60	 -0.00	 0.0	 -0.00	 0.0	 -1206.29	 -1206.3
 27.80	 -0.00	 0.0	 -0.00	 0.0	 -1187.18	 -1187.2
 28.00	 -0.00	 0.0	 -0.00	 0.0	 -1168.21	 -1168.2
 28.20	 -0.00	 0.0	 -0.00	 0.0	 -1149.40	 -1149.4
 28.40	 -0.00	 0.0	 -0.00	 0.0	 -1130.73	 -1130.7
 28.60	 -0.00	 0.0	 -0.00	 0.0	 -1112.21	 -1112.2
 28.80	 -0.00	 0.0	 -0.00	 0.0	 -1093.84	 -1093.8
 29.00	 -0.00	 0.0	 -0.00	 0.0	 -1075.62	 -1075.6
 29.20	 -0.00	 0.0	 -0.00	 0.0	 -1057.54	 -1057.5
 29.40	 -0.00	 0.0	 -0.00	 0.0	 -1039.61	 -1039.6
 29.60	 -0.00	 0.0	 -0.00	 0.0	 -1021.83	 -1021.8
 29.80	 -0.00	 0.0	 -0.00	 0.0	 -1004.19	 -1004.2
 30.00	 -0.00	 0.0	 -0.00	 0.0	 -986.70	 -986.7
 30.20	 -0.00	 0.0	 -0.00	 0.0	 -969.36	 -969.4
 30.40	 -0.00	 0.0	 -0.00	 0.0	 -952.16	 -952.2
 30.60	 -0.00	 0.0	 -0.00	 0.0	 -935.11	 -935.1
 30.80	 -0.00	 0.0	 -0.00	 0.0	 -918.20	 -918.2
 31.00	 -0.00	 0.0	 -0.00	 0.0	 -901.43	 -901.4
 31.20	 -0.00	 0.0	 -0.00	 0.0	 -884.81	 -884.8
 31.40	 -0.00	 0.0	 -0.00	 0.0	 -868.33	 -868.3
 31.60	 -0.00	 0.0	 -0.00	 0.0	 -852.00	 -852.0
 31.80	 -0.00	 0.0	 -0.00	 0.0	 -835.81	 -835.8
 32.00	 -0.00	 0.0	 -0.00	 0.0	 -819.76	 -819.8
 32.20	 -0.00	 0.0	 -0.00	 0.0	 -803.85	 -803.8
 32.40	 -0.00	 0.0	 -0.00	 0.0	 -788.08	 -788.1
 32.60	 -0.00	 0.0	 -0.00	 0.0	 -772.45	 -772.5
 32.80	 -0.00	 0.0	 -0.00	 0.0	 -756.96	 -757.0
 33.00	 -0.00	 0.0	 -0.00	 0.0	 -741.62	 -741.6
 33.20	 -0.00	 0.0	 -0.00	 0.0	 -726.41	 -726.4
 33.40	 -0.00	 0.0	 -0.00	 0.0	 -711.34	 -711.3
 33.60	 -0.00	 0.0	 -0.00	 0.0	 -696.41	 -696.4
 33.80	 -0.00	 0.0	 -0.00	 0.0	 -681.61	 -681.6
 34.00	 -0.00	 0.0	 -0.00	 0.0	 -666.96	 -667.0
 34.20	 -0.00	 0.0	 -0.00	 0.0	 -652.44	 -652.4
 34.40	 -0.00	 0.0	 -0.00	 0.0	 -638.06	 -638.1
 34.60	 -0.00	 0.0	 -0.00	 0.0	 -623.81	 -623.8
 34.80	 -0.00	 0.0	 -0.00	 0.0	 -609.70	 -609.7
 35.00	 -0.00	 0.0	 -0.00	 0.0	 -595.72	 -595.7
 35.20	 -0.00	 0.0	 -0.00	 0.0	 -581.88	 -581.9
 35.40	 -0.00	 0.0	 -0.00	 0.0	 -568.17	 -568.2
 35.60	 -0.00	 0.0	 -0.00	 0.0	 -554.59	 -554.6
 35.80	 -0.00	 0.0	 -0.00	 0.0	 -541.14	 -541.1
 36.00	 -0.00	 0.0	 -0.00	 0.0	 -527.83	 -527.8
 36.20	 -0.00	 0.0	 -0.00	 0.0	 -514.65	 -514.7
 36.40	 -0.00	 0.0	 -0.00	 0.0	 -501.60	 -501.6
 36.60	 -0.00	 0.0	 -0.00	 0.0	 -488.68	 -488.7
 36.80	 -0.00	 0.0	 -0.00	 0.0	 -475.89	 -475.9
 37.00	 -0.00	 0.0	 -0.00	 0.0	 -463.23	 -463.2
 37.20	 -0.00	 0.0	 -0.00	 0.0	 -450.70	 -450.7
 37.40	 -0.00	 0.0	 -0.00	 0.0	 -438.30	 -438.3
 37.60	 -0.00	 0.0	 -0.00	 0.0	 -426.02	 -426.0
 37.80	 -0.00	 0.0	 -0.00	 0.0	 -413.87	 -413.9
 38.00	 -0.00	 0.0	 -0.00	 0.0	 -401.84	 -401.8
 38.20	 -0.00	 0.0	 -0.00	 0.0	 -389.95	 -389.9
 38.40	 -0.00	 0.0	 -0.00	 0.0	 -378.17	 -378.2
 38.60	 -0.00	 0.0	 -0.00	 0.0	 -366.52	 -366.5
 38.80	 -0.00	 0.0	 -0.00	 0.0	 -355.00	 -355.0
 39.00	 -0.00	 0.0	 -0.00	 0.0	 -343.60	 -343.6
 39.20	 -0.00	 0.0	 -0.00	 0.0	 -332.32	 -332.3
 39.40	 -0.00	 0.0	 -0.00	 0.0	 -321.16	 -321.2
 39.60	 -0.00	 0.0	 -0.00	 0.0	 -310.12	 -310.1
 39.80	 -0.00	 0.0	 -0.00	 0.0	 -299.21	 -299.2
 40.00	 -0.00	 0.0	 -0.00	 0.0	 -288.41	 -288.4
 40.20	 -0.00	 0.0	 -0.00	 0.0	 -277.74	 -277.7
 40.40	 -0.00	 0.0	 -0.00	 0.0	 -267.18	 -267.2
 40.60	 -0.00	 0.0	 -0.00	 0.0	 -256.74	 -256.7
 40.80	 -0.00	 0.0	 -0.00	 0.0	 -246.42	 -246.4
 41.00	 -0.00	 0.0	 -0.00	 0.0	 -236.21	 -236.2
 41.20	 -0.00	 0.0	 -0.00	 0.0	 -226.12	 -226.1
 41.40	 -0.00	 0.0	 -0.00	 0.0	 -216.15	 -216.2
 41.60	 -0.00	 0.0	 -0.00	 0.0	 -206.29	 -206.3
 41.80	 -0.00	 0.0	 -0.00	 0.0	 -196.55	 -196.5
 42.00	 -0.00	 0.0	 -0.00	 0.0	 -186.92	 -186.9
 42.20	 -0.00	 0.0	 -0.00	 0.0	 -177.40	 -177.4
 42.40	 -0.00	 0.0	 -0.00	 0.0	 -168.00	 -168.0
 42.60	 -0.00	 0.0	 -0.00	 0.0	 -158.70	 -158.7
 42.80	 -0.00	 0.0	 -0.00	 0.0	 -149.52	 -149.5
 43.00	 -0.00	 0.0	 -0.00	 0.0	 -140.45	 -140.5
 43.20	 -0.00	 0.0	 -0.00	 0.0	 -131.49	 -131.5
 43.40	 -0.00	 0.0	 -0.00	 0.0	 -122.64	 -122.6
 43.60	 -0.00	 0.0	 -0.00	 0.0	 -113.89	 -113.9
 43.80	 -0.00	 0.0	 -0.00	 0.0	 -105.25	 -105.3
 44.00	 -0.00	 0.0	 -0.00	 0.0	 -96.72	 -96.7
 44.20	 -0.00	 0.0	 -0.00	 0.0	 -88.30	 -88.3
 44.40	 -0.00	 0.0	 -0.00	 0.0	 -79.98	 -80.0
 44.60	 -0.00	 0.0	 -0.00	 0.0	 -71.77	 -71.8
 44.80	 -0.00	 0.0	 -0.00	 0.0	 -63.66	 -63.7
 45.00	 -0.00	 0.0	 -0.00	 0.0	 -55.66	 -55.7
 45.20	 -0.00	 0.0	 -0.00	 0.0	 -47.76	 -47.8
 45.40	 -0.00	 0.0	 -0.00	 0.0	 -39.96	 -40.0
 45.60	 -0.00	 0.0	 -0.00	 0.0	 -32.26	 -32.3
 45.80	 -0.00	 0.0	 -0.00	 0.0	 -24.67	 -24.7
 46.00	 -0.00	 0.0	 -0.00	 0.0	 -17.17	 -17.2
 46.20	 -0.00	 0.0	 -0.00	 0.0	 -9.78	 -9.8
 46.40	 -0.00	 0.0	 -0.00	 0.0	 -2.48	 -2.5
 46.60	 -0.00	 0.0	 -0.00	 0.0	 4.72	 4.7
 46.80	 -0.00	 0.0	 -0.00	 0.0	 11.82	 11.8
 47.00	 -0.00	 0.0	 -0.00	 0.0	 18.82	 18.8
 47.20	 -0.00	 0.0	 -0.00	 0.0	 25.73	 25.7
 47.40	 -0.00	 0.0	 -0.00	 0.0	 32.54	 32.5
 47.60	 -0.00	 0.0	 -0.00	 0.0	 39.26	 39.3
 47.80	 -0.00	 0.0	 -0.00	 0.0	 45.88	 45.9
 48.00	 -0.00	 0.0	 -0.00	 0.0	 52.41	 52.4
 48.20	 -0.00	 0.0	 -0.00	 0.0	 58.84	 58.8
 48.40	 -0.00	 0.0	 -0.00	 0.0	 65.18	 65.2
 48.60	 -0.00	 0.0	 -0.00	 0.0	 71.43	 71.4
 48.80	 -0.00	 0.0	 -0.00	 0.0	 77.59	 77.6
 49.00	 -0.00	 0.0	 -0.00	 0.0	 83.66	 83.7
 49.20	 -0.00	 0.0	 -0.00	 0.0	 89.64	 89.6
 49.40	 -0.00	 0.0	 -0.00	 0.0	 95.53	 95.5
 49.60	 -0.00	 0.0	 -0.00	 0.0	 101.33	 101.3
 49.80	 -0.00	 0.0	 -0.00	 0.0	 107.05	 107.0
 50.00	 -0.00	 0.0	 -0.00	 0.0	 112.68	 112.7
 50.20	 -0.00	 0.0	 -0.00	 0.0	 118.22	 118.2
 50.40	 -0.00	 0.0	 -0.00	 0.0	 123.67	 123.7
 50.60	 -0.00	 0.0	 -0.00	 0.0	 129.04	 129.0
 50.80	 -0.00	 0.0	 -0.00	 0.0	 134.32	 134.3
 51.00	 -0.00	 0.0	 -0.00	 0.0	 139.53	 139.5
 51.20	 -0.00	 0.0	 -0.00	 0.0	 144.64	 144.6
 51.40	 -0.00	 0.0	 -0.00	 0.0	 149.68	 149.7
 51.60	 -0.00	 0.0	 -0.00	 0.0	 154.63	 154.6
 51.80	 -0.00	 0.0	 -0.00	 0.0	 159.51	 159.5
 52.00	 -0.00	 0.0	 -0.00	 0.0	 164.30	 164.3
 52.20	 -0.00	 0.0	 -0.00	 0.0	 169.01	 169.0
 52.40	 -0.00	 0.0	 -0.00	 0.0	 173.64	 173.6
 52.60	 -0.00	 0.0	 -0.00	 0.0	 178.20	 178.2
 52.80	 -0.00	 0.0	 -0.00	 0.0	 182.67	 182.7
 53.00	 -0.00	 0.0	 -0.00	 0.0	 187.07	 187.1
 53.20	 -0.00	 0.0	 -0.00	 0.0	 191.39	 191.4
 53.40	 -0.00	 0.0	 -0.00	 0.0	 195.64	 195.6
 53.60	 -0.00	 0.0	 -0.00	 0.0	 199.81	 199.8
 53.80	 -0.00	 0.0	 -0.00	 0.0	 203.91	 203.9
 54.00	 -0.00	 0.0	 -0.00	 0.0	 207.93	 207.9
 54.20	 -0.00	 0.0	 -0.00	 0.0	 211.88	 211.9
 54.40	 -0.00	 0.0	 -0.00	 0.0	 215.75	 215.8
 54.60	 -0.00	 0.0	 -0.00	 0.0	 219.56	 219.6
 54.80	 -0.00	 0.0	 -0.00	 0.0	 223.29	 223.3
 55.00	 -0.00	 0.0	 -0.00	 0.0	 226.95	 226.9
 55.20	 -0.00	 0.0	 -0.00	 0.0	 230.54	 230.5
 55.40	 -0.00	 0.0	 -0.00	 0.0	 234.06	 234.1
 55.60	 -0.00	 0.0	 -0.00	 0.0	 237.51	 237.5
 55.80	 -0.00	 0.0	 -0.00	 0.0	 240.89	 240.9
 56.00	 -0.00	 0.0	 -0.00	 0.0	 244.21	 244.2
 56.20	 -0.00	 0.0	 -0.00	 0.0	 247.46	 247.5
 56.40	 -0.00	 0.0	 -0.00	 0.0	 250.64	 250.6
 56.60	 -0.00	 0.0	 -0.00	 0.0	 253.75	 253.8
 56.80	 -0.00	 0.0	 -0.00	 0.0	 256.80	 256.8
 57.00	 -0.00	 0.0	 -0.00	 0.0	 259.78	 259.8
 57.20	 -0.00	 0.0	 -0.00	 0.0	 262.70	 262.7
 57.40	 -0.00	 0.0	 -0.00	 0.0	 265.56	 265.6
 57.60	 -0.00	 0.0	 -0.00	 0.0	 268.35	 268.4
 57.80	 -0.00	 0.0	 -0.00	 0.0	 271.09	 271.1
 58.00	 -0.00	 0.0	 -0.00	 0.0	 273.75	 273.8
 58.20	 -0.00	 0.0	 -0.00	 0.0	 276.36	 276.4
 58.40	 -0.00	 0.0	 -0.00	 0.0	 278.91	 278.9
 58.60	 -0.00	 0.0	 -0.00	 0.0	 281.40	 281.4
 58.80	 -0.00	 0.0	 -0.00	 0.0	 283.82	 283.8
 59.00	 -0.00	 0.0	 -0.00	 0.0	 286.19	 286.2
 59.20	 -0.00	 0.0	 -0.00	 0.0	 288.50	 288.5
 59.40	 -0.00	 0.0	 -0.00	 0.0	 290.76	 290.8
 59.60	 -0.00	 0.0	 -0.00	 0.0	 292.95	 293.0
 59.80	 -0.00	 0.0	 -0.00	 0.0	 295.09	 295.1
 60.00	 -0.00	 0.0	 -0.00	 0.0	 297.17	 297.2
 60.20	 -0.00	 0.0	 -0.00	 0.0	 299.20	 299.2
 60.40	 -0.00	 0.0	 -0.00	 0.0	 301.17	 301.2
 60.60	 -0.00	 0.0	 -0.00	 0.0	 303.09	 303.1
 60.80	 -0.00	 0.0	 -0.00	 0.0	 304.95	 305.0
 61.00	 -0.00	 0.0	 -0.00	 0.0	 306.76	 306.8
 61.20	 -0.00	 0.0	 -0.00	 0.0	 308.52	 308.5
 61.40	 -0.00	 0.0	 -0.00	 0.0	 310.22	 310.2
 61.60	 -0.00	 0.0	 -0.00	 0.0	 311.88	 311.9
 61.80	 -0.00	 0.0	 -0.00	 0.0	 313.48	 313.5
 62.00	 -0.00	 0.0	 -0.00	 0.0	 315.03	 315.0
 62.20	 -0.00	 0.0	 -0.00	 0.0	 316.54	 316.5
 62.40	 -0.00	 0.0	 -0.00	 0.0	 317.99	 318.0
 62.60	 -0.00	 0.0	 -0.00	 0.0	 319.39	 319.4
 62.80	 -0.00	 0.0	 -0.00	 0.0	 320.75	 320.7
 63.00	 -0.00	 0.0	 -0.00	 0.0	 322.06	 322.1
 63.20	 -0.00	 0.0	 -0.00	 0.0	 323.32	 323.3
 63.40	 -0.00	 0.0	 -0.00	 0.0	 324.53	 324.5
 63.60	 -0.00	 0.0	 -0.00	 0.0	 325.70	 325.7
 63.80	 -0.00	 0.0	 -0.00	 0.0	 326.82	 326.8
 64.00	 -0.00	 0.0	 -0.00	 0.0	 327.90	 327.9
 64.20	 -0.00	 0.0	 -0.00	 0.0	 328.93	 328.9
 64.40	 -0.00	 0.0	 -0.00	 0.0	 329.92	 329.9
 64.60	 -0.00	 0.0	 -0.00	 0.0	 330.86	 330.9
 64.80	 -0.00	 0.0	 -0.00	 0.0	 331.76	 331.8
 65.00	 -0.00	 0.0	 -0.00	 0.0	 332.62	 332.6
 65.20	 -0.00	 0.0	 -0.00	 0.0	 333.43	 333.4
 65.40	 -0.00	 0.0	 -0.00	 0.0	 334.21	 334.2
 65.60	 -0.00	 0.0	 -0.00	 0.0	 334.94	 334.9
 65.80	 -0.00	 0.0	 -0.00	 0.0	 335.63	 335.6
 66.00	 -0.00	 0.0	 -0.00	 0.0	 336.28	 336.3
 66.20	 -0.00	 0.0	 -0.00	 0.0	 336.89	 336.9
 66.40	 -0.00	 0.0	 -0.00	 0.0	 337.47	 337.5
 66.60	 -0.00	 0.0	 -0.00	 0.0	 338.00	 338.0
 66.80	 -0.00	 0.0	 -0.00	 0.0	 338.49	 338.5
 67.00	 -0.00	 0.0	 -0.00	 0.0	 338.95	 339.0
 67.20	 -0.00	 0.0	 -0.00	 0.0	 339.37	 339.4
 67.40	 -0.00	 0.0	 -0.00	 0.0	 339.76	 339.8
 67.60	 -0.00	 0.0	 -0.00	 0.0	 340.10	 340.1
 67.80	 -0.00	 0.0	 -0.00	 0.0	 340.41	 340.4
 68.00	 -0.00	 0.0	 -0.00	 0.0	 340.69	 340.7
 68.20	 -0.00	 0.0	 -0.00	 0.0	 340.93	 340.9
 68.40	 -0.00	 0.0	 -0.00	 0.0	 341.13	 341.1
 68.60	 -0.00	 0.0	 -0.00	 0.0	 341.30	 341.3
 68.80	 -0.00	 0.0	 -0.00	 0.0	 341.44	 341.4
 69.00	 -0.00	 0.0	 -0.00	 0.0	 341.55	 341.5
 69.20	 -0.00	 0.0	 -0.00	 0.0	 341.62	 341.6
 69.40	 -0.00	 0.0	 -0.00	 0.0	 341.66	 341.7
 69.60	 -0.00	 0.0	 -0.00	 0.0	 341.66	 341.7
 69.80	 -0.00	 0.0	 -0.00	 0.0	 341.64	 341.6
 70.00	 -0.00	 0.0	 -0.00	 0.0	 341.58	 341.6
 70.20	 -0.00	 0.0	 -0.00	 0.0	 341.50	 341.5
 70.40	 -0.00	 0.0	 -0.00	 0.0	 341.38	 341.4
 70.60	 -0.00	 0.0	 -0.00	 0.0	 341.23	 341.2
 70.80	 -0.00	 0.0	 -0.00	 0.0	 341.06	 341.1
 71.00	 -0.00	 0.0	 -0.00	 0.0	 340.85	 340.9
 71.20	 -0.00	 0.0	 -0.00	 0.0	 340.62	 340.6
 71.40	 -0.00	 0.0	 -0.00	 0.0	 340.36	 340.4
 71.60	 -0.00	 0.0	 -0.00	 0.0	 340.07	 340.1
 71.80	 -0.00	 0.0	 -0.00	 0.0	 339.75	 339.7
 72.00	 -0.00	 0.0	 -0.00	 0.0	 339.41	 339.4
 72.20	 -0.00	 0.0	 -0.00	 0.0	 339.03	 339.0
 72.40	 -0.00	 0.0	 -0.00	 0.0	 338.64	 338.6
 72.60	 -0.00	 0.0	 -0.00	 0.0	 338.22	 338.2
 72.80	 -0.00	 0.0	 -0.00	 0.0	 337.77	 337.8
 73.00	 -0.00	 0.0	 -0.00	 0.0	 337.29	 337.3
 73.20	 -0.00	 0.0	 -0.00	 0.0	 336.80	 336.8
 73.40	 -0.00	 0.0	 -0.00	 0.0	 336.27	 336.3
 73.60	 -0.00	 0.0	 -0.00	 0.0	 335.73	 335.7
 73.80	 -0.00	 0.0	 -0.00	 0.0	 335.16	 335.2
 74.00	 -0.00	 0.0	 -0.00	 0.0	 334.57	 334.6
 74.20	 -0.00	 0.0	 -0.00	 0.0	 333.95	 333.9
 74.40	 -0.00	 0.0	 -0.00	 0.0	 333.31	 333.3
 74.60	 -0.00	 0.0	 -0.00	 0.0	 332.65	 332.7
 74.80	 -0.00	 0.0	 -0.00	 0.0	 331.97	 332.0
 75.00	 -0.00	 0.0	 -0.00	 0.0	 331.27	 331.3
 75.20	 -0.00	 0.0	 -0.00	 0.0	 330.54	 330.5
 75.40	 -0.00	 0.0	 -0.00	 0.0	 329.80	 329.8
 75.60	 -0.00	 0.0	 -0.00	 0.0	 329.03	 329.0
 75.80	 -0.00	 0.0	 -0.00	 0.0	 328.25	 328.2
 76.00	 -0.00	 0.0	 -0.00	 0.0	 327.44	 327.4
 76.20	 -0.00	 0.0	 -0.00	 0.0	 326.62	 326.6
 76.40	 -0.00	 0.0	 -0.00	 0.0	 325.78	 325.8
 76.60	 -0.00	 0.0	 -0.00	 0.0	 324.91	 324.9
 76.80	 -0.00	 0.0	 -0.00	 0.0	 324.04	 324.0
 77.00	 -0.00	 0.0	 -0.00	 0.0	 323.14	 323.1
 77.20	 -0.00	 0.0	 -0.00	 0.0	 322.22	 322.2
 77.40	 -0.00	 0.0	 -0.00	 0.0	 321.29	 321.3
 77.60	 -0.00	 0.0	 -0.00	 0.0	 320.34	 320.3
 77.80	 -0.00	 0.0	 -0.00	 0.0	 319.37	 319.4
 78.00	 -0.00	 0.0	 -0.00	 0.0	 318.39	 318.4
 78.20	 -0.00	 0.0	 -0.00	 0.0	 317.39	 317.4
 78.40	 -0.00	 0.0	 -0.00	 0.0	 316.38	 316.4
 78.60	 -0.00	 0.0	 -0.00	 0.0	 315.35	 315.3
 78.80	 -0.00	 0.0	 -0.00	 0.0	 314.30	 314.3
 79.00	 -0.00	 0.0	 -0.00	 0.0	 313.24	 313.2
 79.20	 -0.00	 0.0	 -0.00	 0.0	 312.17	 312.2
 79.40	 -0.00	 0.0	 -0.00	 0.0	 311.08	 311.1
 79.60	 -0.00	 0.0	 -0.00	 0.0	 309.98	 310.0
 79.80	 -0.00	 0.0	 -0.00	 0.0	 308.86	 308.9
 80.00	 -0.00	 0.0	 -0.00	 0.0	 307.73	 307.7
 80.20	 -0.00	 0.0	 -0.00	 0.0	 306.59	 306.6
 80.40	 -0.00	 0.0	 -0.00	 0.0	 305.44	 305.4
 80.60	 -0.00	 0.0	 -0.00	 0.0	 304.27	 304.3
 80.80	 -0.00	 0.0	 -0.00	 0.0	 303.09	 303.1
 81.00	 -0.00	 0.0	 -0.00	 0.0	 301.90	 301.9
 81.20	 -0.00	 0.0	 -0.00	 0.0	 300.69	 300.7
 81.40	 -0.00	 0.0	 -0.00	 0.0	 299.48	 299.5
 81.60	 -0.00	 0.0	 -0.00	 0.0	 298.25	 298.3
 81.80	 -0.00	 0.0	 -0.00	 0.0	 297.02	 297.0
 82.00	 -0.00	 0.0	 -0.00	 0.0	 295.77	 295.8
 82.20	 -0.00	 0.0	 -0.00	 0.0	 294.51	 294.5
 82.40	 -0.00	 0.0	 -0.00	 0.0	 293.24	 293.2
 82.60	 -0.00	 0.0	 -0.00	 0.0	 291.96	 292.0
 82.80	 -0.00	 0.0	 -0.00	 0.0	 290.68	 290.7
 83.00	 -0.00	 0.0	 -0.00	 0.0	 289.38	 289.4
 83.20	 -0.00	 0.0	 -0.00	 0.0	 288.07	 288.1
 83.40	 -0.00	 0.0	 -0.00	 0.0	 286.76	 286.8
 83.60	 -0.00	 0.0	 -0.00	 0.0	 285.44	 285.4
 83.80	 -0.00	 0.0	 -0.00	 0.0	 284.10	 284.1
 84.00	 -0.00	 0.0	 -0.00	 0.0	 282.76	 282.8
 84.20	 -0.00	 0.0	 -0.00	 0.0	 281.42	 281.4
 84.40	 -0.00	 0.0	 -0.00	 0.0	 280.06	 280.1
 84.60	 -0.00	 0.0	 -0.00	 0.0	 278.70	 278.7
 84.80	 -0.00	 0.0	 -0.00	 0.0	 277.33	 277.3
 85.00	 -0.00	 0.0	 -0.00	 0.0	 275.95	 275.9
 85.20	 -0.00	 0.0	 -0.00	 0.0	 274.56	 274.6
 85.40	 -0.00	 0.0	 -0.00	 0.0	 273.17	 273.2
 85.60	 -0.00	 0.0	 -0.00	 0.0	 271.78	 271.8
 85.80	 -0.00	 0.0	 -0.00	 0.0	 270.37	 270.4
 86.00	 -0.00	 0.0	 -0.00	 0.0	 268.96	 269.0
 86.20	 -0.00	 0.0	 -0.00	 0.0	 267.55	 267.5
 86.40	 -0.00	 0.0	 -0.00	 0.0	 266.13	 266.1
 86.60	 -0.00	 0.0	 -0.00	 0.0	 264.70	 264.7
 86.80	 -0.00	 0.0	 -0.00	 0.0	 263.27	 263.3
 87.00	 -0.00	 0.0	 -0.00	 0.0	 261.84	 261.8
 87.20	 -0.00	 0.0	 -0.00	 0.0	 260.40	 260.4
 87.40	 -0.00	 0.0	 -0.00	 0.0	 258.95	 259.0
 87.60	 -0.00	 0.0	 -0.00	 0.0	 257.50	 257.5
 87.80	 -0.00	 0.0	 -0.00	 0.0	 256.05	 256.0
 88.00	 -0.00	 0.0	 -0.00	 0.0	 254.59	 254.6
 88.20	 -0.00	 0.0	 -0.00	 0.0	 253.13	 253.1
 88.40	 -0.00	 0.0	 -0.00	 0.0	 251.67	 251.7
 88.60	 -0.00	 0.0	 -0.00	 0.0	 250.20	 250.2
 88.80	 -0.00	 0.0	 -0.00	 0.0	 248.73	 248.7
 89.00	 -0.00	 0.0	 -0.00	 0.0	 247.25	 247.3
 89.20	 -0.00	 0.0	 -0.00	 0.0	 245.78	 245.8
 89.40	 -0.00	 0.0	 -0.00	 0.0	 244.30	 244.3
 89.60	 -0.00	 0.0	 -0.00	 0.0	 242.81	 242.8
 89.80	 -0.00	 0.0	 -0.00	 0.0	 241.33	 241.3
 90.00	 -0.00	 0.0	 -0.00	 0.0	 239.84	 239.8
 90.20	 -0.00	 0.0	 -0.00	 0.0	 238.35	 238.4
 90.40	 -0.00	 0.0	 -0.00	 0.0	 236.86	 236.9
 90.60	 -0.00	 0.0	 -0.00	 0.0	 235.37	 235.4
 90.80	 -0.00	 0.0	 -0.00	 0.0	 233.88	 233.9
 91.00	 -0.00	 0.0	 -0.00	 0.0	 232.38	 232.4
 91.20	 -0.00	 0.0	 -0.00	 0.0	 230.89	 230.9
 91.40	 -0.00	 0.0	 -0.00	 0.0	 229.39	 229.4
 91.60	 -0.00	 0.0	 -0.00	 0.0	 227.89	 227.9
 91.80	 -0.00	 0.0	 -0.00	 0.0	 226.39	 226.4
 92.00	 -0.00	 0.0	 -0.00	 0.0	 224.89	 224.9
 92.20	 -0.00	 0.0	 -0.00	 0.0	 223.39	 223.4
 92.40	 -0.00	 0.0	 -0.00	 0.0	 221.89	 221.9
 92.60	 -0.00	 0.0	 -0.00	 0.0	 220.39	 220.4
 92.80	 -0.00	 0.0	 -0.00	 0.0	 218.89	 218.9
 93.00	 -0.00	 0.0	 -0.00	 0.0	 217.39	 217.4
 93.20	 -0.00	 0.0	 -0.00	 0.0	 215.89	 215.9
 93.40	 -0.00	 0.0	 -0.00	 0.0	 214.40	 214.4
 93.60	 -0.00	 0.0	 -0.00	 0.0	 212.90	 212.9
 93.80	 -0.00	 0.0	 -0.00	 0.0	 211.40	 211.4
 94.00	 -0.00	 0.0	 -0.00	 0.0	 209.90	 209.9
 94.20	 -0.00	 0.0	 -0.00	 0.0	 208.40	 208.4
 94.40	 -0.00	 0.0	 -0.00	 0.0	 206.91	 206.9
 94.60	 -0.00	 0.0	 -0.00	 0.0	 205.42	 205.4
 94.80	 -0.00	 0.0	 -0.00	 0.0	 203.92	 203.9
 95.00	 -0.00	 0.0	 -0.00	 0.0	 202.43	 202.4
 95.20	 -0.00	 0.0	 -0.00	 0.0	 200.94	 200.9
 95.40	 -0.00	 0.0	 -0.00	 0.0	 199.45	 199.5
 95.60	 -0.00	 0.0	 -0.00	 0.0	 197.97	 198.0
 95.80	 -0.00	 0.0	 -0.00	 0.0	 196.48	 196.5
 96.00	 -0.00	 0.0	 -0.00	 0.0	 195.00	 195.0
 96.20	 -0.00	 0.0	 -0.00	 0.0	 193.52	 193.5
 96.40	 -0.00	 0.0	 -0.00	 0.0	 192.04	 192.0
 96.60	 -0.00	 0.0	 -0.00	 0.0	 190.57	 190.6
 96.80	 -0.00	 0.0	 -0.00	 0.0	 189.09	 189.1
 97.00	 -0.00	 0.0	 -0.00	 0.0	 187.62	 187.6
 97.20	 -0.00	 0.0	 -0.00	 0.0	 186.15	 186.2
 97.40	 -0.00	 0.0	 -0.00	 0.0	 184.69	 184.7
 97.60	 -0.00	 0.0	 -0.00	 0.0	 183.22	 183.2
 97.80	 -0.00	 0.0	 -0.00	 0.0	 181.76	 181.8
 98.00	 -0.00	 0.0	 -0.00	 0.0	 180.31	 180.3
 98.20	 -0.00	 0.0	 -0.00	 0.0	 178.85	 178.9
 98.40	 -0.00	 0.0	 -0.00	 0.0	 177.40	 177.4
 98.60	 -0.00	 0.0	 -0.00	 0.0	 175.96	 176.0
 98.80	 -0.00	 0.0	 -0.00	 0.0	 174.51	 174.5
 99.00	 -0.00	 0.0	 -0.00	 0.0	 173.07	 173.1
 99.20	 -0.00	 0.0	 -0.00	 0.0	 171.64	 171.6
 99.40	 -0.00	 0.0	 -0.00	 0.0	 170.20	 170.2
 99.60	 -0.00	 0.0	 -0.00	 0.0	 168.77	 168.8
 99.80	 -0.00	 0.0	 -0.00	 0.0	 167.35	 167.3
 100.00	 -0.00	 0.0	 -0.00	 0.0	 165.93	 165.9
 100.20	 -0.00	 0.0	 -0.00	 0.0	 164.51	 164.5
 100.40	 -0.00	 0.0	 -0.00	 0.0	 163.09	 163.1
 100.60	 -0.00	 0.0	 -0.00	 0.0	 161.68	 161.7
 100.80	 -0.00	 0.0	 -0.00	 0.0	 160.28	 160.3
 101.00	 -0.00	 0.0	 -0.00	 0.0	 158.88	 158.9
 101.20	 -0.00	 0.0	 -0.00	 0.0	 157.48	 157.5
 101.40	 -0.00	 0.0	 -0.00	 0.0	 156.09	 156.1
 101.60	 -0.00	 0.0	 -0.00	 0.0	 154.70	 154.7
 101.80	 -0.00	 0.0	 -0.00	 0.0	 153.32	 153.3
 102.00	 -0.00	 0.0	 -0.00	 0.0	 151.94	 151.9
 102.20	 -0.00	 0.0	 -0.00	 0.0	 150.57	 150.6
 102.40	 -0.00	 0.0	 -0.00	 0.0	 149.20	 149.2
 102.60	 -0.00	 0.0	 -0.00	 0.0	 147.83	 147.8
 102.80	 -0.00	 0.0	 -0.00	 0.0	 146.47	 146.5
 103.00	 -0.00	 0.0	 -0.00	 0.0	 145.12	 145.1
 103.20	 -0.00	 0.0	 -0.00	 0.0	 143.77	 143.8
 103.40	 -0.00	 0.0	 -0.00	 0.0	 142.42	 142.4
 103.60	 -0.00	 0.0	 -0.00	 0.0	 141.08	 141.1
 103.80	 -0.00	 0.0	 -0.00	 0.0	 139.75	 139.8
 104.00	 -0.00	 0.0	 -0.00	 0.0	 138.42	 138.4
 104.20	 -0.00	 0.0	 -0.00	 0.0	 137.10	 137.1
 104.40	 -0.00	 0.0	 -0.00	 0.0	 135.78	 135.8
 104.60	 -0.00	 0.0	 -0.00	 0.0	 134.47	 134.5
 104.80	 -0.00	 0.0	 -0.00	 0.0	 133.16	 133.2
 105.00	 -0.00	 0.0	 -0.00	 0.0	 131.86	 131.9
 105.20	 -0.00	 0.0	 -0.00	 0.0	 130.56	 130.6
 105.40	 -0.00	 0.0	 -0.00	 0.0	 129.27	 129.3
 105.60	 -0.00	 0.0	 -0.00	 0.0	 127.98	 128.0
 105.80	 -0.00	 0.0	 -0.00	 0.0	 126.70	 126.7
 106.00	 -0.00	 0.0	 -0.00	 0.0	 125.43	 125.4
 106.20	 -0.00	 0.0	 -0.00	 0.0	 124.16	 124.2
 106.40	 -0.00	 0.0	 -0.00	 0.0	 122.90	 122.9
 106.60	 -0.00	 0.0	 -0.00	 0.0	 121.64	 121.6
 106.80	 -0.00	 0.0	 -0.00	 0.0	 120.39	 120.4
 107.00	 -0.00	 0.0	 -0.00	 0.0	 119.14	 119.1
 107.20	 -0.00	 0.0	 -0.00	 0.0	 117.91	 117.9
 107.40	 -0.00	 0.0	 -0.00	 0.0	 116.67	 116.7
 107.60	 -0.00	 0.0	 -0.00	 0.0	 115.45	 115.4
 107.80	 -0.00	 0.0	 -0.00	 0.0	 114.22	 114.2
 108.00	 -0.00	 0.0	 -0.00	 0.0	 113.01	 113.0
 108.20	 -0.00	 0.0	 -0.00	 0.0	 111.80	 111.8
 108.40	 -0.00	 0.0	 -0.00	 0.0	 110.60	 110.6
 108.60	 -0.00	 0.0	 -0.00	 0.0	 109.40	 109.4
 108.80	 -0.00	 0.0	 -0.00	 0.0	 108.21	 108.2
 109.00	 -0.00	 0.0	 -0.00	 0.0	 107.03	 107.0
 109.20	 -0.00	 0.0	 -0.00	 0.0	 105.85	 105.8
 109.40	 -0.00	 0.0	 -0.00	 0.0	 104.68	 104.7
 109.60	 -0.00	 0.0	 -0.00	 0.0	 103.51	 103.5
 109.80	 -0.00	 0.0	 -0.00	 0.0	 102.35	 102.4
 110.00	 -0.00	 0.0	 -0.00	 0.0	 101.20	 101.2
 110.20	 -0.00	 0.0	 -0.00	 0.0	 100.05	 100.1
 110.40	 -0.00	 0.0	 -0.00	 0.0	 98.91	 98.9
 110.60	 -0.00	 0.0	 -0.00	 0.0	 97.78	 97.8
 110.80	 -0.00	 0.0	 -0.00	 0.0	 96.65	 96.7
 111.00	 -0.00	 0.0	 -0.00	 0.0	 95.53	 95.5
 111.20	 -0.00	 0.0	 -0.00	 0.0	 94.42	 94.4
 111.40	 -0.00	 0.0	 -0.00	 0.0	 93.31	 93.3
 111.60	 -0.00	 0.0	 -0.00	 0.0	 92.21	 92.2
 111.80	 -0.00	 0.0	 -0.00	 0.0	 91.11	 91.1
 112.00	 -0.00	 0.0	 -0.00	 0.0	 90.02	 90.0
 112.20	 -0.00	 0.0	 -0.00	 0.0	 88.94	 88.9
 112.40	 -0.00	 0.0	 -0.00	 0.0	 87.87	 87.9
 112.60	 -0.00	 0.0	 -0.00	 0.0	 86.80	 86.8
 112.80	 -0.00	 0.0	 -0.00	 0.0	 85.73	 85.7
 113.00	 -0.00	 0.0	 -0.00	 0.0	 84.68	 84.7
 113.20	 -0.00	 0.0	 -0.00	 0.0	 83.63	 83.6
 113.40	 -0.00	 0.0	 -0.00	 0.0	 82.59	 82.6
 113.60	 -0.00	 0.0	 -0.00	 0.0	 81.55	 81.6
 113.80	 -0.00	 0.0	 -0.00	 0.0	 80.52	 80.5
 114.00	 -0.00	 0.0	 -0.00	 0.0	 79.50	 79.5
 114.20	 -0.00	 0.0	 -0.00	 0.0	 78.48	 78.5
 114.40	 -0.00	 0.0	 -0.00	 0.0	 77.47	 77.5
 114.60	 -0.00	 0.0	 -0.00	 0.0	 76.47	 76.5
 114.80	 -0.00	 0.0	 -0.00	 0.0	 75.47	 75.5
 115.00	 -0.00	 0.0	 -0.00	 0.0	 74.49	 74.5
 115.20	 -0.00	 0.0	 -0.00	 0.0	 73.50	 73.5
 115.40	 -0.00	 0.0	 -0.00	 0.0	 72.53	 72.5
 115.60	 -0.00	 0.0	 -0.00	 0.0	 71.56	 71.6
 115.80	 -0.00	 0.0	 -0.00	 0.0	 70.59	 70.6
 116.00	 -0.00	 0.0	 -0.00	 0.0	 69.64	 69.6
 116.20	 -0.00	 0.0	 -0.00	 0.0	 68.69	 68.7
 116.40	 -0.00	 0.0	 -0.00	 0.0	 67.75	 67.7
 116.60	 -0.00	 0.0	 -0.00	 0.0	 66.81	 66.8
 116.80	 -0.00	 0.0	 -0.00	 0.0	 65.88	 65.9
 117.00	 -0.00	 0.0	 -0.00	 0.0	 64.96	 65.0
 117.20	 -0.00	 0.0	 -0.00	 0.0	 64.04	 64.0
 117.40	 -0.00	 0.0	 -0.00	 0.0	 63.13	 63.1
 117.60	 -0.00	 0.0	 -0.00	 0.0	 62.23	 62.2
 117.80	 -0.00	 0.0	 -0.00	 0.0	 61.33	 61.3
 118.00	 -0.00	 0.0	 -0.00	 0.0	 60.44	 60.4
 118.20	 -0.00	 0.0	 -0.00	 0.0	 59.56	 59.6
 118.40	 -0.00	 0.0	 -0.00	 0.0	 58.68	 58.7
 118.60	 -0.00	 0.0	 -0.00	 0.0	 57.81	 57.8
 118.80	 -0.00	 0.0	 -0.00	 0.0	 56.95	 56.9
 119.00	 -0.00	 0.0	 -0.00	 0.0	 56.09	 56.1
 119.20	 -0.00	 0.0	 -0.00	 0.0	 55.24	 55.2
 119.40	 -0.00	 0.0	 -0.00	 0.0	 54.40	 54.4
 119.60	 -0.00	 0.0	 -0.00	 0.0	 53.56	 53.6
 119.80	 -0.00	 0.0	 -0.00	 0.0	 52.73	 52.7
 120.00	 -0.00	 0.0	 -0.00	 0.0	 51.91	 51.9
 120.20	 -0.00	 0.0	 -0.00	 0.0	 51.09	 51.1
 120.40	 -0.00	 0.0	 -0.00	 0.0	 50.28	 50.3
 120.60	 -0.00	 0.0	 -0.00	 0.0	 49.47	 49.5
 120.80	 -0.00	 0.0	 -0.00	 0.0	 48.68	 48.7
 121.00	 -0.00	 0.0	 -0.00	 0.0	 47.89	 47.9
 121.20	 -0.00	 0.0	 -0.00	 0.0	 47.10	 47.1
 121.40	 -0.00	 0.0	 -0.00	 0.0	 46.32	 46.3
 121.60	 -0.00	 0.0	 -0.00	 0.0	 45.55	 45.6
 121.80	 -0.00	 0.0	 -0.00	 0.0	 44.78	 44.8
 122.00	 -0.00	 0.0	 -0.00	 0.0	 44.03	 44.0
 122.20	 -0.00	 0.0	 -0.00	 0.0	 43.27	 43.3
 122.40	 -0.00	 0.0	 -0.00	 0.0	 42.53	 42.5
 122.60	 -0.00	 0.0	 -0.00	 0.0	 41.79	 41.8
 122.80	 -0.00	 0.0	 -0.00	 0.0	 41.05	 41.1
 123.00	 -0.00	 0.0	 -0.00	 0.0	 40.33	 40.3
 123.20	 -0.00	 0.0	 -0.00	 0.0	 39.61	 39.6
 123.40	 -0.00	 0.0	 -0.00	 0.0	 38.89	 38.9
 123.60	 -0.00	 0.0	 -0.00	 0.0	 38.18	 38.2
 123.80	 -0.00	 0.0	 -0.00	 0.0	 37.48	 37.5
 124.00	 -0.00	 0.0	 -0.00	 0.0	 36.79	 36.8
 124.20	 -0.00	 0.0	 -0.00	 0.0	 36.10	 36.1
 124.40	 -0.00	 0.0	 -0.00	 0.0	 35.41	 35.4
 124.60	 -0.00	 0.0	 -0.00	 0.0	 34.74	 34.7
 124.80	 -0.00	 0.0	 -0.00	 0.0	 34.07	 34.1
 125.00	 -0.00	 0.0	 -0.00	 0.0	 33.40	 33.4
 125.20	 -0.00	 0.0	 -0.00	 0.0	 32.74	 32.7
 125.40	 -0.00	 0.0	 -0.00	 0.0	 32.09	 32.1
 125.60	 -0.00	 0.0	 -0.00	 0.0	 31.44	 31.4
 125.80	 -0.00	 0.0	 -0.00	 0.0	 30.80	 30.8
 126.00	 -0.00	 0.0	 -0.00	 0.0	 30.17	 30.2
 126.20	 -0.00	 0.0	 -0.00	 0.0	 29.54	 29.5
 126.40	 -0.00	 0.0	 -0.00	 0.0	 28.92	 28.9
 126.60	 -0.00	 0.0	 -0.00	 0.0	 28.30	 28.3
 126.80	 -0.00	 0.0	 -0.00	 0.0	 27.69	 27.7
 127.00	 -0.00	 0.0	 -0.00	 0.0	 27.09	 27.1
 127.20	 -0.00	 0.0	 -0.00	 0.0	 26.49	 26.5
 127.40	 -0.00	 0.0	 -0.00	 0.0	 25.90	 25.9
 127.60	 -0.00	 0.0	 -0.00	 0.0	 25.31	 25.3
 127.80	 -0.00	 0.0	 -0.00	 0.0	 24.73	 24.7
 128.00	 -0.00	 0.0	 -0.00	 0.0	 24.16	 24.2
 128.20	 -0.00	 0.0	 -0.00	 0.0	 23.59	 23.6
 128.40	 -0.00	 0.0	 -0.00	 0.0	 23.03	 23.0
 128.60	 -0.00	 0.0	 -0.00	 0.0	 22.47	 22.5
 128.80	 -0.00	 0.0	 -0.00	 0.0	 21.92	 21.9
 129.00	 -0.00	 0.0	 -0.00	 0.0	 21.37	 21.4
 129.20	 -0.00	 0.0	 -0.00	 0.0	 20.83	 20.8
 129.40	 -0.00	 0.0	 -0.00	 0.0	 20.30	 20.3
 129.60	 -0.00	 0.0	 -0.00	 0.0	 19.77	 19.8
 129.80	 -0.00	 0.0	 -0.00	 0.0	 19.25	 19.2
 130.00	 -0.00	 0.0	 -0.00	 0.0	 18.73	 18.7
 130.20	 -0.00	 0.0	 -0.00	 0.0	 18.22	 18.2
 130.40	 -0.00	 0.0	 -0.00	 0.0	 17.71	 17.7
 130.60	 -0.00	 0.0	 -0.00	 0.0	 17.21	 17.2
 130.80	 -0.00	 0.0	 -0.00	 0.0	 16.72	 16.7
 131.00	 -0.00	 0.0	 -0.00	 0.0	 16.23	 16.2
 131.20	 -0.00	 0.0	 -0.00	 0.0	 15.74	 15.7
 131.40	 -0.00	 0.0	 -0.00	 0.0	 15.26	 15.3
 131.60	 -0.00	 0.0	 -0.00	 0.0	 14.79	 14.8
 131.80	 -0.00	 0.0	 -0.00	 0.0	 14.32	 14.3
 132.00	 -0.00	 0.0	 -0.00	 0.0	 13.86	 13.9
 132.20	 -0.00	 0.0	 -0.00	 0.0	 13.40	 13.4
 132.40	 -0.00	 0.0	 -0.00	 0.0	 12.95	 12.9
 132.60	 -0.00	 0.0	 -0.00	 0.0	 12.50	 12.5
 132.80	 -0.00	 0.0	 -0.00	 0.0	 12.06	 12.1
 133.00	 -0.00	 0.0	 -0.00	 0.0	 11.62	 11.6
 133.20	 -0.00	 0.0	 -0.00	 0.0	 11.19	 11.2
 133.40	 -0.00	 0.0	 -0.00	 0.0	 10.77	 10.8
 133.60	 -0.00	 0.0	 -0.00	 0.0	 10.34	 10.3
 133.80	 -0.00	 0.0	 -0.00	 0.0	 9.93	 9.9
 134.00	 -0.00	 0.0	 -0.00	 0.0	 9.52	 9.5
 134.20	 -0.00	 0.0	 -0.00	 0.0	 9.11	 9.1
 134.40	 -0.00	 0.0	 -0.00	 0.0	 8.71	 8.7
 134.60	 -0.00	 0.0	 -0.00	 0.0	 8.32	 8.3
 134.80	 -0.00	 0.0	 -0.00	 0.0	 7.93	 7.9
 135.00	 -0.00	 0.0	 -0.00	 0.0	 7.54	 7.5
 135.20	 -0.00	 0.0	 -0.00	 0.0	 7.16	 7.2
 135.40	 -0.00	 0.0	 -0.00	 0.0	 6.78	 6.8
 135.60	 -0.00	 0.0	 -0.00	 0.0	 6.41	 6.4
 135.80	 -0.00	 0.0	 -0.00	 0.0	 6.05	 6.0
 136.00	 -0.00	 0.0	 -0.00	 0.0	 5.68	 5.7
 136.20	 -0.00	 0.0	 -0.00	 0.0	 5.33	 5.3
 136.40	 -0.00	 0.0	 -0.00	 0.0	 4.97	 5.0
 136.60	 -0.00	 0.0	 -0.00	 0.0	 4.63	 4.6
 136.80	 -0.00	 0.0	 -0.00	 0.0	 4.28	 4.3
 137.00	 -0.00	 0.0	 -0.00	 0.0	 3.95	 3.9
 137.20	 -0.00	 0.0	 -0.00	 0.0	 3.61	 3.6
 137.40	 -0.00	 0.0	 -0.00	 0.0	 3.28	 3.3
 137.60	 -0.00	 0.0	 -0.00	 0.0	 2.96	 3.0
 137.80	 -0.00	 0.0	 -0.00	 0.0	 2.64	 2.6
 138.00	 -0.00	 0.0	 -0.00	 0.0	 2.33	 2.3
 138.20	 -0.00	 0.0	 -0.00	 0.0	 2.01	 2.0
 138.40	 -0.00	 0.0	 -0.00	 0.0	 1.71	 1.7
 138.60	 -0.00	 0.0	 -0.00	 0.0	 1.41	 1.4
 138.80	 -0.00	 0.0	 -0.00	 0.0	 1.11	 1.1
 139.00	 -0.00	 0.0	 -0.00	 0.0	 0.82	 0.8
 139.20	 -0.00	 0.0	 -0.00	 0.0	 0.53	 0.5
 139.40	 -0.00	 0.0	 -0.00	 0.0	 0.24	 0.2
 139.60	 -0.00	 0.0	 -0.00	 0.0	 -0.04	 -0.0
 139.80	 -0.00	 0.0	 -0.00	 0.0	 -0.31	 -0.3
 140.00	 -0.00	 0.0	 -0.00	 0.0	 -0.58	 -0.6
 140.20	 -0.00	 0.0	 -0.00	 0.0	 -0.85	 -0.9
 140.40	 -0.00	 0.0	 -0.00	 0.0	 -1.12	 -1.1
 140.60	 -0.00	 0.0	 -0.00	 0.0	 -1.37	 -1.4
 140.80	 -0.00	 0.0	 -0.00	 0.0	 -1.63	 -1.6
 141.00	 -0.00	 0.0	 -0.00	 0.0	 -1.88	 -1.9
 141.20	 -0.00	 0.0	 -0.00	 0.0	 -2.13	 -2.1
 141.40	 -0.00	 0.0	 -0.00	 0.0	 -2.37	 -2.4
 141.60	 -0.00	 0.0	 -0.00	 0.0	 -2.61	 -2.6
 141.80	 -0.00	 0.0	 -0.00	 0.0	 -2.84	 -2.8
 142.00	 -0.00	 0.0	 -0.00	 0.0	 -3.08	 -3.1
 142.20	 -0.00	 0.0	 -0.00	 0.0	 -3.30	 -3.3
 142.40	 -0.00	 0.0	 -0.00	 0.0	 -3.53	 -3.5
 142.60	 -0.00	 0.0	 -0.00	 0.0	 -3.74	 -3.7
 142.80	 -0.00	 0.0	 -0.00	 0.0	 -3.96	 -4.0
 143.00	 -0.00	 0.0	 -0.00	 0.0	 -4.17	 -4.2
 143.20	 -0.00	 0.0	 -0.00	 0.0	 -4.38	 -4.4
 143.40	 -0.00	 0.0	 -0.00	 0.0	 -4.58	 -4.6
 143.60	 -0.00	 0.0	 -0.00	 0.0	 -4.78	 -4.8
 143.80	 -0.00	 0.0	 -0.00	 0.0	 -4.98	 -5.0
 144.00	 -0.00	 0.0	 -0.00	 0.0	 -5.17	 -5.2
 144.20	 -0.00	 0.0	 -0.00	 0.0	 -5.36	 -5.4
 144.40	 -0.00	 0.0	 -0.00	 0.0	 -5.55	 -5.6
 144.60	 -0.00	 0.0	 -0.00	 0.0	 -5.73	 -5.7
 144.80	 -0.00	 0.0	 -0.00	 0.0	 -5.91	 -5.9
 145.00	 -0.00	 0.0	 -0.00	 0.0	 -6.09	 -6.1
 145.20	 -0.00	 0.0	 -0.00	 0.0	 -6.26	 -6.3
 145.40	 -0.00	 0.0	 -0.00	 0.0	 -6.43	 -6.4
 145.60	 -0.00	 0.0	 -0.00	 0.0	 -6.59	 -6.6
 145.80	 -0.00	 0.0	 -0.00	 0.0	 -6.75	 -6.8
 146.00	 -0.00	 0.0	 -0.00	 0.0	 -6.91	 -6.9
 146.20	 -0.00	 0.0	 -0.00	 0.0	 -7.07	 -7.1
 146.40	 -0.00	 0.0	 -0.00	 0.0	 -7.22	 -7.2
 146.60	 -0.00	 0.0	 -0.00	 0.0	 -7.37	 -7.4
 146.80	 -0.00	 0.0	 -0.00	 0.0	 -7.51	 -7.5
 147.00	 -0.00	 0.0	 -0.00	 0.0	 -7.65	 -7.7
 147.20	 -0.00	 0.0	 -0.00	 0.0	 -7.79	 -7.8
 147.40	 -0.00	 0.0	 -0.00	 0.0	 -7.93	 -7.9
 147.60	 -0.00	 0.0	 -0.00	 0.0	 -8.06	 -8.1
 147.80	 -0.00	 0.0	 -0.00	 0.0	 -8.19	 -8.2
 148.00	 -0.00	 0.0	 -0.00	 0.0	 -8.32	 -8.3
 148.20	 -0.00	 0.0	 -0.00	 0.0	 -8.44	 -8.4
 148.40	 -0.00	 0.0	 -0.00	 0.0	 -8.56	 -8.6
 148.60	 -0.00	 0.0	 -0.00	 0.0	 -8.68	 -8.7
 148.80	 -0.00	 0.0	 -0.00	 0.0	 -8.79	 -8.8
 149.00	 -0.00	 0.0	 -0.00	 0.0	 -8.90	 -8.9
 149.20	 -0.00	 0.0	 -0.00	 0.0	 -9.01	 -9.0
 149.40	 -0.00	 0.0	 -0.00	 0.0	 -9.11	 -9.1
 149.60	 -0.00	 0.0	 -0.00	 0.0	 -9.22	 -9.2
 149.80	 -0.00	 0.0	 -0.00	 0.0	 -9.31	 -9.3
 150.00	 -0.00	 0.0	 -0.00	 0.0	 -9.41	 -9.4
 150.20	 -0.00	 0.0	 -0.00	 0.0	 -9.50	 -9.5
 150.40	 -0.00	 0.0	 -0.00	 0.0	 -9.60	 -9.6
 150.60	 -0.00	 0.0	 -0.00	 0.0	 -9.68	 -9.7
 150.80	 -0.00	 0.0	 -0.00	 0.0	 -9.77	 -9.8
 151.00	 -0.00	 0.0	 -0.00	 0.0	 -9.85	 -9.9
 151.20	 -0.00	 0.0	 -0.00	 0.0	 -9.93	 -9.9
 151.40	 -0.00	 0.0	 -0.00	 0.0	 -10.01	 -10.0
 151.60	 -0.00	 0.0	 -0.00	 0.0	 -10.08	 -10.1
 151.80	 -0.00	 0.0	 -0.00	 0.0	 -10.16	 -10.2
 152.00	 -0.00	 0.0	 -0.00	 0.0	 -10.23	 -10.2
 152.20	 -0.00	 0.0	 -0.00	 0.0	 -10.29	 -10.3
 152.40	 -0.00	 0.0	 -0.00	 0.0	 -10.36	 -10.4
 152.60	 -0.00	 0.0	 -0.00	 0.0	 -10.42	 -10.4
 152.80	 -0.00	 0.0	 -0.00	 0.0	 -10.48	 -10.5
 153.00	 -0.00	 0.0	 -0.00	 0.0	 -10.54	 -10.5
 153.20	 -0.00	 0.0	 -0.00	 0.0	 -10.59	 -10.6
 153.40	 -0.00	 0.0	 -0.00	 0.0	 -10.64	 -10.6
 153.60	 -0.00	 0.0	 -0.00	 0.0	 -10.69	 -10.7
 153.80	 -0.00	 0.0	 -0.00	 0.0	 -10.74	 -10.7
 154.00	 -0.00	 0.0	 -0.00	 0.0	 -10.79	 -10.8
 154.20	 -0.00	 0.0	 -0.00	 0.0	 -10.83	 -10.8
 154.40	 -0.00	 0.0	 -0.00	 0.0	 -10.87	 -10.9
 154.60	 -0.00	 0.0	 -0.00	 0.0	 -10.91	 -10.9
 154.80	 -0.00	 0.0	 -0.00	 0.0	 -10.95	 -10.9
 155.00	 -0.00	 0.0	 -0.00	 0.0	 -10.98	 -11.0
 155.20	 -0.00	 0.0	 -0.00	 0.0	 -11.01	 -11.0
 155.40	 -0.00	 0.0	 -0.00	 0.0	 -11.04	 -11.0
 155.60	 -0.00	 0.0	 -0.00	 0.0	 -11.07	 -11.1
 155.80	 -0.00	 0.0	 -0.00	 0.0	 -11.10	 -11.1
 156.00	 -0.00	 0.0	 -0.00	 0.0	 -11.12	 -11.1
 156.20	 -0.00	 0.0	 -0.00	 0.0	 -11.14	 -11.1
 156.40	 -0.00	 0.0	 -0.00	 0.0	 -11.16	 -11.2
 156.60	 -0.00	 0.0	 -0.00	 0.0	 -11.18	 -11.2
 156.80	 -0.00	 0.0	 -0.00	 0.0	 -11.19	 -11.2
 157.00	 -0.00	 0.0	 -0.00	 0.0	 -11.21	 -11.2
 157.20	 -0.00	 0.0	 -0.00	 0.0	 -11.22	 -11.2
 157.40	 -0.00	 0.0	 -0.00	 0.0	 -11.23	 -11.2
 157.60	 -0.00	 0.0	 -0.00	 0.0	 -11.24	 -11.2
 157.80	 -0.00	 0.0	 -0.00	 0.0	 -11.24	 -11.2
 158.00	 -0.00	 0.0	 -0.00	 0.0	 -11.25	 -11.2
 158.20	 -0.00	 0.0	 -0.00	 0.0	 -11.25	 -11.2
 158.40	 -0.00	 0.0	 -0.00	 0.0	 -11.25	 -11.2
 158.60	 -0.00	 0.0	 -0.00	 0.0	 -11.25	 -11.2
 158.80	 -0.00	 0.0	 -0.00	 0.0	 -11.24	 -11.2
 159.00	 -0.00	 0.0	 -0.00	 0.0	 -11.24	 -11.2
 159.20	 -0.00	 0.0	 -0.00	 0.0	 -11.23	 -11.2
 159.40	 -0.00	 0.0	 -0.00	 0.0	 -11.22	 -11.2
 159.60	 -0.00	 0.0	 -0.00	 0.0	 -11.21	 -11.2
 159.80	 -0.00	 0.0	 -0.00	 0.0	 -11.20	 -11.2
 160.00	 -0.00	 0.0	 -0.00	 0.0	 -11.19	 -11.2
 160.20	 -0.00	 0.0	 -0.00	 0.0	 -11.17	 -11.2
 160.40	 -0.00	 0.0	 -0.00	 0.0	 -11.16	 -11.2
 160.60	 -0.00	 0.0	 -0.00	 0.0	 -11.14	 -11.1
 160.80	 -0.00	 0.0	 -0.00	 0.0	 -11.12	 -11.1
 161.00	 -0.00	 0.0	 -0.00	 0.0	 -11.10	 -11.1
 161.20	 -0.00	 0.0	 -0.00	 0.0	 -11.08	 -11.1
 161.40	 -0.00	 0.0	 -0.00	 0.0	 -11.05	 -11.1
 161.60	 -0.00	 0.0	 -0.00	 0.0	 -11.03	 -11.0
 161.80	 -0.00	 0.0	 -0.00	 0.0	 -11.00	 -11.0
 162.00	 -0.00	 0.0	 -0.00	 0.0	 -10.97	 -11.0
 162.20	 -0.00	 0.0	 -0.00	 0.0	 -10.94	 -10.9
 162.40	 -0.00	 0.0	 -0.00	 0.0	 -10.91	 -10.9
 162.60	 -0.00	 0.0	 -0.00	 0.0	 -10.88	 -10.9
 162.80	 -0.00	 0.0	 -0.00	 0.0	 -10.85	 -10.8
 163.00	 -0.00	 0.0	 -0.00	 0.0	 -10.81	 -10.8
 163.20	 -0.00	 0.0	 -0.00	 0.0	 -10.78	 -10.8
 163.40	 -0.00	 0.0	 -0.00	 0.0	 -10.74	 -10.7
 163.60	 -0.00	 0.0	 -0.00	 0.0	 -10.70	 -10.7
 163.80	 -0.00	 0.0	 -0.00	 0.0	 -10.66	 -10.7
 164.00	 -0.00	 0.0	 -0.00	 0.0	 -10.62	 -10.6
 164.20	 -0.00	 0.0	 -0.00	 0.0	 -10.58	 -10.6
 164.40	 -0.00	 0.0	 -0.00	 0.0	 -10.53	 -10.5
 164.60	 -0.00	 0.0	 -0.00	 0.0	 -10.49	 -10.5
 164.80	 -0.00	 0.0	 -0.00	 0.0	 -10.44	 -10.4
 165.00	 -0.00	 0.0	 -0.00	 0.0	 -10.39	 -10.4
 165.20	 -0.00	 0.0	 -0.00	 0.0	 -10.35	 -10.3
 165.40	 -0.00	 0.0	 -0.00	 0.0	 -10.30	 -10.3
 165.60	 -0.00	 0.0	 -0.00	 0.0	 -10.25	 -10.2
 165.80	 -0.00	 0.0	 -0.00	 0.0	 -10.20	 -10.2
 166.00	 -0.00	 0.0	 -0.00	 0.0	 -10.14	 -10.1
 166.20	 -0.00	 0.0	 -0.00	 0.0	 -10.09	 -10.1
 166.40	 -0.00	 0.0	 -0.00	 0.0	 -10.04	 -10.0
 166.60	 -0.00	 0.0	 -0.00	 0.0	 -9.98	 -10.0
 166.80	 -0.00	 0.0	 -0.00	 0.0	 -9.93	 -9.9
 167.00	 -0.00	 0.0	 -0.00	 0.0	 -9.87	 -9.9
 167.20	 -0.00	 0.0	 -0.00	 0.0	 -9.81	 -9.8
 167.40	 -0.00	 0.0	 -0.00	 0.0	 -9.75	 -9.8
 167.60	 -0.00	 0.0	 -0.00	 0.0	 -9.69	 -9.7
 167.80	 -0.00	 0.0	 -0.00	 0.0	 -9.63	 -9.6
 168.00	 -0.00	 0.0	 -0.00	 0.0	 -9.57	 -9.6
 168.20	 -0.00	 0.0	 -0.00	 0.0	 -9.51	 -9.5
 168.40	 -0.00	 0.0	 -0.00	 0.0	 -9.45	 -9.4
 168.60	 -0.00	 0.0	 -0.00	 0.0	 -9.38	 -9.4
 168.80	 -0.00	 0.0	 -0.00	 0.0	 -9.32	 -9.3
 169.00	 -0.00	 0.0	 -0.00	 0.0	 -9.25	 -9.3
 169.20	 -0.00	 0.0	 -0.00	 0.0	 -9.19	 -9.2
 169.40	 -0.00	 0.0	 -0.00	 0.0	 -9.12	 -9.1
 169.60	 -0.00	 0.0	 -0.00	 0.0	 -9.05	 -9.1
 169.80	 -0.00	 0.0	 -0.00	 0.0	 -8.99	 -9.0
 170.00	 -0.00	 0.0	 -0.00	 0.0	 -8.92	 -8.9
 170.20	 -0.00	 0.0	 -0.00	 0.0	 -8.85	 -8.8
 170.40	 -0.00	 0.0	 -0.00	 0.0	 -8.78	 -8.8
 170.60	 -0.00	 0.0	 -0.00	 0.0	 -8.71	 -8.7
 170.80	 -0.00	 0.0	 -0.00	 0.0	 -8.64	 -8.6
 171.00	 -0.00	 0.0	 -0.00	 0.0	 -8.56	 -8.6
 171.20	 -0.00	 0.0	 -0.00	 0.0	 -8.49	 -8.5
 171.40	 -0.00	 0.0	 -0.00	 0.0	 -8.42	 -8.4
 171.60	 -0.00	 0.0	 -0.00	 0.0	 -8.35	 -8.3
 171.80	 -0.00	 0.0	 -0.00	 0.0	 -8.27	 -8.3
 172.00	 -0.00	 0.0	 -0.00	 0.0	 -8.20	 -8.2
 172.20	 -0.00	 0.0	 -0.00	 0.0	 -8.12	 -8.1
 172.40	 -0.00	 0.0	 -0.00	 0.0	 -8.05	 -8.0
 172.60	 -0.00	 0.0	 -0.00	 0.0	 -7.97	 -8.0
 172.80	 -0.00	 0.0	 -0.00	 0.0	 -7.90	 -7.9
 173.00	 -0.00	 0.0	 -0.00	 0.0	 -7.82	 -7.8
 173.20	 -0.00	 0.0	 -0.00	 0.0	 -7.75	 -7.7
 173.40	 -0.00	 0.0	 -0.00	 0.0	 -7.67	 -7.7
 173.60	 -0.00	 0.0	 -0.00	 0.0	 -7.59	 -7.6
 173.80	 -0.00	 0.0	 -0.00	 0.0	 -7.51	 -7.5
 174.00	 -0.00	 0.0	 -0.00	 0.0	 -7.44	 -7.4
 174.20	 -0.00	 0.0	 -0.00	 0.0	 -7.36	 -7.4
 174.40	 -0.00	 0.0	 -0.00	 0.0	 -7.28	 -7.3
 174.60	 -0.00	 0.0	 -0.00	 0.0	 -7.20	 -7.2
 174.80	 -0.00	 0.0	 -0.00	 0.0	 -7.12	 -7.1
 175.00	 -0.00	 0.0	 -0.00	 0.0	 -7.04	 -7.0
 175.20	 -0.00	 0.0	 -0.00	 0.0	 -6.96	 -7.0
 175.40	 -0.00	 0.0	 -0.00	 0.0	 -6.88	 -6.9
 175.60	 -0.00	 0.0	 -0.00	 0.0	 -6.80	 -6.8
 175.80	 -0.00	 0.0	 -0.00	 0.0	 -6.72	 -6.7
 176.00	 -0.00	 0.0	 -0.00	 0.0	 -6.64	 -6.6
 176.20	 -0.00	 0.0	 -0.00	 0.0	 -6.56	 -6.6
 176.40	 -0.00	 0.0	 -0.00	 0.0	 -6.48	 -6.5
 176.60	 -0.00	 0.0	 -0.00	 0.0	 -6.40	 -6.4
 176.80	 -0.00	 0.0	 -0.00	 0.0	 -6.32	 -6.3
 177.00	 -0.00	 0.0	 -0.00	 0.0	 -6.24	 -6.2
 177.20	 -0.00	 0.0	 -0.00	 0.0	 -6.16	 -6.2
 177.40	 -0.00	 0.0	 -0.00	 0.0	 -6.08	 -6.1
 177.60	 -0.00	 0.0	 -0.00	 0.0	 -6.00	 -6.0
 177.80	 -0.00	 0.0	 -0.00	 0.0	 -5.92	 -5.9
 178.00	 -0.00	 0.0	 -0.00	 0.0	 -5.83	 -5.8
 178.20	 -0.00	 0.0	 -0.00	 0.0	 -5.75	 -5.8
 178.40	 -0.00	 0.0	 -0.00	 0.0	 -5.67	 -5.7
 178.60	 -0.00	 0.0	 -0.00	 0.0	 -5.59	 -5.6
 178.80	 -0.00	 0.0	 -0.00	 0.0	 -5.51	 -5.5
 179.00	 -0.00	 0.0	 -0.00	 0.0	 -5.43	 -5.4
 179.20	 -0.00	 0.0	 -0.00	 0.0	 -5.35	 -5.3
 179.40	 -0.00	 0.0	 -0.00	 0.0	 -5.27	 -5.3
 179.60	 -0.00	 0.0	 -0.00	 0.0	 -5.19	 -5.2
 179.80	 -0.00	 0.0	 -0.00	 0.0	 -5.11	 -5.1
 180.00	 -0.00	 0.0	 -0.00	 0.0	 -5.03	 -5.0
 180.20	 -0.00	 0.0	 -0.00	 0.0	 -4.95	 -4.9
 180.40	 -0.00	 0.0	 -0.00	 0.0	 -4.87	 -4.9
 180.60	 -0.00	 0.0	 -0.00	 0.0	 -4.79	 -4.8
 180.80	 -0.00	 0.0	 -0.00	 0.0	 -4.71	 -4.7
 181.00	 -0.00	 0.0	 -0.00	 0.0	 -4.63	 -4.6
 181.20	 -0.00	 0.0	 -0.00	 0.0	 -4.55	 -4.5
 181.40	 -0.00	 0.0	 -0.00	 0.0	 -4.47	 -4.5
 181.60	 -0.00	 0.0	 -0.00	 0.0	 -4.39	 -4.4
 181.80	 -0.00	 0.0	 -0.00	 0.0	 -4.31	 -4.3
 182.00	 -0.00	 0.0	 -0.00	 0.0	 -4.23	 -4.2
 182.20	 -0.00	 0.0	 -0.00	 0.0	 -4.16	 -4.2
 182.40	 -0.00	 0.0	 -0.00	 0.0	 -4.08	 -4.1
 182.60	 -0.00	 0.0	 -0.00	 0.0	 -4.00	 -4.0
 182.80	 -0.00	 0.0	 -0.00	 0.0	 -3.92	 -3.9
 183.00	 -0.00	 0.0	 -0.00	 0.0	 -3.85	 -3.8
 183.20	 -0.00	 0.0	 -0.00	 0.0	 -3.77	 -3.8
 183.40	 -0.00	 0.0	 -0.00	 0.0	 -3.70	 -3.7
 183.60	 -0.00	 0.0	 -0.00	 0.0	 -3.62	 -3.6
 183.80	 -0.00	 0.0	 -0.00	 0.0	 -3.54	 -3.5
 184.00	 -0.00	 0.0	 -0.00	 0.0	 -3.47	 -3.5
 184.20	 -0.00	 0.0	 -0.00	 0.0	 -3.40	 -3.4
 184.40	 -0.00	 0.0	 -0.00	 0.0	 -3.32	 -3.3
 184.60	 -0.00	 0.0	 -0.00	 0.0	 -3.25	 -3.2
 184.80	 -0.00	 0.0	 -0.00	 0.0	 -3.18	 -3.2
 185.00	 -0.00	 0.0	 -0.00	 0.0	 -3.10	 -3.1
 185.20	 -0.00	 0.0	 -0.00	 0.0	 -3.03	 -3.0
 185.40	 -0.00	 0.0	 -0.00	 0.0	 -2.96	 -3.0
 185.60	 -0.00	 0.0	 -0.00	 0.0	 -2.89	 -2.9
 185.80	 -0.00	 0.0	 -0.00	 0.0	 -2.82	 -2.8
 186.00	 -0.00	 0.0	 -0.00	 0.0	 -2.75	 -2.7
 186.20	 -0.00	 0.0	 -0.00	 0.0	 -2.68	 -2.7
 186.40	 -0.00	 0.0	 -0.00	 0.0	 -2.61	 -2.6
 186.60	 -0.00	 0.0	 -0.00	 0.0	 -2.54	 -2.5
 186.80	 -0.00	 0.0	 -0.00	 0.0	 -2.48	 -2.5
 187.00	 -0.00	 0.0	 -0.00	 0.0	 -2.41	 -2.4
 187.20	 -0.00	 0.0	 -0.00	 0.0	 -2.34	 -2.3
 187.40	 -0.00	 0.0	 -0.00	 0.0	 -2.28	 -2.3
 187.60	 -0.00	 0.0	 -0.00	 0.0	 -2.21	 -2.2
 187.80	 -0.00	 0.0	 -0.00	 0.0	 -2.15	 -2.1
 188.00	 -0.00	 0.0	 -0.00	 0.0	 -2.08	 -2.1
 188.20	 -0.00	 0.0	 -0.00	 0.0	 -2.02	 -2.0
 188.40	 -0.00	 0.0	 -0.00	 0.0	 -1.96	 -2.0
 188.60	 -0.00	 0.0	 -0.00	 0.0	 -1.90	 -1.9
 188.80	 -0.00	 0.0	 -0.00	 0.0	 -1.84	 -1.8
 189.00	 -0.00	 0.0	 -0.00	 0.0	 -1.78	 -1.8
 189.20	 -0.00	 0.0	 -0.00	 0.0	 -1.72	 -1.7
 189.40	 -0.00	 0.0	 -0.00	 0.0	 -1.66	 -1.7
 189.60	 -0.00	 0.0	 -0.00	 0.0	 -1.60	 -1.6
 189.80	 -0.00	 0.0	 -0.00	 0.0	 -1.54	 -1.5
 190.00	 -0.00	 0.0	 -0.00	 0.0	 -1.49	 -1.5
 190.20	 -0.00	 0.0	 -0.00	 0.0	 -1.43	 -1.4
 190.40	 -0.00	 0.0	 -0.00	 0.0	 -1.38	 -1.4
 190.60	 -0.00	 0.0	 -0.00	 0.0	 -1.33	 -1.3
 190.80	 -0.00	 0.0	 -0.00	 0.0	 -1.27	 -1.3
 191.00	 -0.00	 0.0	 -0.00	 0.0	 -1.22	 -1.2
 191.20	 -0.00	 0.0	 -0.00	 0.0	 -1.17	 -1.2
 191.40	 -0.00	 0.0	 -0.00	 0.0	 -1.12	 -1.1
 191.60	 -0.00	 0.0	 -0.00	 0.0	 -1.07	 -1.1
 191.80	 -0.00	 0.0	 -0.00	 0.0	 -1.02	 -1.0
 192.00	 -0.00	 0.0	 -0.00	 0.0	 -0.98	 -1.0
 192.20	 -0.00	 0.0	 -0.00	 0.0	 -0.93	 -0.9
 192.40	 -0.00	 0.0	 -0.00	 0.0	 -0.88	 -0.9
 192.60	 -0.00	 0.0	 -0.00	 0.0	 -0.84	 -0.8
 192.80	 -0.00	 0.0	 -0.00	 0.0	 -0.80	 -0.8
 193.00	 -0.00	 0.0	 -0.00	 0.0	 -0.75	 -0.8
 193.20	 -0.00	 0.0	 -0.00	 0.0	 -0.71	 -0.7
 193.40	 -0.00	 0.0	 -0.00	 0.0	 -0.67	 -0.7
 193.60	 -0.00	 0.0	 -0.00	 0.0	 -0.63	 -0.6
 193.80	 -0.00	 0.0	 -0.00	 0.0	 -0.59	 -0.6
 194.00	 -0.00	 0.0	 -0.00	 0.0	 -0.56	 -0.6
 194.20	 -0.00	 0.0	 -0.00	 0.0	 -0.52	 -0.5
 194.40	 -0.00	 0.0	 -0.00	 0.0	 -0.49	 -0.5
 194.60	 -0.00	 0.0	 -0.00	 0.0	 -0.45	 -0.5
 194.80	 -0.00	 0.0	 -0.00	 0.0	 -0.42	 -0.4
 195.00	 -0.00	 0.0	 -0.00	 0.0	 -0.39	 -0.4
 195.20	 -0.00	 0.0	 -0.00	 0.0	 -0.36	 -0.4
 195.40	 -0.00	 0.0	 -0.00	 0.0	 -0.33	 -0.3
 195.60	 -0.00	 0.0	 -0.00	 0.0	 -0.30	 -0.3
 195.80	 -0.00	 0.0	 -0.00	 0.0	 -0.27	 -0.3
 196.00	 -0.00	 0.0	 -0.00	 0.0	 -0.25	 -0.2
 196.20	 -0.00	 0.0	 -0.00	 0.0	 -0.22	 -0.2
 196.40	 -0.00	 0.0	 -0.00	 0.0	 -0.20	 -0.2
 196.60	 -0.00	 0.0	 -0.00	 0.0	 -0.18	 -0.2
 196.80	 -0.00	 0.0	 -0.00	 0.0	 -0.16	 -0.2
 197.00	 -0.00	 0.0	 -0.00	 0.0	 -0.14	 -0.1
 197.20	 -0.00	 0.0	 -0.00	 0.0	 -0.12	 -0.1
 197.40	 -0.00	 0.0	 -0.00	 0.0	 -0.10	 -0.1
 197.60	 -0.00	 0.0	 -0.00	 0.0	 -0.08	 -0.0
 197.80	 -0.00	 0.0	 -0.00	 0.0	 -0.07	 -0.0
 198.00	 -0.00	 0.0	 -0.00	 0.0	 -0.06	 -0.0
 198.20	 -0.00	 0.0	 -0.00	 0.0	 -0.05	 -0.0
 198.40	 -0.00	 0.0	 -0.00	 0.0	 -0.03	 -0.0
 198.60	 -0.00	 0.0	 -0.00	 0.0	 -0.03	 -0.0
 198.80	 -0.00	 0.0	 -0.00	 0.0	 -0.02	 -0.0
 199.00	 -0.00	 0.0	 -0.00	 0.0	 -0.01	 -0.0
 199.20	 -0.00	 0.0	 -0.00	 0.0	 -0.00	 -0.0
 199.40	 -0.00	 0.0	 -0.00	 0.0	 -0.00	 -0.0
 199.60	 -0.00	 0.0	 -0.00	 0.0	 -0.00	 -0.0
 199.80	 -0.00	 0.0	 -0.00	 0.0	 -0.00	 -0.0
 200.00	 -0.00	 0.0	 -0.00	 0.0	 -0.00	 -0.0
