Flexi¢n modelo CC.   Tiempo: 0.00 My.
x(Km)	   -w(m)     h(m)      dg(mgal)
0.00    -10340.6631     0
0.20    -10270.7695     0
0.40    -10200.8760     0
0.60    -10130.9883     0
0.80    -10061.1143     0
1.00    -9991.2598     0
1.20    -9921.4307     0
1.40    -9851.6318     0
1.60    -9781.8701     0
1.80    -9712.1514     0
2.00    -9642.4824     0
2.20    -9572.8682     0
2.40    -9503.3154     0
2.60    -9433.8291     0
2.80    -9364.4141     0
3.00    -9295.0762     0
3.20    -9225.8213     0
3.40    -9156.6543     0
3.60    -9087.5811     0
3.80    -9018.6055     0
4.00    -8949.7334     0
4.20    -8880.9688     0
4.40    -8812.3174     0
4.60    -8743.7832     0
4.80    -8675.3711     0
5.00    -8607.0859     0
5.20    -8538.9326     0
5.40    -8470.9150     0
5.60    -8403.0381     0
5.80    -8335.3057     0
6.00    -8267.7207     0
6.20    -8200.2891     0
6.40    -8133.0142     0
6.60    -8065.9004     0
6.80    -7998.9517     0
7.00    -7932.1719     0
7.20    -7865.5649     0
7.40    -7799.1353     0
7.60    -7732.8857     0
7.80    -7666.8203     0
8.00    -7600.9429     0
8.20    -7535.2568     0
8.40    -7469.7651     0
8.60    -7404.4717     0
8.80    -7339.3789     0
9.00    -7274.4917     0
9.20    -7209.8120     0
9.40    -7145.3438     0
9.60    -7081.0898     0
9.80    -7017.0527     0
10.00    -6953.2358     0
10.20    -6889.6426     0
10.40    -6826.2759     0
10.60    -6763.1377     0
10.80    -6700.2310     0
11.00    -6637.5581     0
11.20    -6575.1216     0
11.40    -6512.9243     0
11.60    -6450.9683     0
11.80    -6389.2563     0
12.00    -6327.7910     0
12.20    -6266.5747     0
12.40    -6205.6099     0
12.60    -6144.8984     0
12.80    -6084.4424     0
13.00    -6024.2441     0
13.20    -5964.3057     0
13.40    -5904.6284     0
13.60    -5845.2148     0
13.80    -5786.0669     0
14.00    -5727.1865     0
14.20    -5668.5752     0
14.40    -5610.2349     0
14.60    -5552.1670     0
14.80    -5494.3730     0
15.00    -5436.8545     0
15.20    -5379.6133     0
15.40    -5322.6514     0
15.60    -5265.9702     0
15.80    -5209.5703     0
16.00    -5153.4531     0
16.20    -5097.6206     0
16.40    -5042.0737     0
16.60    -4986.8140     0
16.80    -4931.8428     0
17.00    -4877.1611     0
17.20    -4822.7700     0
17.40    -4768.6704     0
17.60    -4714.8633     0
17.80    -4661.3496     0
18.00    -4608.1309     0
18.20    -4555.2075     0
18.40    -4502.5811     0
18.60    -4450.2520     0
18.80    -4398.2212     0
19.00    -4346.4888     0
19.20    -4295.0557     0
19.40    -4243.9229     0
19.60    -4193.0913     0
19.80    -4142.5615     0
20.00    -4092.3335     0
20.20    -4042.4080     0
20.40    -3992.7854     0
20.60    -3943.4666     0
20.80    -3894.4521     0
21.00    -3845.7422     0
21.20    -3797.3367     0
21.40    -3749.2361     0
21.60    -3701.4409     0
21.80    -3653.9514     0
22.00    -3606.7678     0
22.20    -3559.8904     0
22.40    -3513.3196     0
22.60    -3467.0554     0
22.80    -3421.0977     0
23.00    -3375.4460     0
23.20    -3330.1013     0
23.40    -3285.0630     0
23.60    -3240.3313     0
23.80    -3195.9062     0
24.00    -3151.7876     0
24.20    -3107.9751     0
24.40    -3064.4685     0
24.60    -3021.2683     0
24.80    -2978.3740     0
25.00    -2935.7854     0
25.20    -2893.5024     0
25.40    -2851.5249     0
25.60    -2809.8525     0
25.80    -2768.4851     0
26.00    -2727.4224     0
26.20    -2686.6638     0
26.40    -2646.2090     0
26.60    -2606.0576     0
26.80    -2566.2092     0
27.00    -2526.6636     0
27.20    -2487.4199     0
27.40    -2448.4780     0
27.60    -2409.8374     0
27.80    -2371.4976     0
28.00    -2333.4578     0
28.20    -2295.7178     0
28.40    -2258.2769     0
28.60    -2221.1343     0
28.80    -2184.2896     0
29.00    -2147.7419     0
29.20    -2111.4910     0
29.40    -2075.5356     0
29.60    -2039.8754     0
29.80    -2004.5096     0
30.00    -1969.4376     0
30.20    -1934.6584     0
30.40    -1900.1715     0
30.60    -1865.9760     0
30.80    -1832.0708     0
31.00    -1798.4554     0
31.20    -1765.1290     0
31.40    -1732.0908     0
31.60    -1699.3400     0
31.80    -1666.8755     0
32.00    -1634.6967     0
32.20    -1602.8025     0
32.40    -1571.1921     0
32.60    -1539.8644     0
32.80    -1508.8186     0
33.00    -1478.0537     0
33.20    -1447.5688     0
33.40    -1417.3629     0
33.60    -1387.4349     0
33.80    -1357.7841     0
34.00    -1328.4091     0
34.20    -1299.3088     0
34.40    -1270.4825     0
34.60    -1241.9291     0
34.80    -1213.6472     0
35.00    -1185.6360     0
35.20    -1157.8945     0
35.40    -1130.4216     0
35.60    -1103.2161     0
35.80    -1076.2769     0
36.00    -1049.6027     0
36.20    -1023.1925     0
36.40    -997.0452     0
36.60    -971.1597     0
36.80    -945.5349     0
37.00    -920.1696     0
37.20    -895.0625     0
37.40    -870.2125     0
37.60    -845.6183     0
37.80    -821.2788     0
38.00    -797.1928     0
38.20    -773.3592     0
38.40    -749.7766     0
38.60    -726.4439     0
38.80    -703.3598     0
39.00    -680.5231     0
39.20    -657.9325     0
39.40    -635.5868     0
39.60    -613.4847     0
39.80    -591.6251     0
40.00    -570.0065     0
40.20    -548.6277     0
40.40    -527.4875     0
40.60    -506.5846     0
40.80    -485.9177     0
41.00    -465.4855     0
41.20    -445.2867     0
41.40    -425.3199     0
41.60    -405.5840     0
41.80    -386.0776     0
42.00    -366.7994     0
42.20    -347.7481     0
42.40    -328.9224     0
42.60    -310.3209     0
42.80    -291.9424     0
43.00    -273.7855     0
43.20    -255.8488     0
43.40    -238.1312     0
43.60    -220.6311     0
43.80    -203.3474     0
44.00    -186.2786     0
44.20    -169.4235     0
44.40    -152.7806     0
44.60    -136.3487     0
44.80    -120.1264     0
45.00    -104.1124     0
45.20    -88.3053     0
45.40    -72.7038     0
45.60    -57.3065     0
45.80    -42.1121     0
46.00    -27.1193     0
46.20    -12.3266     0
46.40    2.2671     0
46.60    16.6634     0
46.80    30.8635     0
47.00    44.8687     0
47.20    58.6805     0
47.40    72.3001     0
47.60    85.7289     0
47.80    98.9683     0
48.00    112.0196     0
48.20    124.8841     0
48.40    137.5632     0
48.60    150.0582     0
48.80    162.3704     0
49.00    174.5013     0
49.20    186.4521     0
49.40    198.2241     0
49.60    209.8187     0
49.80    221.2373     0
50.00    232.4811     0
50.20    243.5515     0
50.40    254.4499     0
50.60    265.1775     0
50.80    275.7357     0
51.00    286.1257     0
51.20    296.3490     0
51.40    306.4067     0
51.60    316.3003     0
51.80    326.0310     0
52.00    335.6002     0
52.20    345.0091     0
52.40    354.2590     0
52.60    363.3512     0
52.80    372.2871     0
53.00    381.0679     0
53.20    389.6949     0
53.40    398.1695     0
53.60    406.4927     0
53.80    414.6660     0
54.00    422.6907     0
54.20    430.5679     0
54.40    438.2989     0
54.60    445.8851     0
54.80    453.3277     0
55.00    460.6280     0
55.20    467.7871     0
55.40    474.8064     0
55.60    481.6870     0
55.80    488.4303     0
56.00    495.0375     0
56.20    501.5098     0
56.40    507.8484     0
56.60    514.0546     0
56.80    520.1295     0
57.00    526.0745     0
57.20    531.8906     0
57.40    537.5792     0
57.60    543.1412     0
57.80    548.5781     0
58.00    553.8910     0
58.20    559.0811     0
58.40    564.1495     0
58.60    569.0975     0
58.80    573.9261     0
59.00    578.6367     0
59.20    583.2303     0
59.40    587.7082     0
59.60    592.0714     0
59.80    596.3210     0
60.00    600.4583     0
60.20    604.4844     0
60.40    608.4005     0
60.60    612.2076     0
60.80    615.9068     0
61.00    619.4993     0
61.20    622.9861     0
61.40    626.3684     0
61.60    629.6473     0
61.80    632.8240     0
62.00    635.8995     0
62.20    638.8749     0
62.40    641.7513     0
62.60    644.5298     0
62.80    647.2113     0
63.00    649.7970     0
63.20    652.2879     0
63.40    654.6851     0
63.60    656.9895     0
63.80    659.2023     0
64.00    661.3245     0
64.20    663.3571     0
64.40    665.3012     0
64.60    667.1578     0
64.80    668.9278     0
65.00    670.6122     0
65.20    672.2122     0
65.40    673.7285     0
65.60    675.1624     0
65.80    676.5147     0
66.00    677.7865     0
66.20    678.9786     0
66.40    680.0922     0
66.60    681.1280     0
66.80    682.0871     0
67.00    682.9705     0
67.20    683.7790     0
67.40    684.5136     0
67.60    685.1752     0
67.80    685.7648     0
68.00    686.2832     0
68.20    686.7314     0
68.40    687.1102     0
68.60    687.4207     0
68.80    687.6636     0
69.00    687.8400     0
69.20    687.9506     0
69.40    687.9965     0
69.60    687.9784     0
69.80    687.8973     0
70.00    687.7539     0
70.20    687.5492     0
70.40    687.2839     0
70.60    686.9590     0
70.80    686.5751     0
71.00    686.1332     0
71.20    685.6342     0
71.40    685.0787     0
71.60    684.4676     0
71.80    683.8018     0
72.00    683.0820     0
72.20    682.3090     0
72.40    681.4837     0
72.60    680.6068     0
72.80    679.6790     0
73.00    678.7011     0
73.20    677.6740     0
73.40    676.5984     0
73.60    675.4750     0
73.80    674.3047     0
74.00    673.0881     0
74.20    671.8259     0
74.40    670.5190     0
74.60    669.1680     0
74.80    667.7736     0
75.00    666.3366     0
75.20    664.8576     0
75.40    663.3373     0
75.60    661.7766     0
75.80    660.1760     0
76.00    658.5363     0
76.20    656.8581     0
76.40    655.1422     0
76.60    653.3891     0
76.80    651.5996     0
77.00    649.7742     0
77.20    647.9138     0
77.40    646.0187     0
77.60    644.0898     0
77.80    642.1276     0
78.00    640.1328     0
78.20    638.1060     0
78.40    636.0479     0
78.60    633.9589     0
78.80    631.8398     0
79.00    629.6911     0
79.20    627.5135     0
79.40    625.3076     0
79.60    623.0739     0
79.80    620.8130     0
80.00    618.5255     0
80.20    616.2120     0
80.40    613.8731     0
80.60    611.5093     0
80.80    609.1211     0
81.00    606.7091     0
81.20    604.2738     0
81.40    601.8157     0
81.60    599.3354     0
81.80    596.8334     0
82.00    594.3102     0
82.20    591.7665     0
82.40    589.2026     0
82.60    586.6191     0
82.80    584.0167     0
83.00    581.3956     0
83.20    578.7565     0
83.40    576.0997     0
83.60    573.4258     0
83.80    570.7353     0
84.00    568.0286     0
84.20    565.3063     0
84.40    562.5687     0
84.60    559.8163     0
84.80    557.0495     0
85.00    554.2687     0
85.20    551.4745     0
85.40    548.6674     0
85.60    545.8477     0
85.80    543.0158     0
86.00    540.1722     0
86.20    537.3174     0
86.40    534.4517     0
86.60    531.5754     0
86.80    528.6891     0
87.00    525.7932     0
87.20    522.8881     0
87.40    519.9741     0
87.60    517.0516     0
87.80    514.1210     0
88.00    511.1828     0
88.20    508.2372     0
88.40    505.2847     0
88.60    502.3254     0
88.80    499.3599     0
89.00    496.3884     0
89.20    493.4114     0
89.40    490.4293     0
89.60    487.4423     0
89.80    484.4508     0
90.00    481.4552     0
90.20    478.4558     0
90.40    475.4530     0
90.60    472.4470     0
90.80    469.4381     0
91.00    466.4268     0
91.20    463.4132     0
91.40    460.3977     0
91.60    457.3807     0
91.80    454.3623     0
92.00    451.3430     0
92.20    448.3229     0
92.40    445.3024     0
92.60    442.2817     0
92.80    439.2611     0
93.00    436.2410     0
93.20    433.2215     0
93.40    430.2029     0
93.60    427.1856     0
93.80    424.1697     0
94.00    421.1556     0
94.20    418.1434     0
94.40    415.1335     0
94.60    412.1261     0
94.80    409.1214     0
95.00    406.1197     0
95.20    403.1213     0
95.40    400.1262     0
95.60    397.1348     0
95.80    394.1472     0
96.00    391.1638     0
96.20    388.1848     0
96.40    385.2104     0
96.60    382.2407     0
96.80    379.2761     0
97.00    376.3166     0
97.20    373.3625     0
97.40    370.4141     0
97.60    367.4714     0
97.80    364.5348     0
98.00    361.6043     0
98.20    358.6803     0
98.40    355.7628     0
98.60    352.8521     0
98.80    349.9482     0
99.00    347.0515     0
99.20    344.1620     0
99.40    341.2800     0
99.60    338.4055     0
99.80    335.5388     0
100.00    332.6801     0
100.20    329.8293     0
100.40    326.9869     0
100.60    324.1528     0
100.80    321.3273     0
101.00    318.5104     0
101.20    315.7024     0
101.40    312.9033     0
101.60    310.1133     0
101.80    307.3326     0
102.00    304.5612     0
102.20    301.7994     0
102.40    299.0472     0
102.60    296.3048     0
102.80    293.5723     0
103.00    290.8498     0
103.20    288.1374     0
103.40    285.4353     0
103.60    282.7435     0
103.80    280.0622     0
104.00    277.3914     0
104.20    274.7313     0
104.40    272.0819     0
104.60    269.4434     0
104.80    266.8159     0
105.00    264.1995     0
105.20    261.5943     0
105.40    259.0003     0
105.60    256.4176     0
105.80    253.8464     0
106.00    251.2866     0
106.20    248.7385     0
106.40    246.2021     0
106.60    243.6773     0
106.80    241.1645     0
107.00    238.6635     0
107.20    236.1745     0
107.40    233.6975     0
107.60    231.2326     0
107.80    228.7799     0
108.00    226.3394     0
108.20    223.9112     0
108.40    221.4953     0
108.60    219.0919     0
108.80    216.7010     0
109.00    214.3225     0
109.20    211.9567     0
109.40    209.6035     0
109.60    207.2629     0
109.80    204.9351     0
110.00    202.6201     0
110.20    200.3178     0
110.40    198.0285     0
110.60    195.7520     0
110.80    193.4885     0
111.00    191.2379     0
111.20    189.0004     0
111.40    186.7758     0
111.60    184.5644     0
111.80    182.3661     0
112.00    180.1809     0
112.20    178.0088     0
112.40    175.8500     0
112.60    173.7043     0
112.80    171.5719     0
113.00    169.4527     0
113.20    167.3468     0
113.40    165.2542     0
113.60    163.1749     0
113.80    161.1089     0
114.00    159.0563     0
114.20    157.0170     0
114.40    154.9910     0
114.60    152.9785     0
114.80    150.9792     0
115.00    148.9934     0
115.20    147.0210     0
115.40    145.0619     0
115.60    143.1163     0
115.80    141.1840     0
116.00    139.2652     0
116.20    137.3597     0
116.40    135.4677     0
116.60    133.5891     0
116.80    131.7238     0
117.00    129.8719     0
117.20    128.0334     0
117.40    126.2083     0
117.60    124.3965     0
117.80    122.5980     0
118.00    120.8130     0
118.20    119.0412     0
118.40    117.2827     0
118.60    115.5376     0
118.80    113.8058     0
119.00    112.0872     0
119.20    110.3819     0
119.40    108.6898     0
119.60    107.0110     0
119.80    105.3453     0
120.00    103.6928     0
120.20    102.0535     0
120.40    100.4273     0
120.60    98.8142     0
120.80    97.2142     0
121.00    95.6273     0
121.20    94.0533     0
121.40    92.4924     0
121.60    90.9445     0
121.80    89.4095     0
122.00    87.8875     0
122.20    86.3783     0
122.40    84.8820     0
122.60    83.3985     0
122.80    81.9278     0
123.00    80.4699     0
123.20    79.0247     0
123.40    77.5922     0
123.60    76.1724     0
123.80    74.7652     0
124.00    73.3705     0
124.20    71.9885     0
124.40    70.6189     0
124.60    69.2619     0
124.80    67.9173     0
125.00    66.5851     0
125.20    65.2652     0
125.40    63.9577     0
125.60    62.6625     0
125.80    61.3795     0
126.00    60.1087     0
126.20    58.8500     0
126.40    57.6035     0
126.60    56.3690     0
126.80    55.1465     0
127.00    53.9361     0
127.20    52.7375     0
127.40    51.5509     0
127.60    50.3761     0
127.80    49.2131     0
128.00    48.0618     0
128.20    46.9223     0
128.40    45.7944     0
128.60    44.6781     0
128.80    43.5733     0
129.00    42.4801     0
129.20    41.3984     0
129.40    40.3280     0
129.60    39.2690     0
129.80    38.2213     0
130.00    37.1849     0
130.20    36.1597     0
130.40    35.1456     0
130.60    34.1427     0
130.80    33.1508     0
131.00    32.1699     0
131.20    31.2000     0
131.40    30.2409     0
131.60    29.2927     0
131.80    28.3553     0
132.00    27.4286     0
132.20    26.5126     0
132.40    25.6072     0
132.60    24.7124     0
132.80    23.8281     0
133.00    22.9543     0
133.20    22.0909     0
133.40    21.2379     0
133.60    20.3951     0
133.80    19.5626     0
134.00    18.7403     0
134.20    17.9282     0
134.40    17.1261     0
134.60    16.3340     0
134.80    15.5519     0
135.00    14.7797     0
135.20    14.0174     0
135.40    13.2648     0
135.60    12.5220     0
135.80    11.7889     0
136.00    11.0654     0
136.20    10.3515     0
136.40    9.6471     0
136.60    8.9521     0
136.80    8.2665     0
137.00    7.5903     0
137.20    6.9234     0
137.40    6.2657     0
137.60    5.6171     0
137.80    4.9777     0
138.00    4.3473     0
138.20    3.7259     0
138.40    3.1135     0
138.60    2.5099     0
138.80    1.9151     0
139.00    1.3292     0
139.20    0.7519     0
139.40    0.1832     0
139.60    -0.3768     0
139.80    -0.9283     0
140.00    -1.4713     0
140.20    -2.0060     0
140.40    -2.5322     0
140.60    -3.0502     0
140.80    -3.5599     0
141.00    -4.0615     0
141.20    -4.5549     0
141.40    -5.0402     0
141.60    -5.5175     0
141.80    -5.9869     0
142.00    -6.4484     0
142.20    -6.9020     0
142.40    -7.3479     0
142.60    -7.7860     0
142.80    -8.2165     0
143.00    -8.6393     0
143.20    -9.0547     0
143.40    -9.4625     0
143.60    -9.8628     0
143.80    -10.2558     0
144.00    -10.6415     0
144.20    -11.0199     0
144.40    -11.3911     0
144.60    -11.7551     0
144.80    -12.1121     0
145.00    -12.4620     0
145.20    -12.8049     0
145.40    -13.1409     0
145.60    -13.4700     0
145.80    -13.7923     0
146.00    -14.1078     0
146.20    -14.4167     0
146.40    -14.7188     0
146.60    -15.0144     0
146.80    -15.3035     0
147.00    -15.5861     0
147.20    -15.8622     0
147.40    -16.1320     0
147.60    -16.3955     0
147.80    -16.6526     0
148.00    -16.9036     0
148.20    -17.1485     0
148.40    -17.3872     0
148.60    -17.6199     0
148.80    -17.8466     0
149.00    -18.0674     0
149.20    -18.2822     0
149.40    -18.4913     0
149.60    -18.6946     0
149.80    -18.8921     0
150.00    -19.0840     0
150.20    -19.2703     0
150.40    -19.4510     0
150.60    -19.6262     0
150.80    -19.7959     0
151.00    -19.9602     0
151.20    -20.1192     0
151.40    -20.2729     0
151.60    -20.4213     0
151.80    -20.5645     0
152.00    -20.7026     0
152.20    -20.8355     0
152.40    -20.9635     0
152.60    -21.0864     0
152.80    -21.2044     0
153.00    -21.3175     0
153.20    -21.4257     0
153.40    -21.5292     0
153.60    -21.6279     0
153.80    -21.7219     0
154.00    -21.8113     0
154.20    -21.8960     0
154.40    -21.9763     0
154.60    -22.0520     0
154.80    -22.1233     0
155.00    -22.1901     0
155.20    -22.2527     0
155.40    -22.3109     0
155.60    -22.3649     0
155.80    -22.4146     0
156.00    -22.4602     0
156.20    -22.5017     0
156.40    -22.5392     0
156.60    -22.5726     0
156.80    -22.6020     0
157.00    -22.6275     0
157.20    -22.6492     0
157.40    -22.6670     0
157.60    -22.6810     0
157.80    -22.6913     0
158.00    -22.6979     0
158.20    -22.7008     0
158.40    -22.7002     0
158.60    -22.6959     0
158.80    -22.6882     0
159.00    -22.6770     0
159.20    -22.6624     0
159.40    -22.6444     0
159.60    -22.6231     0
159.80    -22.5985     0
160.00    -22.5706     0
160.20    -22.5396     0
160.40    -22.5053     0
160.60    -22.4680     0
160.80    -22.4276     0
161.00    -22.3841     0
161.20    -22.3377     0
161.40    -22.2883     0
161.60    -22.2361     0
161.80    -22.1809     0
162.00    -22.1230     0
162.20    -22.0622     0
162.40    -21.9988     0
162.60    -21.9326     0
162.80    -21.8638     0
163.00    -21.7924     0
163.20    -21.7184     0
163.40    -21.6418     0
163.60    -21.5628     0
163.80    -21.4814     0
164.00    -21.3975     0
164.20    -21.3112     0
164.40    -21.2226     0
164.60    -21.1318     0
164.80    -21.0386     0
165.00    -20.9433     0
165.20    -20.8458     0
165.40    -20.7461     0
165.60    -20.6444     0
165.80    -20.5406     0
166.00    -20.4348     0
166.20    -20.3270     0
166.40    -20.2172     0
166.60    -20.1056     0
166.80    -19.9920     0
167.00    -19.8767     0
167.20    -19.7595     0
167.40    -19.6406     0
167.60    -19.5200     0
167.80    -19.3976     0
168.00    -19.2737     0
168.20    -19.1481     0
168.40    -19.0209     0
168.60    -18.8923     0
168.80    -18.7621     0
169.00    -18.6304     0
169.20    -18.4973     0
169.40    -18.3628     0
169.60    -18.2269     0
169.80    -18.0897     0
170.00    -17.9513     0
170.20    -17.8115     0
170.40    -17.6706     0
170.60    -17.5284     0
170.80    -17.3851     0
171.00    -17.2407     0
171.20    -17.0952     0
171.40    -16.9486     0
171.60    -16.8010     0
171.80    -16.6525     0
172.00    -16.5030     0
172.20    -16.3525     0
172.40    -16.2012     0
172.60    -16.0490     0
172.80    -15.8960     0
173.00    -15.7422     0
173.20    -15.5877     0
173.40    -15.4325     0
173.60    -15.2765     0
173.80    -15.1199     0
174.00    -14.9627     0
174.20    -14.8048     0
174.40    -14.6465     0
174.60    -14.4875     0
174.80    -14.3281     0
175.00    -14.1682     0
175.20    -14.0079     0
175.40    -13.8472     0
175.60    -13.6861     0
175.80    -13.5246     0
176.00    -13.3628     0
176.20    -13.2008     0
176.40    -13.0385     0
176.60    -12.8760     0
176.80    -12.7133     0
177.00    -12.5504     0
177.20    -12.3874     0
177.40    -12.2243     0
177.60    -12.0612     0
177.80    -11.8980     0
178.00    -11.7347     0
178.20    -11.5715     0
178.40    -11.4084     0
178.60    -11.2453     0
178.80    -11.0823     0
179.00    -10.9195     0
179.20    -10.7568     0
179.40    -10.5944     0
179.60    -10.4321     0
179.80    -10.2701     0
180.00    -10.1084     0
180.20    -9.9470     0
180.40    -9.7859     0
180.60    -9.6252     0
180.80    -9.4648     0
181.00    -9.3049     0
181.20    -9.1455     0
181.40    -8.9865     0
181.60    -8.8281     0
181.80    -8.6701     0
182.00    -8.5128     0
182.20    -8.3560     0
182.40    -8.1998     0
182.60    -8.0443     0
182.80    -7.8895     0
183.00    -7.7353     0
183.20    -7.5819     0
183.40    -7.4293     0
183.60    -7.2774     0
183.80    -7.1264     0
184.00    -6.9761     0
184.20    -6.8268     0
184.40    -6.6783     0
184.60    -6.5307     0
184.80    -6.3841     0
185.00    -6.2385     0
185.20    -6.0939     0
185.40    -5.9503     0
185.60    -5.8077     0
185.80    -5.6663     0
186.00    -5.5259     0
186.20    -5.3866     0
186.40    -5.2486     0
186.60    -5.1117     0
186.80    -4.9760     0
187.00    -4.8416     0
187.20    -4.7084     0
187.40    -4.5765     0
187.60    -4.4460     0
187.80    -4.3167     0
188.00    -4.1889     0
188.20    -4.0624     0
188.40    -3.9374     0
188.60    -3.8138     0
188.80    -3.6917     0
189.00    -3.5711     0
189.20    -3.4520     0
189.40    -3.3345     0
189.60    -3.2185     0
189.80    -3.1042     0
190.00    -2.9915     0
190.20    -2.8804     0
190.40    -2.7710     0
190.60    -2.6634     0
190.80    -2.5574     0
191.00    -2.4533     0
191.20    -2.3509     0
191.40    -2.2503     0
191.60    -2.1516     0
191.80    -2.0547     0
192.00    -1.9597     0
192.20    -1.8666     0
192.40    -1.7755     0
192.60    -1.6863     0
192.80    -1.5991     0
193.00    -1.5140     0
193.20    -1.4308     0
193.40    -1.3498     0
193.60    -1.2708     0
193.80    -1.1940     0
194.00    -1.1193     0
194.20    -1.0467     0
194.40    -0.9764     0
194.60    -0.9083     0
194.80    -0.8424     0
195.00    -0.7788     0
195.20    -0.7175     0
195.40    -0.6585     0
195.60    -0.6019     0
195.80    -0.5476     0
196.00    -0.4958     0
196.20    -0.4463     0
196.40    -0.3993     0
196.60    -0.3548     0
196.80    -0.3128     0
197.00    -0.2733     0
197.20    -0.2364     0
197.40    -0.2020     0
197.60    -0.1703     0
197.80    -0.1412     0
198.00    -0.1147     0
198.20    -0.0909     0
198.40    -0.0698     0
198.60    -0.0514     0
198.80    -0.0358     0
199.00    -0.0230     0
199.20    -0.0130     0
199.40    -0.0058     0
199.60    -0.0015     0
199.80    0.0000     0
200.00    -0.0015     0