>Flexi¢n modelo CC.   Tiempo: 0.00 My.
>x(Km)	   -w(m)     h(m)      dg(mgal)
0.00    -5117.5513     0
0.20    -5117.7881     0
0.40    -5117.5513     0
0.60    -5116.8467     0
0.80    -5115.6812     0
1.00    -5114.0605     0
1.20    -5111.9912     0
1.40    -5109.4795     0
1.60    -5106.5317     0
1.80    -5103.1543     0
2.00    -5099.3530     0
2.20    -5095.1338     0
2.40    -5090.5029     0
2.60    -5085.4668     0
2.80    -5080.0308     0
3.00    -5074.2007     0
3.20    -5067.9824     0
3.40    -5061.3818     0
3.60    -5054.4048     0
3.80    -5047.0571     0
4.00    -5039.3442     0
4.20    -5031.2725     0
4.40    -5022.8472     0
4.60    -5014.0737     0
4.80    -5004.9570     0
5.00    -4995.5029     0
5.20    -4985.7173     0
5.40    -4975.6055     0
5.60    -4965.1724     0
5.80    -4954.4238     0
6.00    -4943.3652     0
6.20    -4932.0010     0
6.40    -4920.3364     0
6.60    -4908.3770     0
6.80    -4896.1279     0
7.00    -4883.5938     0
7.20    -4870.7798     0
7.40    -4857.6909     0
7.60    -4844.3315     0
7.80    -4830.7075     0
8.00    -4816.8237     0
8.20    -4802.6846     0
8.40    -4788.2949     0
8.60    -4773.6597     0
8.80    -4758.7832     0
9.00    -4743.6699     0
9.20    -4728.3242     0
9.40    -4712.7510     0
9.60    -4696.9546     0
9.80    -4680.9399     0
10.00    -4664.7114     0
10.20    -4648.2734     0
10.40    -4631.6299     0
10.60    -4614.7856     0
10.80    -4597.7451     0
11.00    -4580.5122     0
11.20    -4563.0913     0
11.40    -4545.4863     0
11.60    -4527.7017     0
11.80    -4509.7407     0
12.00    -4491.6079     0
12.20    -4473.3071     0
12.40    -4454.8423     0
12.60    -4436.2173     0
12.80    -4417.4360     0
13.00    -4398.5020     0
13.20    -4379.4194     0
13.40    -4360.1924     0
13.60    -4340.8237     0
13.80    -4321.3174     0
14.00    -4301.6772     0
14.20    -4281.9072     0
14.40    -4262.0103     0
14.60    -4241.9902     0
14.80    -4221.8506     0
15.00    -4201.5952     0
15.20    -4181.2271     0
15.40    -4160.7500     0
15.60    -4140.1670     0
15.80    -4119.4814     0
16.00    -4098.6963     0
16.20    -4077.8149     0
16.40    -4056.8406     0
16.60    -4035.7769     0
16.80    -4014.6265     0
17.00    -3993.3928     0
17.20    -3972.0789     0
17.40    -3950.6873     0
17.60    -3929.2209     0
17.80    -3907.6836     0
18.00    -3886.0781     0
18.20    -3864.4075     0
18.40    -3842.6748     0
18.60    -3820.8823     0
18.80    -3799.0332     0
19.00    -3777.1304     0
19.20    -3755.1758     0
19.40    -3733.1724     0
19.60    -3711.1228     0
19.80    -3689.0298     0
20.00    -3666.8958     0
20.20    -3644.7239     0
20.40    -3622.5168     0
20.60    -3600.2771     0
20.80    -3578.0068     0
21.00    -3555.7087     0
21.20    -3533.3850     0
21.40    -3511.0378     0
21.60    -3488.6694     0
21.80    -3466.2822     0
22.00    -3443.8784     0
22.20    -3421.4607     0
22.40    -3399.0310     0
22.60    -3376.5920     0
22.80    -3354.1458     0
23.00    -3331.6941     0
23.20    -3309.2395     0
23.40    -3286.7842     0
23.60    -3264.3306     0
23.80    -3241.8804     0
24.00    -3219.4355     0
24.20    -3196.9983     0
24.40    -3174.5701     0
24.60    -3152.1536     0
24.80    -3129.7498     0
25.00    -3107.3608     0
25.20    -3084.9885     0
25.40    -3062.6348     0
25.60    -3040.3013     0
25.80    -3017.9902     0
26.00    -2995.7031     0
26.20    -2973.4417     0
26.40    -2951.2078     0
26.60    -2929.0032     0
26.80    -2906.8296     0
27.00    -2884.6885     0
27.20    -2862.5813     0
27.40    -2840.5098     0
27.60    -2818.4753     0
27.80    -2796.4795     0
28.00    -2774.5237     0
28.20    -2752.6094     0
28.40    -2730.7380     0
28.60    -2708.9109     0
28.80    -2687.1294     0
29.00    -2665.3953     0
29.20    -2643.7097     0
29.40    -2622.0742     0
29.60    -2600.4900     0
29.80    -2578.9585     0
30.00    -2557.4810     0
30.20    -2536.0583     0
30.40    -2514.6921     0
30.60    -2493.3835     0
30.80    -2472.1335     0
31.00    -2450.9434     0
31.20    -2429.8142     0
31.40    -2408.7473     0
31.60    -2387.7437     0
31.80    -2366.8040     0
32.00    -2345.9297     0
32.20    -2325.1218     0
32.40    -2304.3813     0
32.60    -2283.7092     0
32.80    -2263.1064     0
33.00    -2242.5742     0
33.20    -2222.1130     0
33.40    -2201.7241     0
33.60    -2181.4082     0
33.80    -2161.1663     0
34.00    -2140.9993     0
34.20    -2120.9080     0
34.40    -2100.8933     0
34.60    -2080.9561     0
34.80    -2061.0969     0
35.00    -2041.3168     0
35.20    -2021.6160     0
35.40    -2001.9955     0
35.60    -1982.4563     0
35.80    -1962.9991     0
36.00    -1943.6244     0
36.20    -1924.3328     0
36.40    -1905.1249     0
36.60    -1886.0015     0
36.80    -1866.9630     0
37.00    -1848.0103     0
37.20    -1829.1436     0
37.40    -1810.3638     0
37.60    -1791.6713     0
37.80    -1773.0665     0
38.00    -1754.5503     0
38.20    -1736.1228     0
38.40    -1717.7848     0
38.60    -1699.5366     0
38.80    -1681.3788     0
39.00    -1663.3118     0
39.20    -1645.3358     0
39.40    -1627.4517     0
39.60    -1609.6594     0
39.80    -1591.9598     0
40.00    -1574.3530     0
40.20    -1556.8396     0
40.40    -1539.4197     0
40.60    -1522.0938     0
40.80    -1504.8621     0
41.00    -1487.7249     0
41.20    -1470.6825     0
41.40    -1453.7354     0
41.60    -1436.8835     0
41.80    -1420.1274     0
42.00    -1403.4672     0
42.20    -1386.9030     0
42.40    -1370.4351     0
42.60    -1354.0636     0
42.80    -1337.7888     0
43.00    -1321.6111     0
43.20    -1305.5305     0
43.40    -1289.5472     0
43.60    -1273.6614     0
43.80    -1257.8732     0
44.00    -1242.1827     0
44.20    -1226.5901     0
44.40    -1211.0953     0
44.60    -1195.6986     0
44.80    -1180.4000     0
45.00    -1165.1996     0
45.20    -1150.0974     0
45.40    -1135.0935     0
45.60    -1120.1880     0
45.80    -1105.3809     0
46.00    -1090.6724     0
46.20    -1076.0625     0
46.40    -1061.5511     0
46.60    -1047.1382     0
46.80    -1032.8237     0
47.00    -1018.6078     0
47.20    -1004.4905     0
47.40    -990.4716     0
47.60    -976.5510     0
47.80    -962.7289     0
48.00    -949.0050     0
48.20    -935.3793     0
48.40    -921.8518     0
48.60    -908.4224     0
48.80    -895.0911     0
49.00    -881.8577     0
49.20    -868.7219     0
49.40    -855.6840     0
49.60    -842.7436     0
49.80    -829.9006     0
50.00    -817.1550     0
50.20    -804.5063     0
50.40    -791.9547     0
50.60    -779.4998     0
50.80    -767.1417     0
51.00    -754.8802     0
51.20    -742.7150     0
51.40    -730.6459     0
51.60    -718.6727     0
51.80    -706.7953     0
52.00    -695.0135     0
52.20    -683.3271     0
52.40    -671.7358     0
52.60    -660.2394     0
52.80    -648.8376     0
53.00    -637.5303     0
53.20    -626.3172     0
53.40    -615.1981     0
53.60    -604.1727     0
53.80    -593.2409     0
54.00    -582.4023     0
54.20    -571.6567     0
54.40    -561.0038     0
54.60    -550.4432     0
54.80    -539.9747     0
55.00    -529.5981     0
55.20    -519.3132     0
55.40    -509.1195     0
55.60    -499.0168     0
55.80    -489.0048     0
56.00    -479.0832     0
56.20    -469.2517     0
56.40    -459.5100     0
56.60    -449.8578     0
56.80    -440.2946     0
57.00    -430.8203     0
57.20    -421.4345     0
57.40    -412.1367     0
57.60    -402.9268     0
57.80    -393.8044     0
58.00    -384.7692     0
58.20    -375.8207     0
58.40    -366.9586     0
58.60    -358.1826     0
58.80    -349.4923     0
59.00    -340.8874     0
59.20    -332.3674     0
59.40    -323.9321     0
59.60    -315.5810     0
59.80    -307.3138     0
60.00    -299.1301     0
60.20    -291.0295     0
60.40    -283.0117     0
60.60    -275.0762     0
60.80    -267.2228     0
61.00    -259.4510     0
61.20    -251.7604     0
61.40    -244.1506     0
61.60    -236.6213     0
61.80    -229.1720     0
62.00    -221.8023     0
62.20    -214.5119     0
62.40    -207.3003     0
62.60    -200.1673     0
62.80    -193.1122     0
63.00    -186.1349     0
63.20    -179.2347     0
63.40    -172.4114     0
63.60    -165.6645     0
63.80    -158.9936     0
64.00    -152.3983     0
64.20    -145.8781     0
64.40    -139.4327     0
64.60    -133.0617     0
64.80    -126.7645     0
65.00    -120.5409     0
65.20    -114.3904     0
65.40    -108.3125     0
65.60    -102.3068     0
65.80    -96.3729     0
66.00    -90.5105     0
66.20    -84.7189     0
66.40    -78.9980     0
66.60    -73.3471     0
66.80    -67.7659     0
67.00    -62.2540     0
67.20    -56.8109     0
67.40    -51.4361     0
67.60    -46.1294     0
67.80    -40.8902     0
68.00    -35.7180     0
68.20    -30.6126     0
68.40    -25.5734     0
68.60    -20.5999     0
68.80    -15.6919     0
69.00    -10.8488     0
69.20    -6.0702     0
69.40    -1.3557     0
69.60    3.2951     0
69.80    7.8828     0
70.00    12.4077     0
70.20    16.8702     0
70.40    21.2708     0
70.60    25.6099     0
70.80    29.8880     0
71.00    34.1054     0
71.20    38.2627     0
71.40    42.3602     0
71.60    46.3983     0
71.80    50.3776     0
72.00    54.2984     0
72.20    58.1612     0
72.40    61.9663     0
72.60    65.7143     0
72.80    69.4055     0
73.00    73.0404     0
73.20    76.6194     0
73.40    80.1430     0
73.60    83.6114     0
73.80    87.0253     0
74.00    90.3850     0
74.20    93.6909     0
74.40    96.9435     0
74.60    100.1431     0
74.80    103.2902     0
75.00    106.3852     0
75.20    109.4286     0
75.40    112.4207     0
75.60    115.3620     0
75.80    118.2528     0
76.00    121.0937     0
76.20    123.8849     0
76.40    126.6270     0
76.60    129.3204     0
76.80    131.9653     0
77.00    134.5624     0
77.20    137.1119     0
77.40    139.6143     0
77.60    142.0701     0
77.80    144.4794     0
78.00    146.8429     0
78.20    149.1609     0
78.40    151.4338     0
78.60    153.6619     0
78.80    155.8458     0
79.00    157.9858     0
79.20    160.0823     0
79.40    162.1357     0
79.60    164.1464     0
79.80    166.1147     0
80.00    168.0412     0
80.20    169.9261     0
80.40    171.7698     0
80.60    173.5728     0
80.80    175.3354     0
81.00    177.0580     0
81.20    178.7409     0
81.40    180.3847     0
81.60    181.9895     0
81.80    183.5559     0
82.00    185.0842     0
82.20    186.5748     0
82.40    188.0280     0
82.60    189.4442     0
82.80    190.8239     0
83.00    192.1673     0
83.20    193.4748     0
83.40    194.7468     0
83.60    195.9837     0
83.80    197.1858     0
84.00    198.3536     0
84.20    199.4872     0
84.40    200.5871     0
84.60    201.6537     0
84.80    202.6873     0
85.00    203.6882     0
85.20    204.6568     0
85.40    205.5935     0
85.60    206.4986     0
85.80    207.3724     0
86.00    208.2152     0
86.20    209.0275     0
86.40    209.8095     0
86.60    210.5617     0
86.80    211.2842     0
87.00    211.9776     0
87.20    212.6420     0
87.40    213.2779     0
87.60    213.8855     0
87.80    214.4652     0
88.00    215.0173     0
88.20    215.5421     0
88.40    216.0400     0
88.60    216.5113     0
88.80    216.9562     0
89.00    217.3751     0
89.20    217.7683     0
89.40    218.1362     0
89.60    218.4790     0
89.80    218.7970     0
90.00    219.0906     0
90.20    219.3600     0
90.40    219.6055     0
90.60    219.8275     0
90.80    220.0263     0
91.00    220.2021     0
91.20    220.3552     0
91.40    220.4860     0
91.60    220.5947     0
91.80    220.6816     0
92.00    220.7470     0
92.20    220.7912     0
92.40    220.8145     0
92.60    220.8171     0
92.80    220.7994     0
93.00    220.7615     0
93.20    220.7039     0
93.40    220.6266     0
93.60    220.5301     0
93.80    220.4146     0
94.00    220.2804     0
94.20    220.1277     0
94.40    219.9567     0
94.60    219.7678     0
94.80    219.5612     0
95.00    219.3372     0
95.20    219.0960     0
95.40    218.8379     0
95.60    218.5631     0
95.80    218.2719     0
96.00    217.9646     0
96.20    217.6413     0
96.40    217.3024     0
96.60    216.9480     0
96.80    216.5785     0
97.00    216.1941     0
97.20    215.7949     0
97.40    215.3813     0
97.60    214.9534     0
97.80    214.5116     0
98.00    214.0559     0
98.20    213.5868     0
98.40    213.1043     0
98.60    212.6087     0
98.80    212.1003     0
99.00    211.5792     0
99.20    211.0457     0
99.40    210.5000     0
99.60    209.9422     0
99.80    209.3728     0
100.00    208.7917     0
100.20    208.1993     0
100.40    207.5958     0
100.60    206.9814     0
100.80    206.3562     0
101.00    205.7205     0
101.20    205.0744     0
101.40    204.4182     0
101.60    203.7522     0
101.80    203.0764     0
102.00    202.3910     0
102.20    201.6963     0
102.40    200.9925     0
102.60    200.2797     0
102.80    199.5581     0
103.00    198.8279     0
103.20    198.0893     0
103.40    197.3425     0
103.60    196.5876     0
103.80    195.8249     0
104.00    195.0545     0
104.20    194.2765     0
104.40    193.4913     0
104.60    192.6989     0
104.80    191.8995     0
105.00    191.0933     0
105.20    190.2804     0
105.40    189.4611     0
105.60    188.6355     0
105.80    187.8037     0
106.00    186.9659     0
106.20    186.1223     0
106.40    185.2730     0
106.60    184.4182     0
106.80    183.5580     0
107.00    182.6926     0
107.20    181.8221     0
107.40    180.9466     0
107.60    180.0665     0
107.80    179.1817     0
108.00    178.2924     0
108.20    177.3988     0
108.40    176.5010     0
108.60    175.5992     0
108.80    174.6934     0
109.00    173.7839     0
109.20    172.8708     0
109.40    171.9541     0
109.60    171.0341     0
109.80    170.1109     0
110.00    169.1846     0
110.20    168.2553     0
110.40    167.3232     0
110.60    166.3883     0
110.80    165.4509     0
111.00    164.5109     0
111.20    163.5686     0
111.40    162.6241     0
111.60    161.6774     0
111.80    160.7288     0
112.00    159.7783     0
112.20    158.8260     0
112.40    157.8721     0
112.60    156.9166     0
112.80    155.9597     0
113.00    155.0015     0
113.20    154.0421     0
113.40    153.0815     0
113.60    152.1200     0
113.80    151.1575     0
114.00    150.1943     0
114.20    149.2304     0
114.40    148.2658     0
114.60    147.3008     0
114.80    146.3354     0
115.00    145.3697     0
115.20    144.4037     0
115.40    143.4377     0
115.60    142.4716     0
115.80    141.5056     0
116.00    140.5397     0
116.20    139.5741     0
116.40    138.6089     0
116.60    137.6440     0
116.80    136.6797     0
117.00    135.7159     0
117.20    134.7528     0
117.40    133.7905     0
117.60    132.8290     0
117.80    131.8685     0
118.00    130.9089     0
118.20    129.9504     0
118.40    128.9931     0
118.60    128.0370     0
118.80    127.0822     0
119.00    126.1288     0
119.20    125.1768     0
119.40    124.2263     0
119.60    123.2775     0
119.80    122.3302     0
120.00    121.3847     0
120.20    120.4410     0
120.40    119.4992     0
120.60    118.5592     0
120.80    117.6213     0
121.00    116.6854     0
121.20    115.7515     0
121.40    114.8199     0
121.60    113.8904     0
121.80    112.9633     0
122.00    112.0385     0
122.20    111.1160     0
122.40    110.1961     0
122.60    109.2786     0
122.80    108.3636     0
123.00    107.4513     0
123.20    106.5417     0
123.40    105.6347     0
123.60    104.7305     0
123.80    103.8292     0
124.00    102.9307     0
124.20    102.0351     0
124.40    101.1424     0
124.60    100.2527     0
124.80    99.3661     0
125.00    98.4825     0
125.20    97.6020     0
125.40    96.7247     0
125.60    95.8506     0
125.80    94.9798     0
126.00    94.1122     0
126.20    93.2479     0
126.40    92.3870     0
126.60    91.5296     0
126.80    90.6755     0
127.00    89.8249     0
127.20    88.9779     0
127.40    88.1343     0
127.60    87.2944     0
127.80    86.4580     0
128.00    85.6253     0
128.20    84.7962     0
128.40    83.9709     0
128.60    83.1493     0
128.80    82.3314     0
129.00    81.5173     0
129.20    80.7070     0
129.40    79.9006     0
129.60    79.0980     0
129.80    78.2993     0
130.00    77.5045     0
130.20    76.7137     0
130.40    75.9268     0
130.60    75.1439     0
130.80    74.3650     0
131.00    73.5901     0
131.20    72.8193     0
131.40    72.0525     0
131.60    71.2898     0
131.80    70.5313     0
132.00    69.7768     0
132.20    69.0265     0
132.40    68.2803     0
132.60    67.5383     0
132.80    66.8005     0
133.00    66.0669     0
133.20    65.3375     0
133.40    64.6123     0
133.60    63.8914     0
133.80    63.1747     0
134.00    62.4623     0
134.20    61.7542     0
134.40    61.0503     0
134.60    60.3508     0
134.80    59.6556     0
135.00    58.9646     0
135.20    58.2781     0
135.40    57.5958     0
135.60    56.9179     0
135.80    56.2444     0
136.00    55.5752     0
136.20    54.9104     0
136.40    54.2499     0
136.60    53.5939     0
136.80    52.9422     0
137.00    52.2949     0
137.20    51.6521     0
137.40    51.0136     0
137.60    50.3795     0
137.80    49.7498     0
138.00    49.1245     0
138.20    48.5036     0
138.40    47.8872     0
138.60    47.2751     0
138.80    46.6675     0
139.00    46.0643     0
139.20    45.4654     0
139.40    44.8710     0
139.60    44.2811     0
139.80    43.6955     0
140.00    43.1143     0
140.20    42.5375     0
140.40    41.9652     0
140.60    41.3972     0
140.80    40.8337     0
141.00    40.2745     0
141.20    39.7198     0
141.40    39.1694     0
141.60    38.6234     0
141.80    38.0818     0
142.00    37.5445     0
142.20    37.0117     0
142.40    36.4832     0
142.60    35.9590     0
142.80    35.4392     0
143.00    34.9238     0
143.20    34.4127     0
143.40    33.9059     0
143.60    33.4034     0
143.80    32.9053     0
144.00    32.4114     0
144.20    31.9219     0
144.40    31.4366     0
144.60    30.9556     0
144.80    30.4789     0
145.00    30.0065     0
145.20    29.5383     0
145.40    29.0743     0
145.60    28.6146     0
145.80    28.1591     0
146.00    27.7078     0
146.20    27.2607     0
146.40    26.8178     0
146.60    26.3791     0
146.80    25.9445     0
147.00    25.5141     0
147.20    25.0879     0
147.40    24.6657     0
147.60    24.2477     0
147.80    23.8338     0
148.00    23.4240     0
148.20    23.0182     0
148.40    22.6165     0
148.60    22.2189     0
148.80    21.8253     0
149.00    21.4357     0
149.20    21.0501     0
149.40    20.6686     0
149.60    20.2910     0
149.80    19.9173     0
150.00    19.5477     0
150.20    19.1819     0
150.40    18.8201     0
150.60    18.4622     0
150.80    18.1081     0
151.00    17.7580     0
151.20    17.4117     0
151.40    17.0692     0
151.60    16.7306     0
151.80    16.3958     0
152.00    16.0647     0
152.20    15.7375     0
152.40    15.4140     0
152.60    15.0942     0
152.80    14.7782     0
153.00    14.4658     0
153.20    14.1572     0
153.40    13.8523     0
153.60    13.5509     0
153.80    13.2533     0
154.00    12.9592     0
154.20    12.6688     0
154.40    12.3819     0
154.60    12.0986     0
154.80    11.8189     0
155.00    11.5427     0
155.20    11.2700     0
155.40    11.0007     0
155.60    10.7350     0
155.80    10.4727     0
156.00    10.2139     0
156.20    9.9585     0
156.40    9.7064     0
156.60    9.4578     0
156.80    9.2125     0
157.00    8.9706     0
157.20    8.7319     0
157.40    8.4966     0
157.60    8.2646     0
157.80    8.0358     0
158.00    7.8103     0
158.20    7.5880     0
158.40    7.3689     0
158.60    7.1530     0
158.80    6.9403     0
159.00    6.7307     0
159.20    6.5242     0
159.40    6.3208     0
159.60    6.1206     0
159.80    5.9233     0
160.00    5.7292     0
160.20    5.5380     0
160.40    5.3499     0
160.60    5.1648     0
160.80    4.9826     0
161.00    4.8033     0
161.20    4.6270     0
161.40    4.4536     0
161.60    4.2831     0
161.80    4.1154     0
162.00    3.9506     0
162.20    3.7886     0
162.40    3.6294     0
162.60    3.4729     0
162.80    3.3193     0
163.00    3.1683     0
163.20    3.0201     0
163.40    2.8746     0
163.60    2.7318     0
163.80    2.5916     0
164.00    2.4540     0
164.20    2.3191     0
164.40    2.1867     0
164.60    2.0570     0
164.80    1.9297     0
165.00    1.8050     0
165.20    1.6828     0
165.40    1.5631     0
165.60    1.4459     0
165.80    1.3311     0
166.00    1.2187     0
166.20    1.1088     0
166.40    1.0012     0
166.60    0.8960     0
166.80    0.7931     0
167.00    0.6925     0
167.20    0.5943     0
167.40    0.4983     0
167.60    0.4045     0
167.80    0.3130     0
168.00    0.2237     0
168.20    0.1366     0
168.40    0.0517     0
168.60    -0.0311     0
168.80    -0.1117     0
169.00    -0.1902     0
169.20    -0.2667     0
169.40    -0.3411     0
169.60    -0.4134     0
169.80    -0.4838     0
170.00    -0.5521     0
170.20    -0.6184     0
170.40    -0.6828     0
170.60    -0.7453     0
170.80    -0.8058     0
171.00    -0.8644     0
171.20    -0.9212     0
171.40    -0.9761     0
171.60    -1.0292     0
171.80    -1.0804     0
172.00    -1.1299     0
172.20    -1.1776     0
172.40    -1.2236     0
172.60    -1.2678     0
172.80    -1.3103     0
173.00    -1.3511     0
173.20    -1.3903     0
173.40    -1.4278     0
173.60    -1.4638     0
173.80    -1.4981     0
174.00    -1.5308     0
174.20    -1.5619     0
174.40    -1.5916     0
174.60    -1.6197     0
174.80    -1.6463     0
175.00    -1.6714     0
175.20    -1.6951     0
175.40    -1.7174     0
175.60    -1.7382     0
175.80    -1.7576     0
176.00    -1.7757     0
176.20    -1.7924     0
176.40    -1.8078     0
176.60    -1.8219     0
176.80    -1.8347     0
177.00    -1.8462     0
177.20    -1.8565     0
177.40    -1.8656     0
177.60    -1.8734     0
177.80    -1.8801     0
178.00    -1.8856     0
178.20    -1.8899     0
178.40    -1.8932     0
178.60    -1.8953     0
178.80    -1.8963     0
179.00    -1.8963     0
179.20    -1.8953     0
179.40    -1.8932     0
179.60    -1.8901     0
179.80    -1.8861     0
180.00    -1.8811     0
180.20    -1.8751     0
180.40    -1.8683     0
180.60    -1.8605     0
180.80    -1.8519     0
181.00    -1.8424     0
181.20    -1.8321     0
181.40    -1.8209     0
181.60    -1.8090     0
181.80    -1.7963     0
182.00    -1.7828     0
182.20    -1.7686     0
182.40    -1.7537     0
182.60    -1.7381     0
182.80    -1.7218     0
183.00    -1.7048     0
183.20    -1.6873     0
183.40    -1.6691     0
183.60    -1.6503     0
183.80    -1.6310     0
184.00    -1.6111     0
184.20    -1.5907     0
184.40    -1.5697     0
184.60    -1.5483     0
184.80    -1.5264     0
185.00    -1.5040     0
185.20    -1.4813     0
185.40    -1.4581     0
185.60    -1.4345     0
185.80    -1.4105     0
186.00    -1.3862     0
186.20    -1.3616     0
186.40    -1.3366     0
186.60    -1.3114     0
186.80    -1.2859     0
187.00    -1.2601     0
187.20    -1.2342     0
187.40    -1.2080     0
187.60    -1.1816     0
187.80    -1.1550     0
188.00    -1.1283     0
188.20    -1.1015     0
188.40    -1.0745     0
188.60    -1.0475     0
188.80    -1.0204     0
189.00    -0.9932     0
189.20    -0.9660     0
189.40    -0.9388     0
189.60    -0.9116     0
189.80    -0.8844     0
190.00    -0.8573     0
190.20    -0.8303     0
190.40    -0.8033     0
190.60    -0.7764     0
190.80    -0.7497     0
191.00    -0.7231     0
191.20    -0.6967     0
191.40    -0.6705     0
191.60    -0.6445     0
191.80    -0.6187     0
192.00    -0.5932     0
192.20    -0.5679     0
192.40    -0.5429     0
192.60    -0.5182     0
192.80    -0.4938     0
193.00    -0.4698     0
193.20    -0.4462     0
193.40    -0.4229     0
193.60    -0.4001     0
193.80    -0.3776     0
194.00    -0.3556     0
194.20    -0.3341     0
194.40    -0.3131     0
194.60    -0.2925     0
194.80    -0.2725     0
195.00    -0.2531     0
195.20    -0.2342     0
195.40    -0.2158     0
195.60    -0.1981     0
195.80    -0.1810     0
196.00    -0.1645     0
196.20    -0.1488     0
196.40    -0.1336     0
196.60    -0.1192     0
196.80    -0.1055     0
197.00    -0.0926     0
197.20    -0.0804     0
197.40    -0.0690     0
197.60    -0.0583     0
197.80    -0.0486     0
198.00    -0.0396     0
198.20    -0.0315     0
198.40    -0.0243     0
198.60    -0.0180     0
198.80    -0.0126     0
199.00    -0.0081     0
199.20    -0.0046     0
199.40    -0.0021     0
199.60    -0.0005     0
199.80    -0.0000     0
200.00    -0.0005     0