>Flexi¢n modelo CC.   Tiempo: 0.00 My.
>x(Km)	   -w(m)     h(m)      dg(mgal)
0.00    -2047.0283     0
0.20    -2047.1230     0
0.40    -2047.0283     0
0.60    -2046.7466     0
0.80    -2046.2804     0
1.00    -2045.6322     0
1.20    -2044.8049     0
1.40    -2043.8009     0
1.60    -2042.6224     0
1.80    -2041.2721     0
2.00    -2039.7522     0
2.20    -2038.0653     0
2.40    -2036.2140     0
2.60    -2034.2003     0
2.80    -2032.0270     0
3.00    -2029.6960     0
3.20    -2027.2100     0
3.40    -2024.5708     0
3.60    -2021.7810     0
3.80    -2018.8428     0
4.00    -2015.7584     0
4.20    -2012.5305     0
4.40    -2009.1613     0
4.60    -2005.6527     0
4.80    -2002.0072     0
5.00    -1998.2267     0
5.20    -1994.3136     0
5.40    -1990.2698     0
5.60    -1986.0975     0
5.80    -1981.7988     0
6.00    -1977.3760     0
6.20    -1972.8309     0
6.40    -1968.1659     0
6.60    -1963.3831     0
6.80    -1958.4841     0
7.00    -1953.4714     0
7.20    -1948.3468     0
7.40    -1943.1122     0
7.60    -1937.7694     0
7.80    -1932.3208     0
8.00    -1926.7679     0
8.20    -1921.1129     0
8.40    -1915.3575     0
8.60    -1909.5037     0
8.80    -1903.5532     0
9.00    -1897.5081     0
9.20    -1891.3702     0
9.40    -1885.1414     0
9.60    -1878.8232     0
9.80    -1872.4175     0
10.00    -1865.9261     0
10.20    -1859.3510     0
10.40    -1852.6936     0
10.60    -1845.9558     0
10.80    -1839.1393     0
11.00    -1832.2457     0
11.20    -1825.2770     0
11.40    -1818.2346     0
11.60    -1811.1202     0
11.80    -1803.9353     0
12.00    -1796.6815     0
12.20    -1789.3607     0
12.40    -1781.9741     0
12.60    -1774.5236     0
12.80    -1767.0105     0
13.00    -1759.4364     0
13.20    -1751.8029     0
13.40    -1744.1115     0
13.60    -1736.3635     0
13.80    -1728.5604     0
14.00    -1720.7040     0
14.20    -1712.7955     0
14.40    -1704.8365     0
14.60    -1696.8285     0
14.80    -1688.7726     0
15.00    -1680.6700     0
15.20    -1672.5225     0
15.40    -1664.3313     0
15.60    -1656.0978     0
15.80    -1647.8232     0
16.00    -1639.5090     0
16.20    -1631.1562     0
16.40    -1622.7664     0
16.60    -1614.3406     0
16.80    -1605.8802     0
17.00    -1597.3866     0
17.20    -1588.8610     0
17.40    -1580.3046     0
17.60    -1571.7184     0
17.80    -1563.1035     0
18.00    -1554.4612     0
18.20    -1545.7926     0
18.40    -1537.0990     0
18.60    -1528.3816     0
18.80    -1519.6414     0
19.00    -1510.8795     0
19.20    -1502.0970     0
19.40    -1493.2950     0
19.60    -1484.4747     0
19.80    -1475.6370     0
20.00    -1466.7830     0
20.20    -1457.9137     0
20.40    -1449.0303     0
20.60    -1440.1335     0
20.80    -1431.2246     0
21.00    -1422.3044     0
21.20    -1413.3741     0
21.40    -1404.4346     0
21.60    -1395.4867     0
21.80    -1386.5315     0
22.00    -1377.5698     0
22.20    -1368.6024     0
22.40    -1359.6304     0
22.60    -1350.6545     0
22.80    -1341.6757     0
23.00    -1332.6947     0
23.20    -1323.7126     0
23.40    -1314.7303     0
23.60    -1305.7485     0
23.80    -1296.7679     0
24.00    -1287.7896     0
24.20    -1278.8141     0
24.40    -1269.8422     0
24.60    -1260.8748     0
24.80    -1251.9127     0
25.00    -1242.9568     0
25.20    -1234.0077     0
25.40    -1225.0662     0
25.60    -1216.1328     0
25.80    -1207.2084     0
26.00    -1198.2936     0
26.20    -1189.3890     0
26.40    -1180.4955     0
26.60    -1171.6136     0
26.80    -1162.7441     0
27.00    -1153.8876     0
27.20    -1145.0446     0
27.40    -1136.2157     0
27.60    -1127.4017     0
27.80    -1118.6031     0
28.00    -1109.8207     0
28.20    -1101.0548     0
28.40    -1092.3060     0
28.60    -1083.5751     0
28.80    -1074.8624     0
29.00    -1066.1687     0
29.20    -1057.4944     0
29.40    -1048.8401     0
29.60    -1040.2064     0
29.80    -1031.5938     0
30.00    -1023.0027     0
30.20    -1014.4335     0
30.40    -1005.8868     0
30.60    -997.3631     0
30.80    -988.8629     0
31.00    -980.3865     0
31.20    -971.9346     0
31.40    -963.5076     0
31.60    -955.1058     0
31.80    -946.7297     0
32.00    -938.3798     0
32.20    -930.0564     0
32.40    -921.7600     0
32.60    -913.4909     0
32.80    -905.2495     0
33.00    -897.0362     0
33.20    -888.8515     0
33.40    -880.6957     0
33.60    -872.5693     0
33.80    -864.4724     0
34.00    -856.4055     0
34.20    -848.3689     0
34.40    -840.3629     0
34.60    -832.3878     0
34.80    -824.4440     0
35.00    -816.5316     0
35.20    -808.6511     0
35.40    -800.8027     0
35.60    -792.9868     0
35.80    -785.2035     0
36.00    -777.4532     0
36.20    -769.7362     0
36.40    -762.0527     0
36.60    -754.4030     0
36.80    -746.7874     0
37.00    -739.2060     0
37.20    -731.6591     0
37.40    -724.1470     0
37.60    -716.6699     0
37.80    -709.2280     0
38.00    -701.8215     0
38.20    -694.4506     0
38.40    -687.1154     0
38.60    -679.8162     0
38.80    -672.5532     0
39.00    -665.3265     0
39.20    -658.1362     0
39.40    -650.9827     0
39.60    -643.8659     0
39.80    -636.7861     0
40.00    -629.7435     0
40.20    -622.7382     0
40.40    -615.7703     0
40.60    -608.8399     0
40.80    -601.9472     0
41.00    -595.0922     0
41.20    -588.2752     0
41.40    -581.4962     0
41.60    -574.7554     0
41.80    -568.0528     0
42.00    -561.3886     0
42.20    -554.7628     0
42.40    -548.1755     0
42.60    -541.6269     0
42.80    -535.1169     0
43.00    -528.6458     0
43.20    -522.2136     0
43.40    -515.8203     0
43.60    -509.4660     0
43.80    -503.1508     0
44.00    -496.8746     0
44.20    -490.6376     0
44.40    -484.4398     0
44.60    -478.2812     0
44.80    -472.1619     0
45.00    -466.0819     0
45.20    -460.0413     0
45.40    -454.0399     0
45.60    -448.0779     0
45.80    -442.1553     0
46.00    -436.2721     0
46.20    -430.4283     0
46.40    -424.6239     0
46.60    -418.8589     0
46.80    -413.1332     0
47.00    -407.4470     0
47.20    -401.8001     0
47.40    -396.1927     0
47.60    -390.6246     0
47.80    -385.0958     0
48.00    -379.6064     0
48.20    -374.1562     0
48.40    -368.7453     0
48.60    -363.3736     0
48.80    -358.0411     0
49.00    -352.7478     0
49.20    -347.4936     0
49.40    -342.2785     0
49.60    -337.1024     0
49.80    -331.9653     0
50.00    -326.8671     0
50.20    -321.8078     0
50.40    -316.7873     0
50.60    -311.8055     0
50.80    -306.8624     0
51.00    -301.9579     0
51.20    -297.0920     0
51.40    -292.2645     0
51.60    -287.4753     0
51.80    -282.7245     0
52.00    -278.0118     0
52.20    -273.3373     0
52.40    -268.7008     0
52.60    -264.1022     0
52.80    -259.5415     0
53.00    -255.0186     0
53.20    -250.5334     0
53.40    -246.0857     0
53.60    -241.6756     0
53.80    -237.3029     0
54.00    -232.9674     0
54.20    -228.6692     0
54.40    -224.4080     0
54.60    -220.1838     0
54.80    -215.9965     0
55.00    -211.8459     0
55.20    -207.7320     0
55.40    -203.6546     0
55.60    -199.6136     0
55.80    -195.6089     0
56.00    -191.6403     0
56.20    -187.7078     0
56.40    -183.8112     0
56.60    -179.9503     0
56.80    -176.1251     0
57.00    -172.3354     0
57.20    -168.5811     0
57.40    -164.8621     0
57.60    -161.1781     0
57.80    -157.5292     0
58.00    -153.9151     0
58.20    -150.3358     0
58.40    -146.7910     0
58.60    -143.2806     0
58.80    -139.8046     0
59.00    -136.3626     0
59.20    -132.9547     0
59.40    -129.5806     0
59.60    -126.2402     0
59.80    -122.9334     0
60.00    -119.6600     0
60.20    -116.4198     0
60.40    -113.2127     0
60.60    -110.0386     0
60.80    -106.8973     0
61.00    -103.7886     0
61.20    -100.7124     0
61.40    -97.6685     0
61.60    -94.6568     0
61.80    -91.6771     0
62.00    -88.7293     0
62.20    -85.8132     0
62.40    -82.9286     0
62.60    -80.0754     0
62.80    -77.2534     0
63.00    -74.4624     0
63.20    -71.7024     0
63.40    -68.9731     0
63.60    -66.2743     0
63.80    -63.6059     0
64.00    -60.9678     0
64.20    -58.3598     0
64.40    -55.7816     0
64.60    -53.2332     0
64.80    -50.7144     0
65.00    -48.2249     0
65.20    -45.7647     0
65.40    -43.3335     0
65.60    -40.9313     0
65.80    -38.5577     0
66.00    -36.2128     0
66.20    -33.8962     0
66.40    -31.6078     0
66.60    -29.3474     0
66.80    -27.1150     0
67.00    -24.9102     0
67.20    -22.7330     0
67.40    -20.5831     0
67.60    -18.4604     0
67.80    -16.3647     0
68.00    -14.2958     0
68.20    -12.2536     0
68.40    -10.2379     0
68.60    -8.2486     0
68.80    -6.2854     0
69.00    -4.3481     0
69.20    -2.4367     0
69.40    -0.5509     0
69.60    1.3095     0
69.80    3.1446     0
70.00    4.9545     0
70.20    6.7395     0
70.40    8.4998     0
70.60    10.2354     0
70.80    11.9467     0
71.00    13.6337     0
71.20    15.2966     0
71.40    16.9356     0
71.60    18.5509     0
71.80    20.1426     0
72.00    21.7110     0
72.20    23.2561     0
72.40    24.7782     0
72.60    26.2774     0
72.80    27.7539     0
73.00    29.2079     0
73.20    30.6395     0
73.40    32.0489     0
73.60    33.4364     0
73.80    34.8019     0
74.00    36.1458     0
74.20    37.4682     0
74.40    38.7693     0
74.60    40.0492     0
74.80    41.3081     0
75.00    42.5461     0
75.20    43.7635     0
75.40    44.9604     0
75.60    46.1369     0
75.80    47.2933     0
76.00    48.4297     0
76.20    49.5462     0
76.40    50.6431     0
76.60    51.7205     0
76.80    52.7786     0
77.00    53.8174     0
77.20    54.8373     0
77.40    55.8383     0
77.60    56.8207     0
77.80    57.7845     0
78.00    58.7299     0
78.20    59.6572     0
78.40    60.5664     0
78.60    61.4578     0
78.80    62.3314     0
79.00    63.1875     0
79.20    64.0261     0
79.40    64.8476     0
79.60    65.6519     0
79.80    66.4393     0
80.00    67.2099     0
80.20    67.9640     0
80.40    68.7015     0
80.60    69.4228     0
80.80    70.1278     0
81.00    70.8169     0
81.20    71.4902     0
81.40    72.1477     0
81.60    72.7897     0
81.80    73.4164     0
82.00    74.0278     0
82.20    74.6241     0
82.40    75.2054     0
82.60    75.7720     0
82.80    76.3239     0
83.00    76.8613     0
83.20    77.3844     0
83.40    77.8932     0
83.60    78.3880     0
83.80    78.8689     0
84.00    79.3360     0
84.20    79.7895     0
84.40    80.2295     0
84.60    80.6561     0
84.80    81.0696     0
85.00    81.4700     0
85.20    81.8575     0
85.40    82.2322     0
85.60    82.5942     0
85.80    82.9438     0
86.00    83.2809     0
86.20    83.6059     0
86.40    83.9187     0
86.60    84.2196     0
86.80    84.5087     0
87.00    84.7860     0
87.20    85.0518     0
87.40    85.3062     0
87.60    85.5493     0
87.80    85.7812     0
88.00    86.0020     0
88.20    86.2120     0
88.40    86.4111     0
88.60    86.5996     0
88.80    86.7776     0
89.00    86.9451     0
89.20    87.1024     0
89.40    87.2495     0
89.60    87.3866     0
89.80    87.5138     0
90.00    87.6312     0
90.20    87.7389     0
90.40    87.8372     0
90.60    87.9259     0
90.80    88.0054     0
91.00    88.0757     0
91.20    88.1370     0
91.40    88.1893     0
91.60    88.2327     0
91.80    88.2675     0
92.00    88.2937     0
92.20    88.3113     0
92.40    88.3206     0
92.60    88.3217     0
92.80    88.3146     0
93.00    88.2994     0
93.20    88.2763     0
93.40    88.2454     0
93.60    88.2068     0
93.80    88.1606     0
94.00    88.1069     0
94.20    88.0458     0
94.40    87.9775     0
94.60    87.9019     0
94.80    87.8193     0
95.00    87.7298     0
95.20    87.6333     0
95.40    87.5301     0
95.60    87.4202     0
95.80    87.3038     0
96.00    87.1809     0
96.20    87.0516     0
96.40    86.9161     0
96.60    86.7744     0
96.80    86.6267     0
97.00    86.4729     0
97.20    86.3133     0
97.40    86.1479     0
97.60    85.9768     0
97.80    85.8001     0
98.00    85.6179     0
98.20    85.4303     0
98.40    85.2374     0
98.60    85.0392     0
98.80    84.8359     0
99.00    84.6275     0
99.20    84.4141     0
99.40    84.1959     0
99.60    83.9729     0
99.80    83.7451     0
100.00    83.5128     0
100.20    83.2759     0
100.40    83.0345     0
100.60    82.7888     0
100.80    82.5387     0
101.00    82.2845     0
101.20    82.0261     0
101.40    81.7637     0
101.60    81.4973     0
101.80    81.2270     0
102.00    80.9529     0
102.20    80.6751     0
102.40    80.3936     0
102.60    80.1085     0
102.80    79.8199     0
103.00    79.5279     0
103.20    79.2325     0
103.40    78.9338     0
103.60    78.6319     0
103.80    78.3269     0
104.00    78.0188     0
104.20    77.7076     0
104.40    77.3936     0
104.60    77.0767     0
104.80    76.7570     0
105.00    76.4346     0
105.20    76.1095     0
105.40    75.7818     0
105.60    75.4515     0
105.80    75.1188     0
106.00    74.7837     0
106.20    74.4463     0
106.40    74.1066     0
106.60    73.7647     0
106.80    73.4207     0
107.00    73.0745     0
107.20    72.7264     0
107.40    72.3763     0
107.60    72.0242     0
107.80    71.6703     0
108.00    71.3147     0
108.20    70.9573     0
108.40    70.5982     0
108.60    70.2375     0
108.80    69.8752     0
109.00    69.5114     0
109.20    69.1462     0
109.40    68.7796     0
109.60    68.4116     0
109.80    68.0423     0
110.00    67.6718     0
110.20    67.3001     0
110.40    66.9272     0
110.60    66.5533     0
110.80    66.1783     0
111.00    65.8024     0
111.20    65.4255     0
111.40    65.0477     0
111.60    64.6690     0
111.80    64.2896     0
112.00    63.9094     0
112.20    63.5285     0
112.40    63.1469     0
112.60    62.7647     0
112.80    62.3820     0
113.00    61.9987     0
113.20    61.6149     0
113.40    61.2307     0
113.60    60.8461     0
113.80    60.4611     0
114.00    60.0758     0
114.20    59.6903     0
114.40    59.3045     0
114.60    58.9185     0
114.80    58.5323     0
115.00    58.1460     0
115.20    57.7597     0
115.40    57.3733     0
115.60    56.9869     0
115.80    56.6005     0
116.00    56.2141     0
116.20    55.8279     0
116.40    55.4418     0
116.60    55.0559     0
116.80    54.6702     0
117.00    54.2847     0
117.20    53.8995     0
117.40    53.5146     0
117.60    53.1301     0
117.80    52.7458     0
118.00    52.3620     0
118.20    51.9787     0
118.40    51.5958     0
118.60    51.2133     0
118.80    50.8314     0
119.00    50.4501     0
119.20    50.0693     0
119.40    49.6891     0
119.60    49.3096     0
119.80    48.9307     0
120.00    48.5525     0
120.20    48.1750     0
120.40    47.7983     0
120.60    47.4223     0
120.80    47.0471     0
121.00    46.6728     0
121.20    46.2993     0
121.40    45.9266     0
121.60    45.5548     0
121.80    45.1840     0
122.00    44.8141     0
122.20    44.4451     0
122.40    44.0771     0
122.60    43.7101     0
122.80    43.3442     0
123.00    42.9792     0
123.20    42.6154     0
123.40    42.2526     0
123.60    41.8910     0
123.80    41.5304     0
124.00    41.1710     0
124.20    40.8128     0
124.40    40.4557     0
124.60    40.0999     0
124.80    39.7452     0
125.00    39.3918     0
125.20    39.0396     0
125.40    38.6888     0
125.60    38.3391     0
125.80    37.9908     0
126.00    37.6438     0
126.20    37.2981     0
126.40    36.9538     0
126.60    36.6108     0
126.80    36.2692     0
127.00    35.9290     0
127.20    35.5902     0
127.40    35.2528     0
127.60    34.9169     0
127.80    34.5823     0
128.00    34.2493     0
128.20    33.9176     0
128.40    33.5875     0
128.60    33.2589     0
128.80    32.9317     0
129.00    32.6061     0
129.20    32.2820     0
129.40    31.9594     0
129.60    31.6384     0
129.80    31.3190     0
130.00    31.0011     0
130.20    30.6847     0
130.40    30.3700     0
130.60    30.0568     0
130.80    29.7453     0
131.00    29.4353     0
131.20    29.1270     0
131.40    28.8203     0
131.60    28.5152     0
131.80    28.2118     0
132.00    27.9100     0
132.20    27.6099     0
132.40    27.3114     0
132.60    27.0146     0
132.80    26.7195     0
133.00    26.4261     0
133.20    26.1343     0
133.40    25.8443     0
133.60    25.5559     0
133.80    25.2692     0
134.00    24.9843     0
134.20    24.7010     0
134.40    24.4195     0
134.60    24.1397     0
134.80    23.8617     0
135.00    23.5853     0
135.20    23.3107     0
135.40    23.0378     0
135.60    22.7667     0
135.80    22.4973     0
136.00    22.2296     0
136.20    21.9637     0
136.40    21.6995     0
136.60    21.4371     0
136.80    21.1765     0
137.00    20.9175     0
137.20    20.6604     0
137.40    20.4050     0
137.60    20.1514     0
137.80    19.8995     0
138.00    19.6494     0
138.20    19.4011     0
138.40    19.1545     0
138.60    18.9097     0
138.80    18.6667     0
139.00    18.4254     0
139.20    18.1859     0
139.40    17.9481     0
139.60    17.7121     0
139.80    17.4779     0
140.00    17.2455     0
140.20    17.0148     0
140.40    16.7858     0
140.60    16.5587     0
140.80    16.3333     0
141.00    16.1096     0
141.20    15.8877     0
141.40    15.6676     0
141.60    15.4492     0
141.80    15.2325     0
142.00    15.0177     0
142.20    14.8045     0
142.40    14.5931     0
142.60    14.3835     0
142.80    14.1756     0
143.00    13.9694     0
143.20    13.7649     0
143.40    13.5622     0
143.60    13.3612     0
143.80    13.1620     0
144.00    12.9644     0
144.20    12.7686     0
144.40    12.5745     0
144.60    12.3821     0
144.80    12.1915     0
145.00    12.0025     0
145.20    11.8152     0
145.40    11.6296     0
145.60    11.4458     0
145.80    11.2636     0
146.00    11.0830     0
146.20    10.9042     0
146.40    10.7271     0
146.60    10.5516     0
146.80    10.3778     0
147.00    10.2056     0
147.20    10.0351     0
147.40    9.8662     0
147.60    9.6990     0
147.80    9.5335     0
148.00    9.3695     0
148.20    9.2072     0
148.40    9.0466     0
148.60    8.8875     0
148.80    8.7301     0
149.00    8.5743     0
149.20    8.4200     0
149.40    8.2674     0
149.60    8.1164     0
149.80    7.9669     0
150.00    7.8190     0
150.20    7.6727     0
150.40    7.5280     0
150.60    7.3849     0
150.80    7.2432     0
151.00    7.1032     0
151.20    6.9647     0
151.40    6.8277     0
151.60    6.6922     0
151.80    6.5583     0
152.00    6.4259     0
152.20    6.2950     0
152.40    6.1656     0
152.60    6.0377     0
152.80    5.9113     0
153.00    5.7863     0
153.20    5.6629     0
153.40    5.5409     0
153.60    5.4204     0
153.80    5.3013     0
154.00    5.1837     0
154.20    5.0675     0
154.40    4.9528     0
154.60    4.8394     0
154.80    4.7275     0
155.00    4.6171     0
155.20    4.5080     0
155.40    4.4003     0
155.60    4.2940     0
155.80    4.1891     0
156.00    4.0855     0
156.20    3.9834     0
156.40    3.8826     0
156.60    3.7831     0
156.80    3.6850     0
157.00    3.5882     0
157.20    3.4928     0
157.40    3.3986     0
157.60    3.3058     0
157.80    3.2143     0
158.00    3.1241     0
158.20    3.0352     0
158.40    2.9476     0
158.60    2.8612     0
158.80    2.7761     0
159.00    2.6923     0
159.20    2.6097     0
159.40    2.5283     0
159.60    2.4482     0
159.80    2.3693     0
160.00    2.2917     0
160.20    2.2152     0
160.40    2.1400     0
160.60    2.0659     0
160.80    1.9930     0
161.00    1.9213     0
161.20    1.8508     0
161.40    1.7814     0
161.60    1.7132     0
161.80    1.6461     0
162.00    1.5802     0
162.20    1.5154     0
162.40    1.4517     0
162.60    1.3892     0
162.80    1.3277     0
163.00    1.2673     0
163.20    1.2080     0
163.40    1.1498     0
163.60    1.0927     0
163.80    1.0366     0
164.00    0.9816     0
164.20    0.9276     0
164.40    0.8747     0
164.60    0.8228     0
164.80    0.7719     0
165.00    0.7220     0
165.20    0.6731     0
165.40    0.6252     0
165.60    0.5784     0
165.80    0.5324     0
166.00    0.4875     0
166.20    0.4435     0
166.40    0.4005     0
166.60    0.3584     0
166.80    0.3172     0
167.00    0.2770     0
167.20    0.2377     0
167.40    0.1993     0
167.60    0.1618     0
167.80    0.1252     0
168.00    0.0895     0
168.20    0.0546     0
168.40    0.0207     0
168.60    -0.0124     0
168.80    -0.0447     0
169.00    -0.0761     0
169.20    -0.1067     0
169.40    -0.1364     0
169.60    -0.1654     0
169.80    -0.1935     0
170.00    -0.2208     0
170.20    -0.2474     0
170.40    -0.2731     0
170.60    -0.2981     0
170.80    -0.3223     0
171.00    -0.3458     0
171.20    -0.3685     0
171.40    -0.3904     0
171.60    -0.4117     0
171.80    -0.4322     0
172.00    -0.4520     0
172.20    -0.4710     0
172.40    -0.4894     0
172.60    -0.5071     0
172.80    -0.5241     0
173.00    -0.5405     0
173.20    -0.5561     0
173.40    -0.5711     0
173.60    -0.5855     0
173.80    -0.5992     0
174.00    -0.6123     0
174.20    -0.6248     0
174.40    -0.6366     0
174.60    -0.6479     0
174.80    -0.6585     0
175.00    -0.6686     0
175.20    -0.6781     0
175.40    -0.6870     0
175.60    -0.6953     0
175.80    -0.7031     0
176.00    -0.7103     0
176.20    -0.7170     0
176.40    -0.7231     0
176.60    -0.7288     0
176.80    -0.7339     0
177.00    -0.7385     0
177.20    -0.7426     0
177.40    -0.7462     0
177.60    -0.7494     0
177.80    -0.7520     0
178.00    -0.7542     0
178.20    -0.7560     0
178.40    -0.7573     0
178.60    -0.7581     0
178.80    -0.7585     0
179.00    -0.7585     0
179.20    -0.7581     0
179.40    -0.7573     0
179.60    -0.7561     0
179.80    -0.7544     0
180.00    -0.7524     0
180.20    -0.7501     0
180.40    -0.7473     0
180.60    -0.7442     0
180.80    -0.7408     0
181.00    -0.7370     0
181.20    -0.7328     0
181.40    -0.7284     0
181.60    -0.7236     0
181.80    -0.7185     0
182.00    -0.7131     0
182.20    -0.7074     0
182.40    -0.7015     0
182.60    -0.6952     0
182.80    -0.6887     0
183.00    -0.6819     0
183.20    -0.6749     0
183.40    -0.6676     0
183.60    -0.6601     0
183.80    -0.6524     0
184.00    -0.6444     0
184.20    -0.6363     0
184.40    -0.6279     0
184.60    -0.6193     0
184.80    -0.6106     0
185.00    -0.6016     0
185.20    -0.5925     0
185.40    -0.5832     0
185.60    -0.5738     0
185.80    -0.5642     0
186.00    -0.5545     0
186.20    -0.5446     0
186.40    -0.5347     0
186.60    -0.5246     0
186.80    -0.5144     0
187.00    -0.5041     0
187.20    -0.4937     0
187.40    -0.4832     0
187.60    -0.4726     0
187.80    -0.4620     0
188.00    -0.4513     0
188.20    -0.4406     0
188.40    -0.4298     0
188.60    -0.4190     0
188.80    -0.4081     0
189.00    -0.3973     0
189.20    -0.3864     0
189.40    -0.3755     0
189.60    -0.3646     0
189.80    -0.3538     0
190.00    -0.3429     0
190.20    -0.3321     0
190.40    -0.3213     0
190.60    -0.3106     0
190.80    -0.2999     0
191.00    -0.2893     0
191.20    -0.2787     0
191.40    -0.2682     0
191.60    -0.2578     0
191.80    -0.2475     0
192.00    -0.2373     0
192.20    -0.2272     0
192.40    -0.2172     0
192.60    -0.2073     0
192.80    -0.1975     0
193.00    -0.1879     0
193.20    -0.1785     0
193.40    -0.1692     0
193.60    -0.1600     0
193.80    -0.1511     0
194.00    -0.1423     0
194.20    -0.1336     0
194.40    -0.1252     0
194.60    -0.1170     0
194.80    -0.1090     0
195.00    -0.1012     0
195.20    -0.0937     0
195.40    -0.0863     0
195.60    -0.0792     0
195.80    -0.0724     0
196.00    -0.0658     0
196.20    -0.0595     0
196.40    -0.0535     0
196.60    -0.0477     0
196.80    -0.0422     0
197.00    -0.0370     0
197.20    -0.0322     0
197.40    -0.0276     0
197.60    -0.0233     0
197.80    -0.0194     0
198.00    -0.0158     0
198.20    -0.0126     0
198.40    -0.0097     0
198.60    -0.0072     0
198.80    -0.0050     0
199.00    -0.0032     0
199.20    -0.0018     0
199.40    -0.0008     0
199.60    -0.0002     0
199.80    -0.0000     0
200.00    -0.0002     0