>Flexi¢n modelo CC.   Tiempo: 0.00 My.
>x(Km)	   -w(m)     h(m)      dg(mgal)
0.00    -3070.6235     0
0.20    -3070.7656     0
0.40    -3070.6235     0
0.60    -3070.2007     0
0.80    -3069.5012     0
1.00    -3068.5288     0
1.20    -3067.2874     0
1.40    -3065.7803     0
1.60    -3064.0112     0
1.80    -3061.9841     0
2.00    -3059.7026     0
2.20    -3057.1702     0
2.40    -3054.3911     0
2.60    -3051.3689     0
2.80    -3048.1069     0
3.00    -3044.6089     0
3.20    -3040.8779     0
3.40    -3036.9175     0
3.60    -3032.7317     0
3.80    -3028.3237     0
4.00    -3023.6973     0
4.20    -3018.8552     0
4.40    -3013.8013     0
4.60    -3008.5386     0
4.80    -3003.0701     0
5.00    -2997.3992     0
5.20    -2991.5293     0
5.40    -2985.4636     0
5.60    -2979.2056     0
5.80    -2972.7581     0
6.00    -2966.1243     0
6.20    -2959.3074     0
6.40    -2952.3103     0
6.60    -2945.1362     0
6.80    -2937.7883     0
7.00    -2930.2693     0
7.20    -2922.5823     0
7.40    -2914.7302     0
7.60    -2906.7163     0
7.80    -2898.5432     0
8.00    -2890.2139     0
8.20    -2881.7314     0
8.40    -2873.0986     0
8.60    -2864.3181     0
8.80    -2855.3928     0
9.00    -2846.3254     0
9.20    -2837.1189     0
9.40    -2827.7759     0
9.60    -2818.2991     0
9.80    -2808.6909     0
10.00    -2798.9543     0
10.20    -2789.0918     0
10.40    -2779.1060     0
10.60    -2768.9995     0
10.80    -2758.7751     0
11.00    -2748.4351     0
11.20    -2737.9819     0
11.40    -2727.4182     0
11.60    -2716.7463     0
11.80    -2705.9688     0
12.00    -2695.0876     0
12.20    -2684.1060     0
12.40    -2673.0256     0
12.60    -2661.8494     0
12.80    -2650.5793     0
13.00    -2639.2178     0
13.20    -2627.7671     0
13.40    -2616.2295     0
13.60    -2604.6072     0
13.80    -2592.9026     0
14.00    -2581.1174     0
14.20    -2569.2544     0
14.40    -2557.3152     0
14.60    -2545.3022     0
14.80    -2533.2178     0
15.00    -2521.0635     0
15.20    -2508.8418     0
15.40    -2496.5544     0
15.60    -2484.2036     0
15.80    -2471.7913     0
16.00    -2459.3193     0
16.20    -2446.7900     0
16.40    -2434.2051     0
16.60    -2421.5664     0
16.80    -2408.8757     0
17.00    -2396.1350     0
17.20    -2383.3462     0
17.40    -2370.5112     0
17.60    -2357.6316     0
17.80    -2344.7092     0
18.00    -2331.7458     0
18.20    -2318.7432     0
18.40    -2305.7031     0
18.60    -2292.6272     0
18.80    -2279.5171     0
19.00    -2266.3745     0
19.20    -2253.2012     0
19.40    -2239.9985     0
19.60    -2226.7681     0
19.80    -2213.5115     0
20.00    -2200.2305     0
20.20    -2186.9268     0
20.40    -2173.6018     0
20.60    -2160.2571     0
20.80    -2146.8940     0
21.00    -2133.5139     0
21.20    -2120.1182     0
21.40    -2106.7085     0
21.60    -2093.2861     0
21.80    -2079.8525     0
22.00    -2066.4092     0
22.20    -2052.9575     0
22.40    -2039.4988     0
22.60    -2026.0345     0
22.80    -2012.5659     0
23.00    -1999.0942     0
23.20    -1985.6208     0
23.40    -1972.1469     0
23.60    -1958.6735     0
23.80    -1945.2021     0
24.00    -1931.7340     0
24.20    -1918.2704     0
24.40    -1904.8124     0
24.60    -1891.3612     0
24.80    -1877.9180     0
25.00    -1864.4835     0
25.20    -1851.0591     0
25.40    -1837.6459     0
25.60    -1824.2451     0
25.80    -1810.8578     0
26.00    -1797.4847     0
26.20    -1784.1270     0
26.40    -1770.7854     0
26.60    -1757.4613     0
26.80    -1744.1554     0
27.00    -1730.8689     0
27.20    -1717.6028     0
27.40    -1704.3582     0
27.60    -1691.1357     0
27.80    -1677.9365     0
28.00    -1664.7612     0
28.20    -1651.6110     0
28.40    -1638.4867     0
28.60    -1625.3894     0
28.80    -1612.3198     0
29.00    -1599.2786     0
29.20    -1586.2665     0
29.40    -1573.2845     0
29.60    -1560.3334     0
29.80    -1547.4138     0
30.00    -1534.5266     0
30.20    -1521.6725     0
30.40    -1508.8522     0
30.60    -1496.0664     0
30.80    -1483.3158     0
31.00    -1470.6011     0
31.20    -1457.9230     0
31.40    -1445.2821     0
31.60    -1432.6791     0
31.80    -1420.1146     0
32.00    -1407.5894     0
32.20    -1395.1040     0
32.40    -1382.6592     0
32.60    -1370.2555     0
32.80    -1357.8934     0
33.00    -1345.5736     0
33.20    -1333.2965     0
33.40    -1321.0627     0
33.60    -1308.8728     0
33.80    -1296.7273     0
34.00    -1284.6267     0
34.20    -1272.5715     0
34.40    -1260.5623     0
34.60    -1248.5994     0
34.80    -1236.6832     0
35.00    -1224.8143     0
35.20    -1212.9933     0
35.40    -1201.2205     0
35.60    -1189.4962     0
35.80    -1177.8209     0
36.00    -1166.1951     0
36.20    -1154.6191     0
36.40    -1143.0934     0
36.60    -1131.6184     0
36.80    -1120.1946     0
37.00    -1108.8221     0
37.20    -1097.5013     0
37.40    -1086.2325     0
37.60    -1075.0162     0
37.80    -1063.8527     0
38.00    -1052.7422     0
38.20    -1041.6851     0
38.40    -1030.6816     0
38.60    -1019.7322     0
38.80    -1008.8370     0
39.00    -997.9963     0
39.20    -987.2103     0
39.40    -976.4795     0
39.60    -965.8040     0
39.80    -955.1840     0
40.00    -944.6198     0
40.20    -934.1115     0
40.40    -923.6594     0
40.60    -913.2635     0
40.80    -902.9243     0
41.00    -892.6417     0
41.20    -882.4159     0
41.40    -872.2471     0
41.60    -862.1356     0
41.80    -852.0816     0
42.00    -842.0850     0
42.20    -832.1460     0
42.40    -822.2648     0
42.60    -812.4415     0
42.80    -802.6764     0
43.00    -792.9695     0
43.20    -783.3210     0
43.40    -773.7308     0
43.60    -764.1992     0
43.80    -754.7262     0
44.00    -745.3118     0
44.20    -735.9561     0
44.40    -726.6592     0
44.60    -717.4211     0
44.80    -708.2419     0
45.00    -699.1216     0
45.20    -690.0604     0
45.40    -681.0581     0
45.60    -672.1149     0
45.80    -663.2307     0
46.00    -654.4056     0
46.20    -645.6397     0
46.40    -636.9329     0
46.60    -628.2852     0
46.80    -619.6966     0
47.00    -611.1671     0
47.20    -602.6967     0
47.40    -594.2854     0
47.60    -585.9331     0
47.80    -577.6398     0
48.00    -569.4054     0
48.20    -561.2300     0
48.40    -553.1135     0
48.60    -545.0558     0
48.80    -537.0571     0
49.00    -529.1170     0
49.20    -521.2356     0
49.40    -513.4128     0
49.60    -505.6486     0
49.80    -497.9428     0
50.00    -490.2955     0
50.20    -482.7065     0
50.40    -475.1756     0
50.60    -467.7029     0
50.80    -460.2882     0
51.00    -452.9313     0
51.20    -445.6322     0
51.40    -438.3907     0
51.60    -431.2069     0
51.80    -424.0805     0
52.00    -417.0115     0
52.20    -409.9996     0
52.40    -403.0448     0
52.60    -396.1470     0
52.80    -389.3061     0
53.00    -382.5218     0
53.20    -375.7940     0
53.40    -369.1227     0
53.60    -362.5075     0
53.80    -355.9485     0
54.00    -349.4453     0
54.20    -342.9980     0
54.40    -336.6062     0
54.60    -330.2700     0
54.80    -323.9890     0
55.00    -317.7632     0
55.20    -311.5923     0
55.40    -305.4761     0
55.60    -299.4146     0
55.80    -293.4074     0
56.00    -287.4546     0
56.20    -281.5558     0
56.40    -275.7108     0
56.60    -269.9195     0
56.80    -264.1816     0
57.00    -258.4970     0
57.20    -252.8655     0
57.40    -247.2869     0
57.60    -241.7610     0
57.80    -236.2875     0
58.00    -230.8663     0
58.20    -225.4971     0
58.40    -220.1798     0
58.60    -214.9141     0
58.80    -209.6999     0
59.00    -204.5369     0
59.20    -199.4249     0
59.40    -194.3636     0
59.60    -189.3530     0
59.80    -184.3927     0
60.00    -179.4825     0
60.20    -174.6222     0
60.40    -169.8115     0
60.60    -165.0503     0
60.80    -160.3383     0
61.00    -155.6752     0
61.20    -151.0609     0
61.40    -146.4951     0
61.60    -141.9776     0
61.80    -137.5080     0
62.00    -133.0863     0
62.20    -128.7121     0
62.40    -124.3852     0
62.60    -120.1054     0
62.80    -115.8725     0
63.00    -111.6861     0
63.20    -107.5460     0
63.40    -103.4520     0
63.60    -99.4039     0
63.80    -95.4014     0
64.00    -91.4442     0
64.20    -87.5322     0
64.40    -83.6649     0
64.60    -79.8423     0
64.80    -76.0641     0
65.00    -72.3299     0
65.20    -68.6396     0
65.40    -64.9929     0
65.60    -61.3895     0
65.80    -57.8292     0
66.00    -54.3117     0
66.20    -50.8368     0
66.40    -47.4042     0
66.60    -44.0137     0
66.80    -40.6650     0
67.00    -37.3578     0
67.20    -34.0920     0
67.40    -30.8671     0
67.60    -27.6831     0
67.80    -24.5395     0
68.00    -21.4362     0
68.20    -18.3730     0
68.40    -15.3494     0
68.60    -12.3653     0
68.80    -9.4205     0
69.00    -6.5146     0
69.20    -3.6475     0
69.40    -0.8188     0
69.60    1.9718     0
69.80    4.7244     0
70.00    7.4393     0
70.20    10.1169     0
70.40    12.7572     0
70.60    15.3607     0
70.80    17.9276     0
71.00    20.4581     0
71.20    22.9525     0
71.40    25.4110     0
71.60    27.8339     0
71.80    30.2215     0
72.00    32.5740     0
72.20    34.8917     0
72.40    37.1749     0
72.60    39.4237     0
72.80    41.6385     0
73.00    43.8194     0
73.20    45.9669     0
73.40    48.0810     0
73.60    50.1622     0
73.80    52.2105     0
74.00    54.2264     0
74.20    56.2100     0
74.40    58.1615     0
74.60    60.0813     0
74.80    61.9697     0
75.00    63.8267     0
75.20    65.6528     0
75.40    67.4481     0
75.60    69.2129     0
75.80    70.9474     0
76.00    72.6520     0
76.20    74.3268     0
76.40    75.9721     0
76.60    77.5881     0
76.80    79.1752     0
77.00    80.7334     0
77.20    82.2632     0
77.40    83.7647     0
77.60    85.2381     0
77.80    86.6838     0
78.00    88.1019     0
78.20    89.4927     0
78.40    90.8565     0
78.60    92.1934     0
78.80    93.5038     0
79.00    94.7878     0
79.20    96.0457     0
79.40    97.2778     0
79.60    98.4843     0
79.80    99.6653     0
80.00    100.8212     0
80.20    101.9522     0
80.40    103.0584     0
80.60    104.1403     0
80.80    105.1978     0
81.00    106.2314     0
81.20    107.2412     0
81.40    108.2275     0
81.60    109.1905     0
81.80    110.1304     0
82.00    111.0474     0
82.20    111.9418     0
82.40    112.8138     0
82.60    113.6636     0
82.80    114.4914     0
83.00    115.2974     0
83.20    116.0820     0
83.40    116.8452     0
83.60    117.5874     0
83.80    118.3086     0
84.00    119.0092     0
84.20    119.6894     0
84.40    120.3493     0
84.60    120.9892     0
84.80    121.6093     0
85.00    122.2098     0
85.20    122.7909     0
85.40    123.3528     0
85.60    123.8958     0
85.80    124.4200     0
86.00    124.9256     0
86.20    125.4129     0
86.40    125.8821     0
86.60    126.3334     0
86.80    126.7668     0
87.00    127.1827     0
87.20    127.5813     0
87.40    127.9628     0
87.60    128.3272     0
87.80    128.6749     0
88.00    129.0061     0
88.20    129.3209     0
88.40    129.6196     0
88.60    129.9022     0
88.80    130.1691     0
89.00    130.4204     0
89.20    130.6562     0
89.40    130.8769     0
89.60    131.0825     0
89.80    131.2733     0
90.00    131.4494     0
90.20    131.6110     0
90.40    131.7582     0
90.60    131.8914     0
90.80    132.0106     0
91.00    132.1161     0
91.20    132.2079     0
91.40    132.2864     0
91.60    132.3516     0
91.80    132.4037     0
92.00    132.4429     0
92.20    132.4695     0
92.40    132.4834     0
92.60    132.4849     0
92.80    132.4742     0
93.00    132.4514     0
93.20    132.4168     0
93.40    132.3704     0
93.60    132.3125     0
93.80    132.2431     0
94.00    132.1626     0
94.20    132.0709     0
94.40    131.9683     0
94.60    131.8549     0
94.80    131.7310     0
95.00    131.5965     0
95.20    131.4518     0
95.40    131.2970     0
95.60    131.1321     0
95.80    130.9574     0
96.00    130.7730     0
96.20    130.5790     0
96.40    130.3757     0
96.60    130.1631     0
96.80    129.9413     0
97.00    129.7107     0
97.20    129.4712     0
97.40    129.2230     0
97.60    128.9663     0
97.80    128.7012     0
98.00    128.4278     0
98.20    128.1463     0
98.40    127.8568     0
98.60    127.5595     0
98.80    127.2544     0
99.00    126.9418     0
99.20    126.6217     0
99.40    126.2943     0
99.60    125.9597     0
99.80    125.6181     0
100.00    125.2695     0
100.20    124.9141     0
100.40    124.5521     0
100.60    124.1834     0
100.80    123.8084     0
101.00    123.4270     0
101.20    123.0394     0
101.40    122.6457     0
101.60    122.2461     0
101.80    121.8407     0
102.00    121.4295     0
102.20    121.0127     0
102.40    120.5905     0
102.60    120.1628     0
102.80    119.7299     0
103.00    119.2919     0
103.20    118.8488     0
103.40    118.4008     0
103.60    117.9479     0
103.80    117.4904     0
104.00    117.0282     0
104.20    116.5615     0
104.40    116.0905     0
104.60    115.6151     0
104.80    115.1356     0
105.00    114.6519     0
105.20    114.1643     0
105.40    113.6728     0
105.60    113.1774     0
105.80    112.6784     0
106.00    112.1758     0
106.20    111.6697     0
106.40    111.1602     0
106.60    110.6473     0
106.80    110.1313     0
107.00    109.6121     0
107.20    109.0899     0
107.40    108.5647     0
107.60    108.0367     0
107.80    107.5059     0
108.00    106.9725     0
108.20    106.4364     0
108.40    105.8978     0
108.60    105.3568     0
108.80    104.8134     0
109.00    104.2678     0
109.20    103.7200     0
109.40    103.1701     0
109.60    102.6181     0
109.80    102.0643     0
110.00    101.5085     0
110.20    100.9510     0
110.40    100.3917     0
110.60    99.8309     0
110.80    99.2684     0
111.00    98.7045     0
111.20    98.1391     0
111.40    97.5724     0
111.60    97.0044     0
111.80    96.4353     0
112.00    95.8650     0
112.20    95.2936     0
112.40    94.7213     0
112.60    94.1480     0
112.80    93.5739     0
113.00    92.9990     0
113.20    92.4233     0
113.40    91.8470     0
113.60    91.2701     0
113.80    90.6927     0
114.00    90.1147     0
114.20    89.5364     0
114.40    88.9577     0
114.60    88.3787     0
114.80    87.7994     0
115.00    87.2200     0
115.20    86.6404     0
115.40    86.0608     0
115.60    85.4812     0
115.80    84.9016     0
116.00    84.3221     0
116.20    83.7428     0
116.40    83.1636     0
116.60    82.5848     0
116.80    82.0062     0
117.00    81.4280     0
117.20    80.8502     0
117.40    80.2728     0
117.60    79.6960     0
117.80    79.1197     0
118.00    78.5440     0
118.20    77.9689     0
118.40    77.3945     0
118.60    76.8209     0
118.80    76.2481     0
119.00    75.6760     0
119.20    75.1049     0
119.40    74.5346     0
119.60    73.9653     0
119.80    73.3970     0
120.00    72.8297     0
120.20    72.2635     0
120.40    71.6984     0
120.60    71.1344     0
120.80    70.5716     0
121.00    70.0101     0
121.20    69.4498     0
121.40    68.8908     0
121.60    68.3331     0
121.80    67.7768     0
122.00    67.2219     0
122.20    66.6685     0
122.40    66.1165     0
122.60    65.5660     0
122.80    65.0171     0
123.00    64.4697     0
123.20    63.9239     0
123.40    63.3798     0
123.60    62.8373     0
123.80    62.2965     0
124.00    61.7573     0
124.20    61.2200     0
124.40    60.6844     0
124.60    60.1506     0
124.80    59.6186     0
125.00    59.0884     0
125.20    58.5602     0
125.40    58.0338     0
125.60    57.5093     0
125.80    56.9868     0
126.00    56.4663     0
126.20    55.9478     0
126.40    55.4313     0
126.60    54.9168     0
126.80    54.4044     0
127.00    53.8941     0
127.20    53.3859     0
127.40    52.8798     0
127.60    52.3759     0
127.80    51.8741     0
128.00    51.3745     0
128.20    50.8771     0
128.40    50.3819     0
128.60    49.8889     0
128.80    49.3982     0
129.00    48.9098     0
129.20    48.4236     0
129.40    47.9398     0
129.60    47.4583     0
129.80    46.9791     0
130.00    46.5022     0
130.20    46.0277     0
130.40    45.5556     0
130.60    45.0859     0
130.80    44.6185     0
131.00    44.1536     0
131.20    43.6912     0
131.40    43.2311     0
131.60    42.7735     0
131.80    42.3184     0
132.00    41.8657     0
132.20    41.4155     0
132.40    40.9678     0
132.60    40.5226     0
132.80    40.0800     0
133.00    39.6398     0
133.20    39.2022     0
133.40    38.7671     0
133.60    38.3345     0
133.80    37.9046     0
134.00    37.4771     0
134.20    37.0523     0
134.40    36.6300     0
134.60    36.2103     0
134.80    35.7931     0
135.00    35.3786     0
135.20    34.9667     0
135.40    34.5574     0
135.60    34.1506     0
135.80    33.7465     0
136.00    33.3450     0
136.20    32.9462     0
136.40    32.5499     0
136.60    32.1563     0
136.80    31.7653     0
137.00    31.3769     0
137.20    30.9912     0
137.40    30.6081     0
137.60    30.2277     0
137.80    29.8499     0
138.00    29.4747     0
138.20    29.1022     0
138.40    28.7323     0
138.60    28.3651     0
138.80    28.0005     0
139.00    27.6386     0
139.20    27.2793     0
139.40    26.9227     0
139.60    26.5687     0
139.80    26.2174     0
140.00    25.8687     0
140.20    25.5226     0
140.40    25.1792     0
140.60    24.8384     0
140.80    24.5003     0
141.00    24.1648     0
141.20    23.8320     0
141.40    23.5018     0
141.60    23.1742     0
141.80    22.8492     0
142.00    22.5269     0
142.20    22.2071     0
142.40    21.8901     0
142.60    21.5756     0
142.80    21.2637     0
143.00    20.9544     0
143.20    20.6478     0
143.40    20.3437     0
143.60    20.0422     0
143.80    19.7433     0
144.00    19.4470     0
144.20    19.1533     0
144.40    18.8622     0
144.60    18.5736     0
144.80    18.2875     0
145.00    18.0041     0
145.20    17.7232     0
145.40    17.4448     0
145.60    17.1690     0
145.80    16.8957     0
146.00    16.6249     0
146.20    16.3566     0
146.40    16.0909     0
146.60    15.8276     0
146.80    15.5669     0
147.00    15.3087     0
147.20    15.0529     0
147.40    14.7996     0
147.60    14.5488     0
147.80    14.3004     0
148.00    14.0545     0
148.20    13.8111     0
148.40    13.5701     0
148.60    13.3315     0
148.80    13.0953     0
149.00    12.8615     0
149.20    12.6302     0
149.40    12.4012     0
149.60    12.1747     0
149.80    11.9505     0
150.00    11.7287     0
150.20    11.5092     0
150.40    11.2921     0
150.60    11.0774     0
150.80    10.8650     0
151.00    10.6549     0
151.20    10.4471     0
151.40    10.2416     0
151.60    10.0384     0
151.80    9.8375     0
152.00    9.6389     0
152.20    9.4425     0
152.40    9.2484     0
152.60    9.0566     0
152.80    8.8669     0
153.00    8.6795     0
153.20    8.4944     0
153.40    8.3114     0
153.60    8.1306     0
153.80    7.9520     0
154.00    7.7756     0
154.20    7.6013     0
154.40    7.4292     0
154.60    7.2592     0
154.80    7.0913     0
155.00    6.9256     0
155.20    6.7620     0
155.40    6.6005     0
155.60    6.4410     0
155.80    6.2836     0
156.00    6.1283     0
156.20    5.9751     0
156.40    5.8239     0
156.60    5.6747     0
156.80    5.5275     0
157.00    5.3823     0
157.20    5.2392     0
157.40    5.0980     0
157.60    4.9588     0
157.80    4.8215     0
158.00    4.6862     0
158.20    4.5528     0
158.40    4.4213     0
158.60    4.2918     0
158.80    4.1641     0
159.00    4.0384     0
159.20    3.9145     0
159.40    3.7925     0
159.60    3.6723     0
159.80    3.5540     0
160.00    3.4375     0
160.20    3.3228     0
160.40    3.2099     0
160.60    3.0988     0
160.80    2.9895     0
161.00    2.8820     0
161.20    2.7762     0
161.40    2.6721     0
161.60    2.5698     0
161.80    2.4692     0
162.00    2.3703     0
162.20    2.2731     0
162.40    2.1776     0
162.60    2.0837     0
162.80    1.9915     0
163.00    1.9010     0
163.20    1.8120     0
163.40    1.7247     0
163.60    1.6390     0
163.80    1.5549     0
164.00    1.4724     0
164.20    1.3914     0
164.40    1.3120     0
164.60    1.2341     0
164.80    1.1578     0
165.00    1.0830     0
165.20    1.0097     0
165.40    0.9379     0
165.60    0.8675     0
165.80    0.7986     0
166.00    0.7312     0
166.20    0.6652     0
166.40    0.6007     0
166.60    0.5376     0
166.80    0.4758     0
167.00    0.4155     0
167.20    0.3565     0
167.40    0.2989     0
167.60    0.2427     0
167.80    0.1878     0
168.00    0.1342     0
168.20    0.0820     0
168.40    0.0310     0
168.60    -0.0187     0
168.80    -0.0670     0
169.00    -0.1142     0
169.20    -0.1600     0
169.40    -0.2047     0
169.60    -0.2481     0
169.80    -0.2903     0
170.00    -0.3313     0
170.20    -0.3711     0
170.40    -0.4097     0
170.60    -0.4472     0
170.80    -0.4835     0
171.00    -0.5187     0
171.20    -0.5527     0
171.40    -0.5857     0
171.60    -0.6175     0
171.80    -0.6483     0
172.00    -0.6780     0
172.20    -0.7066     0
172.40    -0.7341     0
172.60    -0.7607     0
172.80    -0.7862     0
173.00    -0.8107     0
173.20    -0.8342     0
173.40    -0.8567     0
173.60    -0.8783     0
173.80    -0.8988     0
174.00    -0.9185     0
174.20    -0.9372     0
174.40    -0.9550     0
174.60    -0.9718     0
174.80    -0.9878     0
175.00    -1.0029     0
175.20    -1.0171     0
175.40    -1.0304     0
175.60    -1.0429     0
175.80    -1.0546     0
176.00    -1.0654     0
176.20    -1.0755     0
176.40    -1.0847     0
176.60    -1.0932     0
176.80    -1.1008     0
177.00    -1.1077     0
177.20    -1.1139     0
177.40    -1.1193     0
177.60    -1.1241     0
177.80    -1.1281     0
178.00    -1.1314     0
178.20    -1.1340     0
178.40    -1.1359     0
178.60    -1.1372     0
178.80    -1.1378     0
179.00    -1.1378     0
179.20    -1.1372     0
179.40    -1.1359     0
179.60    -1.1341     0
179.80    -1.1317     0
180.00    -1.1287     0
180.20    -1.1251     0
180.40    -1.1210     0
180.60    -1.1163     0
180.80    -1.1111     0
181.00    -1.1054     0
181.20    -1.0992     0
181.40    -1.0925     0
181.60    -1.0854     0
181.80    -1.0778     0
182.00    -1.0697     0
182.20    -1.0612     0
182.40    -1.0522     0
182.60    -1.0428     0
182.80    -1.0331     0
183.00    -1.0229     0
183.20    -1.0124     0
183.40    -1.0015     0
183.60    -0.9902     0
183.80    -0.9786     0
184.00    -0.9666     0
184.20    -0.9544     0
184.40    -0.9418     0
184.60    -0.9290     0
184.80    -0.9158     0
185.00    -0.9024     0
185.20    -0.8888     0
185.40    -0.8748     0
185.60    -0.8607     0
185.80    -0.8463     0
186.00    -0.8317     0
186.20    -0.8169     0
186.40    -0.8020     0
186.60    -0.7868     0
186.80    -0.7715     0
187.00    -0.7561     0
187.20    -0.7405     0
187.40    -0.7248     0
187.60    -0.7089     0
187.80    -0.6930     0
188.00    -0.6770     0
188.20    -0.6609     0
188.40    -0.6447     0
188.60    -0.6285     0
188.80    -0.6122     0
189.00    -0.5959     0
189.20    -0.5796     0
189.40    -0.5633     0
189.60    -0.5470     0
189.80    -0.5307     0
190.00    -0.5144     0
190.20    -0.4982     0
190.40    -0.4820     0
190.60    -0.4659     0
190.80    -0.4498     0
191.00    -0.4339     0
191.20    -0.4180     0
191.40    -0.4023     0
191.60    -0.3867     0
191.80    -0.3712     0
192.00    -0.3559     0
192.20    -0.3407     0
192.40    -0.3257     0
192.60    -0.3109     0
192.80    -0.2963     0
193.00    -0.2819     0
193.20    -0.2677     0
193.40    -0.2538     0
193.60    -0.2400     0
193.80    -0.2266     0
194.00    -0.2134     0
194.20    -0.2005     0
194.40    -0.1878     0
194.60    -0.1755     0
194.80    -0.1635     0
195.00    -0.1518     0
195.20    -0.1405     0
195.40    -0.1295     0
195.60    -0.1189     0
195.80    -0.1086     0
196.00    -0.0987     0
196.20    -0.0893     0
196.40    -0.0802     0
196.60    -0.0715     0
196.80    -0.0633     0
197.00    -0.0555     0
197.20    -0.0482     0
197.40    -0.0414     0
197.60    -0.0350     0
197.80    -0.0291     0
198.00    -0.0238     0
198.20    -0.0189     0
198.40    -0.0146     0
198.60    -0.0108     0
198.80    -0.0075     0
199.00    -0.0049     0
199.20    -0.0028     0
199.40    -0.0012     0
199.60    -0.0003     0
199.80    -0.0000     0
200.00    -0.0003     0