> Flexi¢n modelo CC.   Tiempo: 0.00 My.
0	0
> x(Km)	   -w(m)     h(m)      dg(mgal)
0.00    -1023.5142     0
0.20    -1023.5615     0
0.40    -1023.5142     0
0.60    -1023.3733     0
0.80    -1023.1402     0
1.00    -1022.8161     0
1.20    -1022.4025     0
1.40    -1021.9005     0
1.60    -1021.3112     0
1.80    -1020.6360     0
2.00    -1019.8761     0
2.20    -1019.0327     0
2.40    -1018.1070     0
2.60    -1017.1002     0
2.80    -1016.0135     0
3.00    -1014.8480     0
3.20    -1013.6050     0
3.40    -1012.2854     0
3.60    -1010.8905     0
3.80    -1009.4214     0
4.00    -1007.8792     0
4.20    -1006.2653     0
4.40    -1004.5806     0
4.60    -1002.8264     0
4.80    -1001.0036     0
5.00    -999.1133     0
5.20    -997.1568     0
5.40    -995.1349     0
5.60    -993.0488     0
5.80    -990.8994     0
6.00    -988.6880     0
6.20    -986.4155     0
6.40    -984.0829     0
6.60    -981.6915     0
6.80    -979.2421     0
7.00    -976.7357     0
7.20    -974.1734     0
7.40    -971.5561     0
7.60    -968.8847     0
7.80    -966.1604     0
8.00    -963.3840     0
8.20    -960.5565     0
8.40    -957.6788     0
8.60    -954.7518     0
8.80    -951.7766     0
9.00    -948.7540     0
9.20    -945.6851     0
9.40    -942.5707     0
9.60    -939.4116     0
9.80    -936.2087     0
10.00    -932.9631     0
10.20    -929.6755     0
10.40    -926.3468     0
10.60    -922.9779     0
10.80    -919.5696     0
11.00    -916.1229     0
11.20    -912.6385     0
11.40    -909.1173     0
11.60    -905.5601     0
11.80    -901.9677     0
12.00    -898.3408     0
12.20    -894.6804     0
12.40    -890.9871     0
12.60    -887.2618     0
12.80    -883.5052     0
13.00    -879.7182     0
13.20    -875.9014     0
13.40    -872.0557     0
13.60    -868.1818     0
13.80    -864.2802     0
14.00    -860.3520     0
14.20    -856.3978     0
14.40    -852.4183     0
14.60    -848.4142     0
14.80    -844.3863     0
15.00    -840.3350     0
15.20    -836.2612     0
15.40    -832.1656     0
15.60    -828.0489     0
15.80    -823.9116     0
16.00    -819.7545     0
16.20    -815.5781     0
16.40    -811.3832     0
16.60    -807.1703     0
16.80    -802.9401     0
17.00    -798.6933     0
17.20    -794.4305     0
17.40    -790.1523     0
17.60    -785.8592     0
17.80    -781.5518     0
18.00    -777.2306     0
18.20    -772.8963     0
18.40    -768.5495     0
18.60    -764.1908     0
18.80    -759.8207     0
19.00    -755.4398     0
19.20    -751.0485     0
19.40    -746.6475     0
19.60    -742.2374     0
19.80    -737.8185     0
20.00    -733.3915     0
20.20    -728.9568     0
20.40    -724.5151     0
20.60    -720.0668     0
20.80    -715.6123     0
21.00    -711.1522     0
21.20    -706.6871     0
21.40    -702.2173     0
21.60    -697.7433     0
21.80    -693.2657     0
22.00    -688.7849     0
22.20    -684.3012     0
22.40    -679.8152     0
22.60    -675.3273     0
22.80    -670.8378     0
23.00    -666.3474     0
23.20    -661.8563     0
23.40    -657.3652     0
23.60    -652.8743     0
23.80    -648.3840     0
24.00    -643.8948     0
24.20    -639.4070     0
24.40    -634.9211     0
24.60    -630.4374     0
24.80    -625.9564     0
25.00    -621.4784     0
25.20    -617.0038     0
25.40    -612.5331     0
25.60    -608.0664     0
25.80    -603.6042     0
26.00    -599.1468     0
26.20    -594.6945     0
26.40    -590.2477     0
26.60    -585.8068     0
26.80    -581.3721     0
27.00    -576.9438     0
27.20    -572.5223     0
27.40    -568.1078     0
27.60    -563.7009     0
27.80    -559.3016     0
28.00    -554.9103     0
28.20    -550.5274     0
28.40    -546.1530     0
28.60    -541.7875     0
28.80    -537.4312     0
29.00    -533.0844     0
29.20    -528.7472     0
29.40    -524.4200     0
29.60    -520.1032     0
29.80    -515.7969     0
30.00    -511.5013     0
30.20    -507.2168     0
30.40    -502.9434     0
30.60    -498.6815     0
30.80    -494.4314     0
31.00    -490.1932     0
31.20    -485.9673     0
31.40    -481.7538     0
31.60    -477.5529     0
31.80    -473.3648     0
32.00    -469.1899     0
32.20    -465.0282     0
32.40    -460.8800     0
32.60    -456.7455     0
32.80    -452.6248     0
33.00    -448.5181     0
33.20    -444.4258     0
33.40    -440.3479     0
33.60    -436.2846     0
33.80    -432.2362     0
34.00    -428.2028     0
34.20    -424.1844     0
34.40    -420.1815     0
34.60    -416.1939     0
34.80    -412.2220     0
35.00    -408.2658     0
35.20    -404.3255     0
35.40    -400.4013     0
35.60    -396.4934     0
35.80    -392.6017     0
36.00    -388.7266     0
36.20    -384.8681     0
36.40    -381.0264     0
36.60    -377.2015     0
36.80    -373.3937     0
37.00    -369.6030     0
37.20    -365.8296     0
37.40    -362.0735     0
37.60    -358.3349     0
37.80    -354.6140     0
38.00    -350.9107     0
38.20    -347.2253     0
38.40    -343.5577     0
38.60    -339.9081     0
38.80    -336.2766     0
39.00    -332.6632     0
39.20    -329.0681     0
39.40    -325.4913     0
39.60    -321.9330     0
39.80    -318.3931     0
40.00    -314.8717     0
40.20    -311.3691     0
40.40    -307.8851     0
40.60    -304.4200     0
40.80    -300.9736     0
41.00    -297.5461     0
41.20    -294.1376     0
41.40    -290.7481     0
41.60    -287.3777     0
41.80    -284.0264     0
42.00    -280.6943     0
42.20    -277.3814     0
42.40    -274.0878     0
42.60    -270.8134     0
42.80    -267.5585     0
43.00    -264.3229     0
43.20    -261.1068     0
43.40    -257.9101     0
43.60    -254.7330     0
43.80    -251.5754     0
44.00    -248.4373     0
44.20    -245.3188     0
44.40    -242.2199     0
44.60    -239.1406     0
44.80    -236.0810     0
45.00    -233.0410     0
45.20    -230.0206     0
45.40    -227.0200     0
45.60    -224.0390     0
45.80    -221.0777     0
46.00    -218.1360     0
46.20    -215.2142     0
46.40    -212.3120     0
46.60    -209.4294     0
46.80    -206.5666     0
47.00    -203.7235     0
47.20    -200.9001     0
47.40    -198.0963     0
47.60    -195.3123     0
47.80    -192.5479     0
48.00    -189.8032     0
48.20    -187.0781     0
48.40    -184.3727     0
48.60    -181.6868     0
48.80    -179.0206     0
49.00    -176.3739     0
49.20    -173.7468     0
49.40    -171.1392     0
49.60    -168.5512     0
49.80    -165.9826     0
50.00    -163.4335     0
50.20    -160.9039     0
50.40    -158.3936     0
50.60    -155.9028     0
50.80    -153.4312     0
51.00    -150.9790     0
51.20    -148.5460     0
51.40    -146.1322     0
51.60    -143.7377     0
51.80    -141.3622     0
52.00    -139.0059     0
52.20    -136.6687     0
52.40    -134.3504     0
52.60    -132.0511     0
52.80    -129.7708     0
53.00    -127.5093     0
53.20    -125.2667     0
53.40    -123.0429     0
53.60    -120.8378     0
53.80    -118.6514     0
54.00    -116.4837     0
54.20    -114.3346     0
54.40    -112.2040     0
54.60    -110.0919     0
54.80    -107.9983     0
55.00    -105.9230     0
55.20    -103.8660     0
55.40    -101.8273     0
55.60    -99.8068     0
55.80    -97.8045     0
56.00    -95.8202     0
56.20    -93.8539     0
56.40    -91.9056     0
56.60    -89.9752     0
56.80    -88.0625     0
57.00    -86.1677     0
57.20    -84.2906     0
57.40    -82.4310     0
57.60    -80.5891     0
57.80    -78.7646     0
58.00    -76.9576     0
58.20    -75.1679     0
58.40    -73.3955     0
58.60    -71.6403     0
58.80    -69.9023     0
59.00    -68.1813     0
59.20    -66.4773     0
59.40    -64.7903     0
59.60    -63.1201     0
59.80    -61.4667     0
60.00    -59.8300     0
60.20    -58.2099     0
60.40    -56.6064     0
60.60    -55.0193     0
60.80    -53.4486     0
61.00    -51.8943     0
61.20    -50.3562     0
61.40    -48.8343     0
61.60    -47.3284     0
61.80    -45.8386     0
62.00    -44.3646     0
62.20    -42.9066     0
62.40    -41.4643     0
62.60    -40.0377     0
62.80    -38.6267     0
63.00    -37.2312     0
63.20    -35.8512     0
63.40    -34.4865     0
63.60    -33.1371     0
63.80    -31.8030     0
64.00    -30.4839     0
64.20    -29.1799     0
64.40    -27.8908     0
64.60    -26.6166     0
64.80    -25.3572     0
65.00    -24.1125     0
65.20    -22.8823     0
65.40    -21.6668     0
65.60    -20.4656     0
65.80    -19.2789     0
66.00    -18.1064     0
66.20    -16.9481     0
66.40    -15.8039     0
66.60    -14.6737     0
66.80    -13.5575     0
67.00    -12.4551     0
67.20    -11.3665     0
67.40    -10.2915     0
67.60    -9.2302     0
67.80    -8.1823     0
68.00    -7.1479     0
68.20    -6.1268     0
68.40    -5.1190     0
68.60    -4.1243     0
68.80    -3.1427     0
69.00    -2.1741     0
69.20    -1.2183     0
69.40    -0.2754     0
69.60    0.6547     0
69.80    1.5723     0
70.00    2.4773     0
70.20    3.3698     0
70.40    4.2499     0
70.60    5.1177     0
70.80    5.9733     0
71.00    6.8168     0
71.20    7.6483     0
71.40    8.4678     0
71.60    9.2755     0
71.80    10.0713     0
72.00    10.8555     0
72.20    11.6281     0
72.40    12.3891     0
72.60    13.1387     0
72.80    13.8770     0
73.00    14.6039     0
73.20    15.3198     0
73.40    16.0245     0
73.60    16.7182     0
73.80    17.4010     0
74.00    18.0729     0
74.20    18.7341     0
74.40    19.3846     0
74.60    20.0246     0
74.80    20.6540     0
75.00    21.2731     0
75.20    21.8817     0
75.40    22.4802     0
75.60    23.0685     0
75.80    23.6467     0
76.00    24.2148     0
76.20    24.7731     0
76.40    25.3216     0
76.60    25.8603     0
76.80    26.3893     0
77.00    26.9087     0
77.20    27.4187     0
77.40    27.9192     0
77.60    28.4103     0
77.80    28.8922     0
78.00    29.3650     0
78.20    29.8286     0
78.40    30.2832     0
78.60    30.7289     0
78.80    31.1657     0
79.00    31.5937     0
79.20    32.0131     0
79.40    32.4238     0
79.60    32.8260     0
79.80    33.2197     0
80.00    33.6050     0
80.20    33.9820     0
80.40    34.3508     0
80.60    34.7114     0
80.80    35.0639     0
81.00    35.4085     0
81.20    35.7451     0
81.40    36.0739     0
81.60    36.3949     0
81.80    36.7082     0
82.00    37.0139     0
82.20    37.3120     0
82.40    37.6027     0
82.60    37.8860     0
82.80    38.1619     0
83.00    38.4306     0
83.20    38.6922     0
83.40    38.9466     0
83.60    39.1940     0
83.80    39.4344     0
84.00    39.6680     0
84.20    39.8947     0
84.40    40.1147     0
84.60    40.3281     0
84.80    40.5348     0
85.00    40.7350     0
85.20    40.9287     0
85.40    41.1161     0
85.60    41.2971     0
85.80    41.4719     0
86.00    41.6405     0
86.20    41.8029     0
86.40    41.9594     0
86.60    42.1098     0
86.80    42.2543     0
87.00    42.3930     0
87.20    42.5259     0
87.40    42.6531     0
87.60    42.7746     0
87.80    42.8906     0
88.00    43.0010     0
88.20    43.1060     0
88.40    43.2056     0
88.60    43.2998     0
88.80    43.3888     0
89.00    43.4726     0
89.20    43.5512     0
89.40    43.6248     0
89.60    43.6933     0
89.80    43.7569     0
90.00    43.8156     0
90.20    43.8695     0
90.40    43.9186     0
90.60    43.9630     0
90.80    44.0027     0
91.00    44.0379     0
91.20    44.0685     0
91.40    44.0946     0
91.60    44.1164     0
91.80    44.1338     0
92.00    44.1468     0
92.20    44.1557     0
92.40    44.1603     0
92.60    44.1608     0
92.80    44.1573     0
93.00    44.1497     0
93.20    44.1382     0
93.40    44.1227     0
93.60    44.1034     0
93.80    44.0803     0
94.00    44.0535     0
94.20    44.0229     0
94.40    43.9887     0
94.60    43.9510     0
94.80    43.9097     0
95.00    43.8649     0
95.20    43.8167     0
95.40    43.7650     0
95.60    43.7101     0
95.80    43.6519     0
96.00    43.5904     0
96.20    43.5258     0
96.40    43.4581     0
96.60    43.3872     0
96.80    43.3133     0
97.00    43.2365     0
97.20    43.1567     0
97.40    43.0740     0
97.60    42.9884     0
97.80    42.9001     0
98.00    42.8090     0
98.20    42.7152     0
98.40    42.6187     0
98.60    42.5196     0
98.80    42.4179     0
99.00    42.3137     0
99.20    42.2071     0
99.40    42.0979     0
99.60    41.9864     0
99.80    41.8726     0
100.00    41.7564     0
100.20    41.6379     0
100.40    41.5173     0
100.60    41.3944     0
100.80    41.2694     0
101.00    41.1422     0
101.20    41.0130     0
101.40    40.8818     0
101.60    40.7486     0
101.80    40.6135     0
102.00    40.4765     0
102.20    40.3375     0
102.40    40.1968     0
102.60    40.0542     0
102.80    39.9099     0
103.00    39.7639     0
103.20    39.6162     0
103.40    39.4669     0
103.60    39.3160     0
103.80    39.1634     0
104.00    39.0094     0
104.20    38.8538     0
104.40    38.6968     0
104.60    38.5383     0
104.80    38.3785     0
105.00    38.2173     0
105.20    38.0547     0
105.40    37.8909     0
105.60    37.7258     0
105.80    37.5594     0
106.00    37.3919     0
106.20    37.2232     0
106.40    37.0533     0
106.60    36.8824     0
106.80    36.7103     0
107.00    36.5373     0
107.20    36.3632     0
107.40    36.1881     0
107.60    36.0121     0
107.80    35.8352     0
108.00    35.6573     0
108.20    35.4786     0
108.40    35.2991     0
108.60    35.1187     0
108.80    34.9376     0
109.00    34.7557     0
109.20    34.5731     0
109.40    34.3898     0
109.60    34.2058     0
109.80    34.0212     0
110.00    33.8359     0
110.20    33.6500     0
110.40    33.4636     0
110.60    33.2766     0
110.80    33.0892     0
111.00    32.9012     0
111.20    32.7127     0
111.40    32.5238     0
111.60    32.3345     0
111.80    32.1448     0
112.00    31.9547     0
112.20    31.7642     0
112.40    31.5735     0
112.60    31.3824     0
112.80    31.1910     0
113.00    30.9993     0
113.20    30.8075     0
113.40    30.6154     0
113.60    30.4230     0
113.80    30.2306     0
114.00    30.0379     0
114.20    29.8451     0
114.40    29.6522     0
114.60    29.4592     0
114.80    29.2662     0
115.00    29.0730     0
115.20    28.8798     0
115.40    28.6866     0
115.60    28.4934     0
115.80    28.3002     0
116.00    28.1071     0
116.20    27.9140     0
116.40    27.7209     0
116.60    27.5280     0
116.80    27.3351     0
117.00    27.1424     0
117.20    26.9498     0
117.40    26.7573     0
117.60    26.5650     0
117.80    26.3729     0
118.00    26.1810     0
118.20    25.9893     0
118.40    25.7979     0
118.60    25.6067     0
118.80    25.4157     0
119.00    25.2250     0
119.20    25.0346     0
119.40    24.8446     0
119.60    24.6548     0
119.80    24.4653     0
120.00    24.2763     0
120.20    24.0875     0
120.40    23.8991     0
120.60    23.7112     0
120.80    23.5236     0
121.00    23.3364     0
121.20    23.1496     0
121.40    22.9633     0
121.60    22.7774     0
121.80    22.5920     0
122.00    22.4070     0
122.20    22.2225     0
122.40    22.0386     0
122.60    21.8551     0
122.80    21.6721     0
123.00    21.4896     0
123.20    21.3077     0
123.40    21.1263     0
123.60    20.9455     0
123.80    20.7652     0
124.00    20.5855     0
124.20    20.4064     0
124.40    20.2279     0
124.60    20.0499     0
124.80    19.8726     0
125.00    19.6959     0
125.20    19.5198     0
125.40    19.3444     0
125.60    19.1696     0
125.80    18.9954     0
126.00    18.8219     0
126.20    18.6491     0
126.40    18.4769     0
126.60    18.3054     0
126.80    18.1346     0
127.00    17.9645     0
127.20    17.7951     0
127.40    17.6264     0
127.60    17.4584     0
127.80    17.2912     0
128.00    17.1246     0
128.20    16.9588     0
128.40    16.7938     0
128.60    16.6294     0
128.80    16.4659     0
129.00    16.3031     0
129.20    16.1410     0
129.40    15.9797     0
129.60    15.8192     0
129.80    15.6595     0
130.00    15.5005     0
130.20    15.3424     0
130.40    15.1850     0
130.60    15.0284     0
130.80    14.8726     0
131.00    14.7177     0
131.20    14.5635     0
131.40    14.4102     0
131.60    14.2576     0
131.80    14.1059     0
132.00    13.9550     0
132.20    13.8050     0
132.40    13.6557     0
132.60    13.5073     0
132.80    13.3598     0
133.00    13.2130     0
133.20    13.0672     0
133.40    12.9221     0
133.60    12.7779     0
133.80    12.6346     0
134.00    12.4921     0
134.20    12.3505     0
134.40    12.2098     0
134.60    12.0699     0
134.80    11.9308     0
135.00    11.7927     0
135.20    11.6553     0
135.40    11.5189     0
135.60    11.3833     0
135.80    11.2486     0
136.00    11.1148     0
136.20    10.9818     0
136.40    10.8498     0
136.60    10.7186     0
136.80    10.5882     0
137.00    10.4588     0
137.20    10.3302     0
137.40    10.2025     0
137.60    10.0757     0
137.80    9.9498     0
138.00    9.8247     0
138.20    9.7005     0
138.40    9.5773     0
138.60    9.4548     0
138.80    9.3333     0
139.00    9.2127     0
139.20    9.0929     0
139.40    8.9741     0
139.60    8.8561     0
139.80    8.7390     0
140.00    8.6227     0
140.20    8.5074     0
140.40    8.3929     0
140.60    8.2793     0
140.80    8.1666     0
141.00    8.0548     0
141.20    7.9439     0
141.40    7.8338     0
141.60    7.7246     0
141.80    7.6163     0
142.00    7.5088     0
142.20    7.4023     0
142.40    7.2966     0
142.60    7.1917     0
142.80    7.0878     0
143.00    6.9847     0
143.20    6.8825     0
143.40    6.7811     0
143.60    6.6806     0
143.80    6.5810     0
144.00    6.4822     0
144.20    6.3843     0
144.40    6.2873     0
144.60    6.1911     0
144.80    6.0957     0
145.00    6.0012     0
145.20    5.9076     0
145.40    5.8148     0
145.60    5.7229     0
145.80    5.6318     0
146.00    5.5415     0
146.20    5.4521     0
146.40    5.3635     0
146.60    5.2758     0
146.80    5.1889     0
147.00    5.1028     0
147.20    5.0175     0
147.40    4.9331     0
147.60    4.8495     0
147.80    4.7667     0
148.00    4.6848     0
148.20    4.6036     0
148.40    4.5233     0
148.60    4.4438     0
148.80    4.3650     0
149.00    4.2871     0
149.20    4.2100     0
149.40    4.1337     0
149.60    4.0582     0
149.80    3.9835     0
150.00    3.9095     0
150.20    3.8364     0
150.40    3.7640     0
150.60    3.6924     0
150.80    3.6216     0
151.00    3.5516     0
151.20    3.4823     0
151.40    3.4138     0
151.60    3.3461     0
151.80    3.2791     0
152.00    3.2129     0
152.20    3.1475     0
152.40    3.0828     0
152.60    3.0188     0
152.80    2.9556     0
153.00    2.8932     0
153.20    2.8314     0
153.40    2.7704     0
153.60    2.7102     0
153.80    2.6507     0
154.00    2.5918     0
154.20    2.5338     0
154.40    2.4764     0
154.60    2.4197     0
154.80    2.3638     0
155.00    2.3085     0
155.20    2.2540     0
155.40    2.2001     0
155.60    2.1470     0
155.80    2.0945     0
156.00    2.0428     0
156.20    1.9917     0
156.40    1.9413     0
156.60    1.8916     0
156.80    1.8425     0
157.00    1.7941     0
157.20    1.7464     0
157.40    1.6993     0
157.60    1.6529     0
157.80    1.6072     0
158.00    1.5621     0
158.20    1.5176     0
158.40    1.4738     0
158.60    1.4306     0
158.80    1.3880     0
159.00    1.3461     0
159.20    1.3048     0
159.40    1.2642     0
159.60    1.2241     0
159.80    1.1847     0
160.00    1.1458     0
160.20    1.1076     0
160.40    1.0700     0
160.60    1.0329     0
160.80    0.9965     0
161.00    0.9607     0
161.20    0.9254     0
161.40    0.8907     0
161.60    0.8566     0
161.80    0.8231     0
162.00    0.7901     0
162.20    0.7577     0
162.40    0.7259     0
162.60    0.6946     0
162.80    0.6638     0
163.00    0.6337     0
163.20    0.6040     0
163.40    0.5749     0
163.60    0.5463     0
163.80    0.5183     0
164.00    0.4908     0
164.20    0.4638     0
164.40    0.4373     0
164.60    0.4114     0
164.80    0.3859     0
165.00    0.3610     0
165.20    0.3366     0
165.40    0.3126     0
165.60    0.2892     0
165.80    0.2662     0
166.00    0.2437     0
166.20    0.2218     0
166.40    0.2002     0
166.60    0.1792     0
166.80    0.1586     0
167.00    0.1385     0
167.20    0.1188     0
167.40    0.0996     0
167.60    0.0809     0
167.80    0.0626     0
168.00    0.0447     0
168.20    0.0273     0
168.40    0.0103     0
168.60    -0.0062     0
168.80    -0.0223     0
169.00    -0.0381     0
169.20    -0.0533     0
169.40    -0.0682     0
169.60    -0.0827     0
169.80    -0.0968     0
170.00    -0.1104     0
170.20    -0.1237     0
170.40    -0.1366     0
170.60    -0.1491     0
170.80    -0.1612     0
171.00    -0.1729     0
171.20    -0.1842     0
171.40    -0.1952     0
171.60    -0.2058     0
171.80    -0.2161     0
172.00    -0.2260     0
172.20    -0.2355     0
172.40    -0.2447     0
172.60    -0.2536     0
172.80    -0.2621     0
173.00    -0.2702     0
173.20    -0.2781     0
173.40    -0.2856     0
173.60    -0.2928     0
173.80    -0.2996     0
174.00    -0.3062     0
174.20    -0.3124     0
174.40    -0.3183     0
174.60    -0.3239     0
174.80    -0.3293     0
175.00    -0.3343     0
175.20    -0.3390     0
175.40    -0.3435     0
175.60    -0.3476     0
175.80    -0.3515     0
176.00    -0.3551     0
176.20    -0.3585     0
176.40    -0.3616     0
176.60    -0.3644     0
176.80    -0.3669     0
177.00    -0.3692     0
177.20    -0.3713     0
177.40    -0.3731     0
177.60    -0.3747     0
177.80    -0.3760     0
178.00    -0.3771     0
178.20    -0.3780     0
178.40    -0.3786     0
178.60    -0.3791     0
178.80    -0.3793     0
179.00    -0.3793     0
179.20    -0.3791     0
179.40    -0.3786     0
179.60    -0.3780     0
179.80    -0.3772     0
180.00    -0.3762     0
180.20    -0.3750     0
180.40    -0.3737     0
180.60    -0.3721     0
180.80    -0.3704     0
181.00    -0.3685     0
181.20    -0.3664     0
181.40    -0.3642     0
181.60    -0.3618     0
181.80    -0.3593     0
182.00    -0.3566     0
182.20    -0.3537     0
182.40    -0.3507     0
182.60    -0.3476     0
182.80    -0.3444     0
183.00    -0.3410     0
183.20    -0.3375     0
183.40    -0.3338     0
183.60    -0.3301     0
183.80    -0.3262     0
184.00    -0.3222     0
184.20    -0.3181     0
184.40    -0.3139     0
184.60    -0.3097     0
184.80    -0.3053     0
185.00    -0.3008     0
185.20    -0.2963     0
185.40    -0.2916     0
185.60    -0.2869     0
185.80    -0.2821     0
186.00    -0.2772     0
186.20    -0.2723     0
186.40    -0.2673     0
186.60    -0.2623     0
186.80    -0.2572     0
187.00    -0.2520     0
187.20    -0.2468     0
187.40    -0.2416     0
187.60    -0.2363     0
187.80    -0.2310     0
188.00    -0.2257     0
188.20    -0.2203     0
188.40    -0.2149     0
188.60    -0.2095     0
188.80    -0.2041     0
189.00    -0.1986     0
189.20    -0.1932     0
189.40    -0.1878     0
189.60    -0.1823     0
189.80    -0.1769     0
190.00    -0.1715     0
190.20    -0.1661     0
190.40    -0.1607     0
190.60    -0.1553     0
190.80    -0.1499     0
191.00    -0.1446     0
191.20    -0.1393     0
191.40    -0.1341     0
191.60    -0.1289     0
191.80    -0.1237     0
192.00    -0.1186     0
192.20    -0.1136     0
192.40    -0.1086     0
192.60    -0.1036     0
192.80    -0.0988     0
193.00    -0.0940     0
193.20    -0.0892     0
193.40    -0.0846     0
193.60    -0.0800     0
193.80    -0.0755     0
194.00    -0.0711     0
194.20    -0.0668     0
194.40    -0.0626     0
194.60    -0.0585     0
194.80    -0.0545     0
195.00    -0.0506     0
195.20    -0.0468     0
195.40    -0.0432     0
195.60    -0.0396     0
195.80    -0.0362     0
196.00    -0.0329     0
196.20    -0.0298     0
196.40    -0.0267     0
196.60    -0.0238     0
196.80    -0.0211     0
197.00    -0.0185     0
197.20    -0.0161     0
197.40    -0.0138     0
197.60    -0.0117     0
197.80    -0.0097     0
198.00    -0.0079     0
198.20    -0.0063     0
198.40    -0.0049     0
198.60    -0.0036     0
198.80    -0.0025     0
199.00    -0.0016     0
199.20    -0.0009     0
199.40    -0.0004     0
199.60    -0.0001     0
199.80    -0.0000     0
200.00    -0.0001     0