>Flexi¢n modelo CC.   Tiempo: 0.00 My.
>x(Km)	   -w(m)     h(m)      dg(mgal)
0.00    -4094.0566     0
0.20    -4094.2461     0
0.40    -4094.0566     0
0.60    -4093.4932     0
0.80    -4092.5608     0
1.00    -4091.2644     0
1.20    -4089.6099     0
1.40    -4087.6018     0
1.60    -4085.2449     0
1.80    -4082.5442     0
2.00    -4079.5044     0
2.20    -4076.1306     0
2.40    -4072.4280     0
2.60    -4068.4006     0
2.80    -4064.0540     0
3.00    -4059.3921     0
3.20    -4054.4199     0
3.40    -4049.1416     0
3.60    -4043.5620     0
3.80    -4037.6855     0
4.00    -4031.5168     0
4.20    -4025.0610     0
4.40    -4018.3225     0
4.60    -4011.3054     0
4.80    -4004.0144     0
5.00    -3996.4534     0
5.20    -3988.6272     0
5.40    -3980.5396     0
5.60    -3972.1951     0
5.80    -3963.5977     0
6.00    -3954.7520     0
6.20    -3945.6619     0
6.40    -3936.3318     0
6.60    -3926.7661     0
6.80    -3916.9683     0
7.00    -3906.9429     0
7.20    -3896.6936     0
7.40    -3886.2244     0
7.60    -3875.5388     0
7.80    -3864.6416     0
8.00    -3853.5359     0
8.20    -3842.2258     0
8.40    -3830.7151     0
8.60    -3819.0073     0
8.80    -3807.1064     0
9.00    -3795.0161     0
9.20    -3782.7405     0
9.40    -3770.2827     0
9.60    -3757.6465     0
9.80    -3744.8350     0
10.00    -3731.8523     0
10.20    -3718.7019     0
10.40    -3705.3872     0
10.60    -3691.9116     0
10.80    -3678.2786     0
11.00    -3664.4915     0
11.20    -3650.5540     0
11.40    -3636.4692     0
11.60    -3622.2405     0
11.80    -3607.8706     0
12.00    -3593.3630     0
12.20    -3578.7214     0
12.40    -3563.9482     0
12.60    -3549.0471     0
12.80    -3534.0210     0
13.00    -3518.8728     0
13.20    -3503.6057     0
13.40    -3488.2229     0
13.60    -3472.7271     0
13.80    -3457.1208     0
14.00    -3441.4080     0
14.20    -3425.5911     0
14.40    -3409.6731     0
14.60    -3393.6570     0
14.80    -3377.5452     0
15.00    -3361.3401     0
15.20    -3345.0449     0
15.40    -3328.6626     0
15.60    -3312.1956     0
15.80    -3295.6465     0
16.00    -3279.0181     0
16.20    -3262.3125     0
16.40    -3245.5327     0
16.60    -3228.6812     0
16.80    -3211.7605     0
17.00    -3194.7732     0
17.20    -3177.7219     0
17.40    -3160.6091     0
17.60    -3143.4368     0
17.80    -3126.2070     0
18.00    -3108.9224     0
18.20    -3091.5852     0
18.40    -3074.1980     0
18.60    -3056.7632     0
18.80    -3039.2827     0
19.00    -3021.7590     0
19.20    -3004.1941     0
19.40    -2986.5901     0
19.60    -2968.9495     0
19.80    -2951.2739     0
20.00    -2933.5659     0
20.20    -2915.8274     0
20.40    -2898.0605     0
20.60    -2880.2671     0
20.80    -2862.4492     0
21.00    -2844.6089     0
21.20    -2826.7483     0
21.40    -2808.8691     0
21.60    -2790.9734     0
21.80    -2773.0630     0
22.00    -2755.1396     0
22.20    -2737.2048     0
22.40    -2719.2607     0
22.60    -2701.3091     0
22.80    -2683.3513     0
23.00    -2665.3894     0
23.20    -2647.4253     0
23.40    -2629.4607     0
23.60    -2611.4971     0
23.80    -2593.5359     0
24.00    -2575.5791     0
24.20    -2557.6282     0
24.40    -2539.6843     0
24.60    -2521.7495     0
24.80    -2503.8254     0
25.00    -2485.9136     0
25.20    -2468.0154     0
25.40    -2450.1323     0
25.60    -2432.2656     0
25.80    -2414.4167     0
26.00    -2396.5872     0
26.20    -2378.7781     0
26.40    -2360.9910     0
26.60    -2343.2273     0
26.80    -2325.4883     0
27.00    -2307.7751     0
27.20    -2290.0891     0
27.40    -2272.4314     0
27.60    -2254.8035     0
27.80    -2237.2063     0
28.00    -2219.6414     0
28.20    -2202.1096     0
28.40    -2184.6121     0
28.60    -2167.1501     0
28.80    -2149.7249     0
29.00    -2132.3374     0
29.20    -2114.9888     0
29.40    -2097.6802     0
29.60    -2080.4128     0
29.80    -2063.1875     0
30.00    -2046.0054     0
30.20    -2028.8671     0
30.40    -2011.7737     0
30.60    -1994.7262     0
30.80    -1977.7257     0
31.00    -1960.7729     0
31.20    -1943.8691     0
31.40    -1927.0151     0
31.60    -1910.2115     0
31.80    -1893.4594     0
32.00    -1876.7595     0
32.20    -1860.1128     0
32.40    -1843.5200     0
32.60    -1826.9818     0
32.80    -1810.4990     0
33.00    -1794.0724     0
33.20    -1777.7030     0
33.40    -1761.3915     0
33.60    -1745.1385     0
33.80    -1728.9448     0
34.00    -1712.8110     0
34.20    -1696.7378     0
34.40    -1680.7258     0
34.60    -1664.7756     0
34.80    -1648.8879     0
35.00    -1633.0632     0
35.20    -1617.3021     0
35.40    -1601.6053     0
35.60    -1585.9735     0
35.80    -1570.4070     0
36.00    -1554.9065     0
36.20    -1539.4724     0
36.40    -1524.1055     0
36.60    -1508.8060     0
36.80    -1493.5747     0
37.00    -1478.4120     0
37.20    -1463.3182     0
37.40    -1448.2939     0
37.60    -1433.3397     0
37.80    -1418.4559     0
38.00    -1403.6429     0
38.20    -1388.9011     0
38.40    -1374.2308     0
38.60    -1359.6324     0
38.80    -1345.1063     0
39.00    -1330.6530     0
39.20    -1316.2725     0
39.40    -1301.9653     0
39.60    -1287.7318     0
39.80    -1273.5723     0
40.00    -1259.4869     0
40.20    -1245.4763     0
40.40    -1231.5405     0
40.60    -1217.6798     0
40.80    -1203.8944     0
41.00    -1190.1844     0
41.20    -1176.5504     0
41.40    -1162.9924     0
41.60    -1149.5107     0
41.80    -1136.1056     0
42.00    -1122.7772     0
42.20    -1109.5256     0
42.40    -1096.3511     0
42.60    -1083.2538     0
42.80    -1070.2339     0
43.00    -1057.2916     0
43.20    -1044.4271     0
43.40    -1031.6405     0
43.60    -1018.9319     0
43.80    -1006.3016     0
44.00    -993.7493     0
44.20    -981.2753     0
44.40    -968.8796     0
44.60    -956.5625     0
44.80    -944.3239     0
45.00    -932.1638     0
45.20    -920.0825     0
45.40    -908.0798     0
45.60    -896.1558     0
45.80    -884.3106     0
46.00    -872.5442     0
46.20    -860.8566     0
46.40    -849.2478     0
46.60    -837.7177     0
46.80    -826.2664     0
47.00    -814.8939     0
47.20    -803.6003     0
47.40    -792.3854     0
47.60    -781.2491     0
47.80    -770.1917     0
48.00    -759.2128     0
48.20    -748.3124     0
48.40    -737.4906     0
48.60    -726.7473     0
48.80    -716.0823     0
49.00    -705.4956     0
49.20    -694.9872     0
49.40    -684.5569     0
49.60    -674.2048     0
49.80    -663.9305     0
50.00    -653.7342     0
50.20    -643.6155     0
50.40    -633.5745     0
50.60    -623.6110     0
50.80    -613.7249     0
51.00    -603.9159     0
51.20    -594.1840     0
51.40    -584.5289     0
51.60    -574.9507     0
51.80    -565.4490     0
52.00    -556.0237     0
52.20    -546.6746     0
52.40    -537.4016     0
52.60    -528.2045     0
52.80    -519.0831     0
53.00    -510.0372     0
53.20    -501.0667     0
53.40    -492.1714     0
53.60    -483.3512     0
53.80    -474.6057     0
54.00    -465.9348     0
54.20    -457.3383     0
54.40    -448.8160     0
54.60    -440.3676     0
54.80    -431.9930     0
55.00    -423.6919     0
55.20    -415.4640     0
55.40    -407.3092     0
55.60    -399.2272     0
55.80    -391.2178     0
56.00    -383.2807     0
56.20    -375.4156     0
56.40    -367.6223     0
56.60    -359.9006     0
56.80    -352.2502     0
57.00    -344.6708     0
57.20    -337.1622     0
57.40    -329.7241     0
57.60    -322.3563     0
57.80    -315.0584     0
58.00    -307.8303     0
58.20    -300.6716     0
58.40    -293.5820     0
58.60    -286.5612     0
58.80    -279.6091     0
59.00    -272.7252     0
59.20    -265.9093     0
59.40    -259.1612     0
59.60    -252.4804     0
59.80    -245.8668     0
60.00    -239.3200     0
60.20    -232.8396     0
60.40    -226.4254     0
60.60    -220.0772     0
60.80    -213.7945     0
61.00    -207.5771     0
61.20    -201.4247     0
61.40    -195.3370     0
61.60    -189.3136     0
61.80    -183.3542     0
62.00    -177.4586     0
62.20    -171.6263     0
62.40    -165.8572     0
62.60    -160.1508     0
62.80    -154.5068     0
63.00    -148.9249     0
63.20    -143.4048     0
63.40    -137.9461     0
63.60    -132.5486     0
63.80    -127.2119     0
64.00    -121.9356     0
64.20    -116.7195     0
64.40    -111.5632     0
64.60    -106.4664     0
64.80    -101.4287     0
65.00    -96.4498     0
65.20    -91.5294     0
65.40    -86.6671     0
65.60    -81.8626     0
65.80    -77.1155     0
66.00    -72.4255     0
66.20    -67.7923     0
66.40    -63.2156     0
66.60    -58.6949     0
66.80    -54.2299     0
67.00    -49.8204     0
67.20    -45.4659     0
67.40    -41.1661     0
67.60    -36.9207     0
67.80    -32.7294     0
68.00    -28.5916     0
68.20    -24.5073     0
68.40    -20.4759     0
68.60    -16.4972     0
68.80    -12.5707     0
69.00    -8.6962     0
69.20    -4.8733     0
69.40    -1.1017     0
69.60    2.6190     0
69.80    6.2891     0
70.00    9.9090     0
70.20    13.4791     0
70.40    16.9996     0
70.60    20.4709     0
70.80    23.8934     0
71.00    27.2674     0
71.20    30.5932     0
71.40    33.8712     0
71.60    37.1018     0
71.80    40.2853     0
72.00    43.4219     0
72.20    46.5122     0
72.40    49.5564     0
72.60    52.5548     0
72.80    55.5078     0
73.00    58.4158     0
73.20    61.2790     0
73.40    64.0979     0
73.60    66.8727     0
73.80    69.6039     0
74.00    72.2917     0
74.20    74.9365     0
74.40    77.5386     0
74.60    80.0983     0
74.80    82.6161     0
75.00    85.0922     0
75.20    87.5270     0
75.40    89.9208     0
75.60    92.2739     0
75.80    94.5866     0
76.00    96.8594     0
76.20    99.0925     0
76.40    101.2863     0
76.60    103.4410     0
76.80    105.5571     0
77.00    107.6349     0
77.20    109.6746     0
77.40    111.6767     0
77.60    113.6413     0
77.80    115.5690     0
78.00    117.4599     0
78.20    119.3144     0
78.40    121.1329     0
78.60    122.9156     0
78.80    124.6628     0
79.00    126.3750     0
79.20    128.0523     0
79.40    129.6951     0
79.60    131.3038     0
79.80    132.8786     0
80.00    134.4199     0
80.20    135.9279     0
80.40    137.4030     0
80.60    138.8455     0
80.80    140.2557     0
81.00    141.6339     0
81.20    142.9804     0
81.40    144.2955     0
81.60    145.5795     0
81.80    146.8327     0
82.00    148.0555     0
82.20    149.2481     0
82.40    150.4108     0
82.60    151.5439     0
82.80    152.6478     0
83.00    153.7226     0
83.20    154.7687     0
83.40    155.7864     0
83.60    156.7760     0
83.80    157.7378     0
84.00    158.6720     0
84.20    159.5790     0
84.40    160.4590     0
84.60    161.3123     0
84.80    162.1392     0
85.00    162.9400     0
85.20    163.7150     0
85.40    164.4644     0
85.60    165.1885     0
85.80    165.8875     0
86.00    166.5619     0
86.20    167.2118     0
86.40    167.8375     0
86.60    168.4393     0
86.80    169.0174     0
87.00    169.5721     0
87.20    170.1037     0
87.40    170.6124     0
87.60    171.0986     0
87.80    171.5623     0
88.00    172.0040     0
88.20    172.4239     0
88.40    172.8222     0
88.60    173.1992     0
88.80    173.5551     0
89.00    173.8902     0
89.20    174.2048     0
89.40    174.4990     0
89.60    174.7732     0
89.80    175.0276     0
90.00    175.2624     0
90.20    175.4779     0
90.40    175.6743     0
90.60    175.8519     0
90.80    176.0108     0
91.00    176.1515     0
91.20    176.2740     0
91.40    176.3786     0
91.60    176.4655     0
91.80    176.5350     0
92.00    176.5873     0
92.20    176.6227     0
92.40    176.6413     0
92.60    176.6433     0
92.80    176.6291     0
93.00    176.5988     0
93.20    176.5526     0
93.40    176.4908     0
93.60    176.4136     0
93.80    176.3212     0
94.00    176.2138     0
94.20    176.0917     0
94.40    175.9550     0
94.60    175.8039     0
94.80    175.6387     0
95.00    175.4595     0
95.20    175.2666     0
95.40    175.0602     0
95.60    174.8404     0
95.80    174.6076     0
96.00    174.3618     0
96.20    174.1033     0
96.40    173.8322     0
96.60    173.5488     0
96.80    173.2533     0
97.00    172.9458     0
97.20    172.6266     0
97.40    172.2958     0
97.60    171.9536     0
97.80    171.6003     0
98.00    171.2359     0
98.20    170.8606     0
98.40    170.4747     0
98.60    170.0784     0
98.80    169.6717     0
99.00    169.2550     0
99.20    168.8283     0
99.40    168.3918     0
99.60    167.9457     0
99.80    167.4903     0
100.00    167.0255     0
100.20    166.5517     0
100.40    166.0690     0
100.60    165.5775     0
100.80    165.0774     0
101.00    164.5689     0
101.20    164.0522     0
101.40    163.5273     0
101.60    162.9946     0
101.80    162.4540     0
102.00    161.9058     0
102.20    161.3501     0
102.40    160.7871     0
102.60    160.2169     0
102.80    159.6398     0
103.00    159.0557     0
103.20    158.4650     0
103.40    157.8676     0
103.60    157.2638     0
103.80    156.6537     0
104.00    156.0375     0
104.20    155.4153     0
104.40    154.7872     0
104.60    154.1534     0
104.80    153.5140     0
105.00    152.8691     0
105.20    152.2189     0
105.40    151.5635     0
105.60    150.9031     0
105.80    150.2377     0
106.00    149.5675     0
106.20    148.8926     0
106.40    148.2132     0
106.60    147.5294     0
106.80    146.8413     0
107.00    146.1491     0
107.20    145.4528     0
107.40    144.7525     0
107.60    144.0484     0
107.80    143.3407     0
108.00    142.6293     0
108.20    141.9145     0
108.40    141.1963     0
108.60    140.4749     0
108.80    139.7504     0
109.00    139.0229     0
109.20    138.2924     0
109.40    137.5591     0
109.60    136.8232     0
109.80    136.0846     0
110.00    135.3436     0
110.20    134.6001     0
110.40    133.8544     0
110.60    133.1066     0
110.80    132.3566     0
111.00    131.6047     0
111.20    130.8509     0
111.40    130.0953     0
111.60    129.3380     0
111.80    128.5791     0
112.00    127.8187     0
112.20    127.0569     0
112.40    126.2938     0
112.60    125.5294     0
112.80    124.7639     0
113.00    123.9974     0
113.20    123.2298     0
113.40    122.4614     0
113.60    121.6922     0
113.80    120.9223     0
114.00    120.1517     0
114.20    119.3806     0
114.40    118.6089     0
114.60    117.8370     0
114.80    117.0646     0
115.00    116.2921     0
115.20    115.5194     0
115.40    114.7465     0
115.60    113.9737     0
115.80    113.2009     0
116.00    112.4283     0
116.20    111.6558     0
116.40    110.8837     0
116.60    110.1118     0
116.80    109.3404     0
117.00    108.5695     0
117.20    107.7990     0
117.40    107.0292     0
117.60    106.2601     0
117.80    105.4917     0
118.00    104.7241     0
118.20    103.9573     0
118.40    103.1915     0
118.60    102.4267     0
118.80    101.6629     0
119.00    100.9001     0
119.20    100.1386     0
119.40    99.3782     0
119.60    98.6192     0
119.80    97.8614     0
120.00    97.1050     0
120.20    96.3501     0
120.40    95.5966     0
120.60    94.8446     0
120.80    94.0943     0
121.00    93.3456     0
121.20    92.5985     0
121.40    91.8532     0
121.60    91.1097     0
121.80    90.3680     0
122.00    89.6281     0
122.20    88.8902     0
122.40    88.1542     0
122.60    87.4202     0
122.80    86.6883     0
123.00    85.9585     0
123.20    85.2308     0
123.40    84.5052     0
123.60    83.7819     0
123.80    83.0608     0
124.00    82.3420     0
124.20    81.6256     0
124.40    80.9115     0
124.60    80.1997     0
124.80    79.4905     0
125.00    78.7836     0
125.20    78.0793     0
125.40    77.3775     0
125.60    76.6783     0
125.80    75.9816     0
126.00    75.2876     0
126.20    74.5963     0
126.40    73.9076     0
126.60    73.2217     0
126.80    72.5385     0
127.00    71.8580     0
127.20    71.1804     0
127.40    70.5056     0
127.60    69.8337     0
127.80    69.1647     0
128.00    68.4985     0
128.20    67.8353     0
128.40    67.1750     0
128.60    66.5178     0
128.80    65.8635     0
129.00    65.2122     0
129.20    64.5640     0
129.40    63.9189     0
129.60    63.2769     0
129.80    62.6379     0
130.00    62.0021     0
130.20    61.3695     0
130.40    60.7400     0
130.60    60.1137     0
130.80    59.4906     0
131.00    58.8707     0
131.20    58.2540     0
131.40    57.6406     0
131.60    57.0305     0
131.80    56.4236     0
132.00    55.8201     0
132.20    55.2198     0
132.40    54.6229     0
132.60    54.0293     0
132.80    53.4390     0
133.00    52.8522     0
133.20    52.2687     0
133.40    51.6885     0
133.60    51.1118     0
133.80    50.5385     0
134.00    49.9686     0
134.20    49.4021     0
134.40    48.8391     0
134.60    48.2795     0
134.80    47.7233     0
135.00    47.1706     0
135.20    46.6214     0
135.40    46.0756     0
135.60    45.5333     0
135.80    44.9945     0
136.00    44.4592     0
136.20    43.9274     0
136.40    43.3990     0
136.60    42.8742     0
136.80    42.3529     0
137.00    41.8351     0
137.20    41.3208     0
137.40    40.8100     0
137.60    40.3028     0
137.80    39.7990     0
138.00    39.2988     0
138.20    38.8022     0
138.40    38.3090     0
138.60    37.8194     0
138.80    37.3333     0
139.00    36.8507     0
139.20    36.3717     0
139.40    35.8962     0
139.60    35.4243     0
139.80    34.9558     0
140.00    34.4909     0
140.20    34.0295     0
140.40    33.5717     0
140.60    33.1173     0
140.80    32.6665     0
141.00    32.2192     0
141.20    31.7754     0
141.40    31.3351     0
141.60    30.8984     0
141.80    30.4651     0
142.00    30.0353     0
142.20    29.6090     0
142.40    29.1862     0
142.60    28.7669     0
142.80    28.3511     0
143.00    27.9388     0
143.20    27.5299     0
143.40    27.1244     0
143.60    26.7225     0
143.80    26.3240     0
144.00    25.9289     0
144.20    25.5373     0
144.40    25.1491     0
144.60    24.7643     0
144.80    24.3829     0
145.00    24.0050     0
145.20    23.6304     0
145.40    23.2593     0
145.60    22.8915     0
145.80    22.5271     0
146.00    22.1661     0
146.20    21.8084     0
146.40    21.4541     0
146.60    21.1031     0
146.80    20.7555     0
147.00    20.4112     0
147.20    20.0702     0
147.40    19.7325     0
147.60    19.3981     0
147.80    19.0669     0
148.00    18.7391     0
148.20    18.4145     0
148.40    18.0931     0
148.60    17.7750     0
148.80    17.4602     0
149.00    17.1485     0
149.20    16.8401     0
149.40    16.5348     0
149.60    16.2327     0
149.80    15.9338     0
150.00    15.6381     0
150.20    15.3455     0
150.40    15.0560     0
150.60    14.7697     0
150.80    14.4865     0
151.00    14.2064     0
151.20    13.9293     0
151.40    13.6553     0
151.60    13.3844     0
151.80    13.1166     0
152.00    12.8518     0
152.20    12.5900     0
152.40    12.3312     0
152.60    12.0753     0
152.80    11.8225     0
153.00    11.5727     0
153.20    11.3258     0
153.40    11.0818     0
153.60    10.8407     0
153.80    10.6026     0
154.00    10.3674     0
154.20    10.1350     0
154.40    9.9055     0
154.60    9.6789     0
154.80    9.4551     0
155.00    9.2341     0
155.20    9.0159     0
155.40    8.8006     0
155.60    8.5880     0
155.80    8.3782     0
156.00    8.1711     0
156.20    7.9667     0
156.40    7.7651     0
156.60    7.5662     0
156.80    7.3700     0
157.00    7.1764     0
157.20    6.9855     0
157.40    6.7973     0
157.60    6.6116     0
157.80    6.4286     0
158.00    6.2482     0
158.20    6.0704     0
158.40    5.8951     0
158.60    5.7224     0
158.80    5.5522     0
159.00    5.3845     0
159.20    5.2193     0
159.40    5.0566     0
159.60    4.8964     0
159.80    4.7387     0
160.00    4.5833     0
160.20    4.4304     0
160.40    4.2799     0
160.60    4.1318     0
160.80    3.9860     0
161.00    3.8426     0
161.20    3.7016     0
161.40    3.5629     0
161.60    3.4264     0
161.80    3.2923     0
162.00    3.1604     0
162.20    3.0308     0
162.40    2.9035     0
162.60    2.7783     0
162.80    2.6554     0
163.00    2.5346     0
163.20    2.4161     0
163.40    2.2997     0
163.60    2.1854     0
163.80    2.0732     0
164.00    1.9632     0
164.20    1.8552     0
164.40    1.7494     0
164.60    1.6455     0
164.80    1.5438     0
165.00    1.4440     0
165.20    1.3463     0
165.40    1.2505     0
165.60    1.1567     0
165.80    1.0649     0
166.00    0.9750     0
166.20    0.8870     0
166.40    0.8009     0
166.60    0.7168     0
166.80    0.6345     0
167.00    0.5540     0
167.20    0.4754     0
167.40    0.3986     0
167.60    0.3236     0
167.80    0.2504     0
168.00    0.1790     0
168.20    0.1093     0
168.40    0.0414     0
168.60    -0.0249     0
168.80    -0.0894     0
169.00    -0.1522     0
169.20    -0.2134     0
169.40    -0.2729     0
169.60    -0.3308     0
169.80    -0.3870     0
170.00    -0.4417     0
170.20    -0.4948     0
170.40    -0.5463     0
170.60    -0.5962     0
170.80    -0.6447     0
171.00    -0.6916     0
171.20    -0.7370     0
171.40    -0.7809     0
171.60    -0.8234     0
171.80    -0.8644     0
172.00    -0.9039     0
172.20    -0.9421     0
172.40    -0.9789     0
172.60    -1.0142     0
172.80    -1.0483     0
173.00    -1.0809     0
173.20    -1.1123     0
173.40    -1.1423     0
173.60    -1.1710     0
173.80    -1.1985     0
174.00    -1.2246     0
174.20    -1.2496     0
174.40    -1.2733     0
174.60    -1.2958     0
174.80    -1.3170     0
175.00    -1.3372     0
175.20    -1.3561     0
175.40    -1.3739     0
175.60    -1.3906     0
175.80    -1.4061     0
176.00    -1.4206     0
176.20    -1.4340     0
176.40    -1.4463     0
176.60    -1.4575     0
176.80    -1.4678     0
177.00    -1.4770     0
177.20    -1.4852     0
177.40    -1.4925     0
177.60    -1.4987     0
177.80    -1.5041     0
178.00    -1.5085     0
178.20    -1.5120     0
178.40    -1.5145     0
178.60    -1.5162     0
178.80    -1.5171     0
179.00    -1.5171     0
179.20    -1.5162     0
179.40    -1.5146     0
179.60    -1.5121     0
179.80    -1.5089     0
180.00    -1.5049     0
180.20    -1.5001     0
180.40    -1.4946     0
180.60    -1.4884     0
180.80    -1.4815     0
181.00    -1.4739     0
181.20    -1.4656     0
181.40    -1.4567     0
181.60    -1.4472     0
181.80    -1.4370     0
182.00    -1.4262     0
182.20    -1.4149     0
182.40    -1.4029     0
182.60    -1.3905     0
182.80    -1.3774     0
183.00    -1.3639     0
183.20    -1.3498     0
183.40    -1.3353     0
183.60    -1.3203     0
183.80    -1.3048     0
184.00    -1.2889     0
184.20    -1.2725     0
184.40    -1.2558     0
184.60    -1.2386     0
184.80    -1.2211     0
185.00    -1.2032     0
185.20    -1.1850     0
185.40    -1.1665     0
185.60    -1.1476     0
185.80    -1.1284     0
186.00    -1.1090     0
186.20    -1.0893     0
186.40    -1.0693     0
186.60    -1.0491     0
186.80    -1.0287     0
187.00    -1.0081     0
187.20    -0.9873     0
187.40    -0.9664     0
187.60    -0.9453     0
187.80    -0.9240     0
188.00    -0.9026     0
188.20    -0.8812     0
188.40    -0.8596     0
188.60    -0.8380     0
188.80    -0.8163     0
189.00    -0.7946     0
189.20    -0.7728     0
189.40    -0.7510     0
189.60    -0.7293     0
189.80    -0.7075     0
190.00    -0.6858     0
190.20    -0.6642     0
190.40    -0.6426     0
190.60    -0.6212     0
190.80    -0.5998     0
191.00    -0.5785     0
191.20    -0.5574     0
191.40    -0.5364     0
191.60    -0.5156     0
191.80    -0.4950     0
192.00    -0.4745     0
192.20    -0.4543     0
192.40    -0.4343     0
192.60    -0.4146     0
192.80    -0.3951     0
193.00    -0.3759     0
193.20    -0.3569     0
193.40    -0.3383     0
193.60    -0.3201     0
193.80    -0.3021     0
194.00    -0.2845     0
194.20    -0.2673     0
194.40    -0.2505     0
194.60    -0.2340     0
194.80    -0.2180     0
195.00    -0.2024     0
195.20    -0.1873     0
195.40    -0.1727     0
195.60    -0.1585     0
195.80    -0.1448     0
196.00    -0.1316     0
196.20    -0.1190     0
196.40    -0.1069     0
196.60    -0.0954     0
196.80    -0.0844     0
197.00    -0.0741     0
197.20    -0.0643     0
197.40    -0.0552     0
197.60    -0.0467     0
197.80    -0.0388     0
198.00    -0.0317     0
198.20    -0.0252     0
198.40    -0.0194     0
198.60    -0.0144     0
198.80    -0.0100     0
199.00    -0.0065     0
199.20    -0.0037     0
199.40    -0.0016     0
199.60    -0.0004     0
199.80    -0.0000     0
200.00    -0.0004     0