>Flexi¢n modelo CC.   Tiempo: 0.00 My.
>x(Km)	   -w(m)     h(m)      dg(mgal)
0.00    -8272.1377     0
0.20    -8216.2334     0
0.40    -8160.3291     0
0.60    -8104.4297     0
0.80    -8048.5410     0
1.00    -7992.6670     0
1.20    -7936.8130     0
1.40    -7880.9829     0
1.60    -7825.1821     0
1.80    -7769.4155     0
2.00    -7713.6880     0
2.20    -7658.0039     0
2.40    -7602.3677     0
2.60    -7546.7832     0
2.80    -7491.2554     0
3.00    -7435.7896     0
3.20    -7380.3901     0
3.40    -7325.0610     0
3.60    -7269.8052     0
3.80    -7214.6279     0
4.00    -7159.5322     0
4.20    -7104.5225     0
4.40    -7049.6021     0
4.60    -6994.7749     0
4.80    -6940.0459     0
5.00    -6885.4189     0
5.20    -6830.8975     0
5.40    -6776.4844     0
5.60    -6722.1841     0
5.80    -6667.9990     0
6.00    -6613.9336     0
6.20    -6559.9917     0
6.40    -6506.1763     0
6.60    -6452.4902     0
6.80    -6398.9355     0
7.00    -6345.5161     0
7.20    -6292.2354     0
7.40    -6239.0957     0
7.60    -6186.1011     0
7.80    -6133.2539     0
8.00    -6080.5571     0
8.20    -6028.0132     0
8.40    -5975.6250     0
8.60    -5923.3955     0
8.80    -5871.3271     0
9.00    -5819.4229     0
9.20    -5767.6851     0
9.40    -5716.1162     0
9.60    -5664.7188     0
9.80    -5613.4946     0
10.00    -5562.4463     0
10.20    -5511.5767     0
10.40    -5460.8877     0
10.60    -5410.3813     0
10.80    -5360.0596     0
11.00    -5309.9248     0
11.20    -5259.9790     0
11.40    -5210.2246     0
11.60    -5160.6636     0
11.80    -5111.2979     0
12.00    -5062.1294     0
12.20    -5013.1602     0
12.40    -4964.3916     0
12.60    -4915.8257     0
12.80    -4867.4639     0
13.00    -4819.3081     0
13.20    -4771.3599     0
13.40    -4723.6206     0
13.60    -4676.0923     0
13.80    -4628.7759     0
14.00    -4581.6733     0
14.20    -4534.7861     0
14.40    -4488.1157     0
14.60    -4441.6631     0
14.80    -4395.4297     0
15.00    -4349.4170     0
15.20    -4303.6260     0
15.40    -4258.0581     0
15.60    -4212.7148     0
15.80    -4167.5967     0
16.00    -4122.7046     0
16.20    -4078.0400     0
16.40    -4033.6042     0
16.60    -3989.3982     0
16.80    -3945.4226     0
17.00    -3901.6782     0
17.20    -3858.1663     0
17.40    -3814.8875     0
17.60    -3771.8423     0
17.80    -3729.0325     0
18.00    -3686.4580     0
18.20    -3644.1204     0
18.40    -3602.0198     0
18.60    -3560.1567     0
18.80    -3518.5317     0
19.00    -3477.1460     0
19.20    -3435.9998     0
19.40    -3395.0938     0
19.60    -3354.4287     0
19.80    -3314.0051     0
20.00    -3273.8230     0
20.20    -3233.8826     0
20.40    -3194.1846     0
20.60    -3154.7295     0
20.80    -3115.5173     0
21.00    -3076.5488     0
21.20    -3037.8240     0
21.40    -2999.3433     0
21.60    -2961.1069     0
21.80    -2923.1152     0
22.00    -2885.3682     0
22.20    -2847.8660     0
22.40    -2810.6086     0
22.60    -2773.5964     0
22.80    -2736.8293     0
23.00    -2700.3074     0
23.20    -2664.0308     0
23.40    -2627.9995     0
23.60    -2592.2139     0
23.80    -2556.6733     0
24.00    -2521.3779     0
24.20    -2486.3279     0
24.40    -2451.5227     0
24.60    -2416.9626     0
24.80    -2382.6477     0
25.00    -2348.5774     0
25.20    -2314.7515     0
25.40    -2281.1699     0
25.60    -2247.8325     0
25.80    -2214.7390     0
26.00    -2181.8892     0
26.20    -2149.2827     0
26.40    -2116.9192     0
26.60    -2084.7983     0
26.80    -2052.9199     0
27.00    -2021.2834     0
27.20    -1989.8887     0
27.40    -1958.7354     0
27.60    -1927.8229     0
27.80    -1897.1511     0
28.00    -1866.7192     0
28.20    -1836.5271     0
28.40    -1806.5740     0
28.60    -1776.8597     0
28.80    -1747.3838     0
29.00    -1718.1455     0
29.20    -1689.1444     0
29.40    -1660.3799     0
29.60    -1631.8516     0
29.80    -1603.5588     0
30.00    -1575.5010     0
30.20    -1547.6775     0
30.40    -1520.0876     0
30.60    -1492.7308     0
30.80    -1465.6066     0
31.00    -1438.7142     0
31.20    -1412.0531     0
31.40    -1385.6226     0
31.60    -1359.4219     0
31.80    -1333.4503     0
32.00    -1307.7072     0
32.20    -1282.1917     0
32.40    -1256.9032     0
32.60    -1231.8408     0
32.80    -1207.0040     0
33.00    -1182.3918     0
33.20    -1158.0037     0
33.40    -1133.8386     0
33.60    -1109.8959     0
33.80    -1086.1747     0
34.00    -1062.6742     0
34.20    -1039.3937     0
34.40    -1016.3324     0
34.60    -993.4894     0
34.80    -970.8638     0
35.00    -948.4547     0
35.20    -926.2613     0
35.40    -904.2827     0
35.60    -882.5181     0
35.80    -860.9666     0
36.00    -839.6273     0
36.20    -818.4992     0
36.40    -797.5814     0
36.60    -776.8731     0
36.80    -756.3734     0
37.00    -736.0812     0
37.20    -715.9956     0
37.40    -696.1157     0
37.60    -676.4406     0
37.80    -656.9691     0
38.00    -637.7005     0
38.20    -618.6337     0
38.40    -599.7678     0
38.60    -581.1017     0
38.80    -562.6345     0
39.00    -544.3652     0
39.20    -526.2927     0
39.40    -508.4161     0
39.60    -490.7344     0
39.80    -473.2466     0
40.00    -455.9516     0
40.20    -438.8485     0
40.40    -421.9362     0
40.60    -405.2137     0
40.80    -388.6801     0
41.00    -372.3341     0
41.20    -356.1750     0
41.40    -340.2014     0
41.60    -324.4126     0
41.80    -308.8074     0
42.00    -293.3847     0
42.20    -278.1436     0
42.40    -263.0829     0
42.60    -248.2017     0
42.80    -233.4988     0
43.00    -218.9731     0
43.20    -204.6237     0
43.40    -190.4495     0
43.60    -176.4493     0
43.80    -162.6222     0
44.00    -148.9671     0
44.20    -135.4828     0
44.40    -122.1684     0
44.60    -109.0228     0
44.80    -96.0448     0
45.00    -83.2335     0
45.20    -70.5878     0
45.40    -58.1065     0
45.60    -45.7886     0
45.80    -33.6330     0
46.00    -21.6387     0
46.20    -9.8045     0
46.40    1.8705     0
46.60    13.3876     0
46.80    24.7477     0
47.00    35.9519     0
47.20    47.0013     0
47.40    57.8970     0
47.60    68.6401     0
47.80    79.2316     0
48.00    89.6727     0
48.20    99.9643     0
48.40    110.1076     0
48.60    120.1036     0
48.80    129.9534     0
49.00    139.6581     0
49.20    149.2187     0
49.40    158.6363     0
49.60    167.9120     0
49.80    177.0468     0
50.00    186.0418     0
50.20    194.8981     0
50.40    203.6167     0
50.60    212.1986     0
50.80    220.6450     0
51.00    228.9568     0
51.20    237.1353     0
51.40    245.1812     0
51.60    253.0959     0
51.80    260.8802     0
52.00    268.5352     0
52.20    276.0620     0
52.40    283.4617     0
52.60    290.7352     0
52.80    297.8837     0
53.00    304.9080     0
53.20    311.8093     0
53.40    318.5887     0
53.60    325.2470     0
53.80    331.7854     0
54.00    338.2048     0
54.20    344.5064     0
54.40    350.6910     0
54.60    356.7598     0
54.80    362.7137     0
55.00    368.5536     0
55.20    374.2808     0
55.40    379.8961     0
55.60    385.4004     0
55.80    390.7949     0
56.00    396.0804     0
56.20    401.2580     0
56.40    406.3287     0
56.60    411.2935     0
56.80    416.1533     0
57.00    420.9091     0
57.20    425.5618     0
57.40    430.1124     0
57.60    434.5620     0
57.80    438.9115     0
58.00    443.1617     0
58.20    447.3138     0
58.40    451.3685     0
58.60    455.3268     0
58.80    459.1896     0
59.00    462.9579     0
59.20    466.6326     0
59.40    470.2146     0
59.60    473.7049     0
59.80    477.1044     0
60.00    480.4140     0
60.20    483.6346     0
60.40    486.7671     0
60.60    489.8124     0
60.80    492.7715     0
61.00    495.6452     0
61.20    498.4344     0
61.40    501.1400     0
61.60    503.7628     0
61.80    506.3038     0
62.00    508.7639     0
62.20    511.1438     0
62.40    513.4445     0
62.60    515.6668     0
62.80    517.8116     0
63.00    519.8797     0
63.20    521.8720     0
63.40    523.7893     0
63.60    525.6325     0
63.80    527.4023     0
64.00    529.0996     0
64.20    530.7252     0
64.40    532.2800     0
64.60    533.7646     0
64.80    535.1801     0
65.00    536.5272     0
65.20    537.8066     0
65.40    539.0193     0
65.60    540.1659     0
65.80    541.2473     0
66.00    542.2643     0
66.20    543.2175     0
66.40    544.1078     0
66.60    544.9360     0
66.80    545.7029     0
67.00    546.4091     0
67.20    547.0555     0
67.40    547.6428     0
67.60    548.1717     0
67.80    548.6430     0
68.00    549.0574     0
68.20    549.4157     0
68.40    549.7186     0
68.60    549.9667     0
68.80    550.1609     0
69.00    550.3018     0
69.20    550.3900     0
69.40    550.4264     0
69.60    550.4116     0
69.80    550.3463     0
70.00    550.2311     0
70.20    550.0669     0
70.40    549.8542     0
70.60    549.5937     0
70.80    549.2861     0
71.00    548.9321     0
71.20    548.5322     0
71.40    548.0872     0
71.60    547.5978     0
71.80    547.0646     0
72.00    546.4882     0
72.20    545.8694     0
72.40    545.2087     0
72.60    544.5067     0
72.80    543.7642     0
73.00    542.9816     0
73.20    542.1595     0
73.40    541.2987     0
73.60    540.3997     0
73.80    539.4630     0
74.00    538.4893     0
74.20    537.4791     0
74.40    536.4332     0
74.60    535.3520     0
74.80    534.2361     0
75.00    533.0861     0
75.20    531.9025     0
75.40    530.6859     0
75.60    529.4370     0
75.80    528.1561     0
76.00    526.8439     0
76.20    525.5010     0
76.40    524.1278     0
76.60    522.7249     0
76.80    521.2928     0
77.00    519.8320     0
77.20    518.3431     0
77.40    516.8267     0
77.60    515.2831     0
77.80    513.7131     0
78.00    512.1169     0
78.20    510.4951     0
78.40    508.8483     0
78.60    507.1769     0
78.80    505.4814     0
79.00    503.7623     0
79.20    502.0201     0
79.40    500.2551     0
79.60    498.4679     0
79.80    496.6590     0
80.00    494.8287     0
80.20    492.9777     0
80.40    491.1063     0
80.60    489.2151     0
80.80    487.3044     0
81.00    485.3746     0
81.20    483.4263     0
81.40    481.4599     0
81.60    479.4756     0
81.80    477.4741     0
82.00    475.4557     0
82.20    473.4207     0
82.40    471.3697     0
82.60    469.3030     0
82.80    467.2211     0
83.00    465.1243     0
83.20    463.0129     0
83.40    460.8875     0
83.60    458.7484     0
83.80    456.5958     0
84.00    454.4303     0
84.20    452.2523     0
84.40    450.0621     0
84.60    447.8600     0
84.80    445.6465     0
85.00    443.4219     0
85.20    441.1865     0
85.40    438.9407     0
85.60    436.6848     0
85.80    434.4193     0
86.00    432.1443     0
86.20    429.8603     0
86.40    427.5675     0
86.60    425.2664     0
86.80    422.9571     0
87.00    420.6402     0
87.20    418.3159     0
87.40    415.9845     0
87.60    413.6462     0
87.80    411.3015     0
88.00    408.9505     0
88.20    406.5937     0
88.40    404.2313     0
88.60    401.8637     0
88.80    399.4911     0
89.00    397.1138     0
89.20    394.7321     0
89.40    392.3463     0
89.60    389.9566     0
89.80    387.5634     0
90.00    385.1668     0
90.20    382.7672     0
90.40    380.3647     0
90.60    377.9597     0
90.80    375.5525     0
91.00    373.1431     0
91.20    370.7321     0
91.40    368.3195     0
91.60    365.9055     0
91.80    363.4906     0
92.00    361.0749     0
92.20    358.6585     0
92.40    356.2419     0
92.60    353.8251     0
92.80    351.4085     0
93.00    348.9922     0
93.20    346.5765     0
93.40    344.1616     0
93.60    341.7476     0
93.80    339.3349     0
94.00    336.9235     0
94.20    334.5138     0
94.40    332.1058     0
94.60    329.6999     0
94.80    327.2961     0
95.00    324.8947     0
95.20    322.4959     0
95.40    320.0999     0
95.60    317.7068     0
95.80    315.3168     0
96.00    312.9302     0
96.20    310.5470     0
96.40    308.1675     0
96.60    305.7918     0
96.80    303.4201     0
97.00    301.0526     0
97.20    298.6894     0
97.40    296.3306     0
97.60    293.9765     0
97.80    291.6272     0
98.00    289.2828     0
98.20    286.9435     0
98.40    284.6094     0
98.60    282.2807     0
98.80    279.9576     0
99.00    277.6401     0
99.20    275.3285     0
99.40    273.0228     0
99.60    270.7232     0
99.80    268.4298     0
100.00    266.1428     0
100.20    263.8623     0
100.40    261.5883     0
100.60    259.3211     0
100.80    257.0607     0
101.00    254.8072     0
101.20    252.5608     0
101.40    250.3216     0
101.60    248.0897     0
101.80    245.8651     0
102.00    243.6481     0
102.20    241.4387     0
102.40    239.2370     0
102.60    237.0430     0
102.80    234.8570     0
103.00    232.6790     0
103.20    230.5091     0
103.40    228.3473     0
103.60    226.1939     0
103.80    224.0488     0
104.00    221.9122     0
104.20    219.7841     0
104.40    217.6646     0
104.60    215.5538     0
104.80    213.4518     0
105.00    211.3586     0
105.20    209.2744     0
105.40    207.1991     0
105.60    205.1329     0
105.80    203.0759     0
106.00    201.0281     0
106.20    198.9895     0
106.40    196.9603     0
106.60    194.9405     0
106.80    192.9301     0
107.00    190.9293     0
107.20    188.9380     0
107.40    186.9564     0
107.60    184.9844     0
107.80    183.0222     0
108.00    181.0699     0
108.20    179.1273     0
108.40    177.1947     0
108.60    175.2719     0
108.80    173.3592     0
109.00    171.4565     0
109.20    169.5639     0
109.40    167.6814     0
109.60    165.8090     0
109.80    163.9468     0
110.00    162.0948     0
110.20    160.2531     0
110.40    158.4217     0
110.60    156.6006     0
110.80    154.7898     0
111.00    152.9894     0
111.20    151.1994     0
111.40    149.4198     0
111.60    147.6507     0
111.80    145.8920     0
112.00    144.1439     0
112.20    142.4062     0
112.40    140.6792     0
112.60    138.9627     0
112.80    137.2568     0
113.00    135.5614     0
113.20    133.8767     0
113.40    132.2026     0
113.60    130.5392     0
113.80    128.8864     0
114.00    127.2443     0
114.20    125.6129     0
114.40    123.9921     0
114.60    122.3821     0
114.80    120.7827     0
115.00    119.1941     0
115.20    117.6162     0
115.40    116.0490     0
115.60    114.4925     0
115.80    112.9467     0
116.00    111.4117     0
116.20    109.8874     0
116.40    108.3738     0
116.60    106.8709     0
116.80    105.3787     0
117.00    103.8972     0
117.20    102.4264     0
117.40    100.9664     0
117.60    99.5170     0
117.80    98.0782     0
118.00    96.6502     0
118.20    95.2328     0
118.40    93.8260     0
118.60    92.4300     0
118.80    91.0445     0
119.00    89.6696     0
119.20    88.3054     0
119.40    86.9517     0
119.60    85.6086     0
119.80    84.2761     0
120.00    82.9541     0
120.20    81.6426     0
120.40    80.3417     0
120.60    79.0512     0
120.80    77.7712     0
121.00    76.5016     0
121.20    75.2425     0
121.40    73.9938     0
121.60    72.7554     0
121.80    71.5275     0
122.00    70.3098     0
122.20    69.1025     0
122.40    67.9054     0
122.60    66.7187     0
122.80    65.5421     0
123.00    64.3758     0
123.20    63.2197     0
123.40    62.0737     0
123.60    60.9379     0
123.80    59.8122     0
124.00    58.6965     0
124.20    57.5909     0
124.40    56.4953     0
124.60    55.4097     0
124.80    54.3340     0
125.00    53.2683     0
125.20    52.2124     0
125.40    51.1664     0
125.60    50.1302     0
125.80    49.1038     0
126.00    48.0872     0
126.20    47.0803     0
126.40    46.0831     0
126.60    45.0955     0
126.80    44.1175     0
127.00    43.1492     0
127.20    42.1903     0
127.40    41.2410     0
127.60    40.3012     0
127.80    39.3708     0
128.00    38.4498     0
128.20    37.5381     0
128.40    36.6358     0
128.60    35.7427     0
128.80    34.8589     0
129.00    33.9844     0
129.20    33.1189     0
129.40    32.2626     0
129.60    31.4154     0
129.80    30.5773     0
130.00    29.7481     0
130.20    28.9280     0
130.40    28.1167     0
130.60    27.3143     0
130.80    26.5208     0
131.00    25.7361     0
131.20    24.9601     0
131.40    24.1929     0
131.60    23.4343     0
131.80    22.6844     0
132.00    21.9430     0
132.20    21.2102     0
132.40    20.4859     0
132.60    19.7701     0
132.80    19.0627     0
133.00    18.3636     0
133.20    17.6729     0
133.40    16.9905     0
133.60    16.3163     0
133.80    15.6503     0
134.00    14.9924     0
134.20    14.3427     0
134.40    13.7010     0
134.60    13.0674     0
134.80    12.4417     0
135.00    11.8239     0
135.20    11.2141     0
135.40    10.6120     0
135.60    10.0178     0
135.80    9.4313     0
136.00    8.8525     0
136.20    8.2814     0
136.40    7.7178     0
136.60    7.1619     0
136.80    6.6134     0
137.00    6.0724     0
137.20    5.5389     0
137.40    5.0127     0
137.60    4.4939     0
137.80    3.9823     0
138.00    3.4780     0
138.20    2.9809     0
138.40    2.4909     0
138.60    2.0081     0
138.80    1.5323     0
139.00    1.0635     0
139.20    0.6016     0
139.40    0.1467     0
139.60    -0.3013     0
139.80    -0.7425     0
140.00    -1.1770     0
140.20    -1.6047     0
140.40    -2.0257     0
140.60    -2.4400     0
140.80    -2.8478     0
141.00    -3.2491     0
141.20    -3.6438     0
141.40    -4.0321     0
141.60    -4.4139     0
141.80    -4.7894     0
142.00    -5.1586     0
142.20    -5.5215     0
142.40    -5.8782     0
142.60    -6.2288     0
142.80    -6.5731     0
143.00    -6.9114     0
143.20    -7.2437     0
143.40    -7.5699     0
143.60    -7.8902     0
143.80    -8.2046     0
144.00    -8.5132     0
144.20    -8.8159     0
144.40    -9.1128     0
144.60    -9.4041     0
144.80    -9.6896     0
145.00    -9.9696     0
145.20    -10.2439     0
145.40    -10.5127     0
145.60    -10.7760     0
145.80    -11.0338     0
146.00    -11.2863     0
146.20    -11.5333     0
146.40    -11.7751     0
146.60    -12.0116     0
146.80    -12.2428     0
147.00    -12.4689     0
147.20    -12.6898     0
147.40    -12.9056     0
147.60    -13.1164     0
147.80    -13.3221     0
148.00    -13.5229     0
148.20    -13.7188     0
148.40    -13.9098     0
148.60    -14.0959     0
148.80    -14.2773     0
149.00    -14.4539     0
149.20    -14.6258     0
149.40    -14.7930     0
149.60    -14.9557     0
149.80    -15.1137     0
150.00    -15.2672     0
150.20    -15.4162     0
150.40    -15.5608     0
150.60    -15.7009     0
150.80    -15.8367     0
151.00    -15.9681     0
151.20    -16.0953     0
151.40    -16.2182     0
151.60    -16.3370     0
151.80    -16.4515     0
152.00    -16.5620     0
152.20    -16.6684     0
152.40    -16.7707     0
152.60    -16.8690     0
152.80    -16.9634     0
153.00    -17.0539     0
153.20    -17.1405     0
153.40    -17.2232     0
153.60    -17.3022     0
153.80    -17.3774     0
154.00    -17.4489     0
154.20    -17.5167     0
154.40    -17.5809     0
154.60    -17.6415     0
154.80    -17.6985     0
155.00    -17.7520     0
155.20    -17.8020     0
155.40    -17.8486     0
155.60    -17.8918     0
155.80    -17.9316     0
156.00    -17.9681     0
156.20    -18.0013     0
156.40    -18.0312     0
156.60    -18.0579     0
156.80    -18.0815     0
157.00    -18.1019     0
157.20    -18.1192     0
157.40    -18.1335     0
157.60    -18.1447     0
157.80    -18.1529     0
158.00    -18.1582     0
158.20    -18.1606     0
158.40    -18.1600     0
158.60    -18.1567     0
158.80    -18.1505     0
159.00    -18.1415     0
159.20    -18.1298     0
159.40    -18.1154     0
159.60    -18.0984     0
159.80    -18.0787     0
160.00    -18.0564     0
160.20    -18.0315     0
160.40    -18.0042     0
160.60    -17.9743     0
160.80    -17.9420     0
161.00    -17.9072     0
161.20    -17.8701     0
161.40    -17.8306     0
161.60    -17.7887     0
161.80    -17.7446     0
162.00    -17.6983     0
162.20    -17.6497     0
162.40    -17.5989     0
162.60    -17.5460     0
162.80    -17.4909     0
163.00    -17.4338     0
163.20    -17.3746     0
163.40    -17.3133     0
163.60    -17.2501     0
163.80    -17.1850     0
164.00    -17.1179     0
164.20    -17.0489     0
164.40    -16.9780     0
164.60    -16.9053     0
164.80    -16.8308     0
165.00    -16.7545     0
165.20    -16.6765     0
165.40    -16.5968     0
165.60    -16.5154     0
165.80    -16.4323     0
166.00    -16.3477     0
166.20    -16.2614     0
166.40    -16.1736     0
166.60    -16.0843     0
166.80    -15.9935     0
167.00    -15.9012     0
167.20    -15.8075     0
167.40    -15.7123     0
167.60    -15.6158     0
167.80    -15.5180     0
168.00    -15.4188     0
168.20    -15.3183     0
168.40    -15.2166     0
168.60    -15.1137     0
168.80    -15.0095     0
169.00    -14.9042     0
169.20    -14.7977     0
169.40    -14.6901     0
169.60    -14.5814     0
169.80    -14.4717     0
170.00    -14.3609     0
170.20    -14.2491     0
170.40    -14.1363     0
170.60    -14.0226     0
170.80    -13.9080     0
171.00    -13.7924     0
171.20    -13.6760     0
171.40    -13.5588     0
171.60    -13.4407     0
171.80    -13.3219     0
172.00    -13.2022     0
172.20    -13.0819     0
172.40    -12.9608     0
172.60    -12.8391     0
172.80    -12.7167     0
173.00    -12.5937     0
173.20    -12.4701     0
173.40    -12.3459     0
173.60    -12.2211     0
173.80    -12.0958     0
174.00    -11.9700     0
174.20    -11.8438     0
174.40    -11.7171     0
174.60    -11.5899     0
174.80    -11.4624     0
175.00    -11.3345     0
175.20    -11.2062     0
175.40    -11.0777     0
175.60    -10.9488     0
175.80    -10.8196     0
176.00    -10.6902     0
176.20    -10.5606     0
176.40    -10.4308     0
176.60    -10.3008     0
176.80    -10.1706     0
177.00    -10.0403     0
177.20    -9.9099     0
177.40    -9.7794     0
177.60    -9.6489     0
177.80    -9.5183     0
178.00    -9.3878     0
178.20    -9.2572     0
178.40    -9.1267     0
178.60    -8.9962     0
178.80    -8.8658     0
179.00    -8.7356     0
179.20    -8.6054     0
179.40    -8.4755     0
179.60    -8.3457     0
179.80    -8.2161     0
180.00    -8.0867     0
180.20    -7.9576     0
180.40    -7.8287     0
180.60    -7.7001     0
180.80    -7.5719     0
181.00    -7.4440     0
181.20    -7.3164     0
181.40    -7.1892     0
181.60    -7.0625     0
181.80    -6.9361     0
182.00    -6.8102     0
182.20    -6.6848     0
182.40    -6.5599     0
182.60    -6.4355     0
182.80    -6.3116     0
183.00    -6.1883     0
183.20    -6.0656     0
183.40    -5.9434     0
183.60    -5.8219     0
183.80    -5.7011     0
184.00    -5.5809     0
184.20    -5.4614     0
184.40    -5.3427     0
184.60    -5.2246     0
184.80    -5.1073     0
185.00    -4.9908     0
185.20    -4.8751     0
185.40    -4.7602     0
185.60    -4.6462     0
185.80    -4.5330     0
186.00    -4.4207     0
186.20    -4.3093     0
186.40    -4.1989     0
186.60    -4.0894     0
186.80    -3.9808     0
187.00    -3.8733     0
187.20    -3.7667     0
187.40    -3.6612     0
187.60    -3.5568     0
187.80    -3.4534     0
188.00    -3.3511     0
188.20    -3.2499     0
188.40    -3.1499     0
188.60    -3.0511     0
188.80    -2.9534     0
189.00    -2.8569     0
189.20    -2.7616     0
189.40    -2.6676     0
189.60    -2.5748     0
189.80    -2.4834     0
190.00    -2.3932     0
190.20    -2.3043     0
190.40    -2.2168     0
190.60    -2.1307     0
190.80    -2.0460     0
191.00    -1.9626     0
191.20    -1.8807     0
191.40    -1.8002     0
191.60    -1.7213     0
191.80    -1.6438     0
192.00    -1.5678     0
192.20    -1.4933     0
192.40    -1.4204     0
192.60    -1.3490     0
192.80    -1.2793     0
193.00    -1.2112     0
193.20    -1.1447     0
193.40    -1.0798     0
193.60    -1.0167     0
193.80    -0.9552     0
194.00    -0.8954     0
194.20    -0.8374     0
194.40    -0.7811     0
194.60    -0.7266     0
194.80    -0.6739     0
195.00    -0.6230     0
195.20    -0.5740     0
195.40    -0.5268     0
195.60    -0.4815     0
195.80    -0.4381     0
196.00    -0.3966     0
196.20    -0.3571     0
196.40    -0.3195     0
196.60    -0.2839     0
196.80    -0.2503     0
197.00    -0.2187     0
197.20    -0.1891     0
197.40    -0.1616     0
197.60    -0.1362     0
197.80    -0.1129     0
198.00    -0.0918     0
198.20    -0.0727     0
198.40    -0.0558     0
198.60    -0.0412     0
198.80    -0.0287     0
199.00    -0.0184     0
199.20    -0.0104     0
199.40    -0.0046     0
199.60    -0.0012     0
199.80    0.0000     0
200.00    -0.0012     0