>Flexi¢n modelo CC.   Tiempo: 0.00 My.
>x(Km)	   -w(m)     h(m)      dg(mgal)
0.00    -6204.4312     0
0.20    -6162.4961     0
0.40    -6120.5610     0
0.60    -6078.6299     0
0.80    -6036.7061     0
1.00    -5994.7935     0
1.20    -5952.8960     0
1.40    -5911.0176     0
1.60    -5869.1616     0
1.80    -5827.3315     0
2.00    -5785.5312     0
2.20    -5743.7637     0
2.40    -5702.0322     0
2.60    -5660.3403     0
2.80    -5618.6914     0
3.00    -5577.0889     0
3.20    -5535.5356     0
3.40    -5494.0352     0
3.60    -5452.5908     0
3.80    -5411.2051     0
4.00    -5369.8804     0
4.20    -5328.6201     0
4.40    -5287.4272     0
4.60    -5246.3047     0
4.80    -5205.2549     0
5.00    -5164.2812     0
5.20    -5123.3867     0
5.40    -5082.5732     0
5.60    -5041.8438     0
5.80    -5001.2012     0
6.00    -4960.6479     0
6.20    -4920.1865     0
6.40    -4879.8188     0
6.60    -4839.5479     0
6.80    -4799.3765     0
7.00    -4759.3066     0
7.20    -4719.3408     0
7.40    -4679.4814     0
7.60    -4639.7300     0
7.80    -4600.0894     0
8.00    -4560.5615     0
8.20    -4521.1484     0
8.40    -4481.8525     0
8.60    -4442.6758     0
8.80    -4403.6201     0
9.00    -4364.6875     0
9.20    -4325.8794     0
9.40    -4287.1982     0
9.60    -4248.6455     0
9.80    -4210.2231     0
10.00    -4171.9331     0
10.20    -4133.7769     0
10.40    -4095.7559     0
10.60    -4057.8721     0
10.80    -4020.1274     0
11.00    -3982.5229     0
11.20    -3945.0603     0
11.40    -3907.7415     0
11.60    -3870.5676     0
11.80    -3833.5403     0
12.00    -3796.6611     0
12.20    -3759.9316     0
12.40    -3723.3525     0
12.60    -3686.9255     0
12.80    -3650.6516     0
13.00    -3614.5322     0
13.20    -3578.5688     0
13.40    -3542.7620     0
13.60    -3507.1130     0
13.80    -3471.6235     0
14.00    -3436.2947     0
14.20    -3401.1270     0
14.40    -3366.1218     0
14.60    -3331.2803     0
14.80    -3296.6038     0
15.00    -3262.0925     0
15.20    -3227.7478     0
15.40    -3193.5706     0
15.60    -3159.5618     0
15.80    -3125.7219     0
16.00    -3092.0520     0
16.20    -3058.5527     0
16.40    -3025.2251     0
16.60    -2992.0698     0
16.80    -2959.0874     0
17.00    -2926.2788     0
17.20    -2893.6445     0
17.40    -2861.1851     0
17.60    -2828.9014     0
17.80    -2796.7939     0
18.00    -2764.8633     0
18.20    -2733.1099     0
18.40    -2701.5344     0
18.60    -2670.1375     0
18.80    -2638.9192     0
19.00    -2607.8801     0
19.20    -2577.0208     0
19.40    -2546.3416     0
19.60    -2515.8425     0
19.80    -2485.5244     0
20.00    -2455.3875     0
20.20    -2425.4321     0
20.40    -2395.6587     0
20.60    -2366.0674     0
20.80    -2336.6584     0
21.00    -2307.4321     0
21.20    -2278.3887     0
21.40    -2249.5283     0
21.60    -2220.8511     0
21.80    -2192.3574     0
22.00    -2164.0474     0
22.20    -2135.9211     0
22.40    -2107.9788     0
22.60    -2080.2202     0
22.80    -2052.6455     0
23.00    -2025.2548     0
23.20    -1998.0479     0
23.40    -1971.0248     0
23.60    -1944.1857     0
23.80    -1917.5305     0
24.00    -1891.0593     0
24.20    -1864.7721     0
24.40    -1838.6686     0
24.60    -1812.7487     0
24.80    -1787.0126     0
25.00    -1761.4602     0
25.20    -1736.0912     0
25.40    -1710.9053     0
25.60    -1685.9023     0
25.80    -1661.0822     0
26.00    -1636.4447     0
26.20    -1611.9899     0
26.40    -1587.7173     0
26.60    -1563.6266     0
26.80    -1539.7179     0
27.00    -1515.9908     0
27.20    -1492.4451     0
27.40    -1469.0803     0
27.60    -1445.8962     0
27.80    -1422.8926     0
28.00    -1400.0690     0
28.20    -1377.4250     0
28.40    -1354.9606     0
28.60    -1332.6752     0
28.80    -1310.5685     0
29.00    -1288.6401     0
29.20    -1266.8896     0
29.40    -1245.3167     0
29.60    -1223.9207     0
29.80    -1202.7013     0
30.00    -1181.6582     0
30.20    -1160.7908     0
30.40    -1140.0986     0
30.60    -1119.5813     0
30.80    -1099.2383     0
31.00    -1079.0691     0
31.20    -1059.0734     0
31.40    -1039.2506     0
31.60    -1019.6003     0
31.80    -1000.1218     0
32.00    -980.8147     0
32.20    -961.6783     0
32.40    -942.7121     0
32.60    -923.9156     0
32.80    -905.2883     0
33.00    -886.8295     0
33.20    -868.5387     0
33.40    -850.4153     0
33.60    -832.4586     0
33.80    -814.6682     0
34.00    -797.0433     0
34.20    -779.5833     0
34.40    -762.2877     0
34.60    -745.1556     0
34.80    -728.1866     0
35.00    -711.3801     0
35.20    -694.7354     0
35.40    -678.2517     0
35.60    -661.9285     0
35.80    -645.7650     0
36.00    -629.7607     0
36.20    -613.9148     0
36.40    -598.2266     0
36.60    -582.6955     0
36.80    -567.3207     0
37.00    -552.1016     0
37.20    -537.0374     0
37.40    -522.1274     0
37.60    -507.3710     0
37.80    -492.7674     0
38.00    -478.3159     0
38.20    -464.0158     0
38.40    -449.8663     0
38.60    -435.8668     0
38.80    -422.0163     0
39.00    -408.3143     0
39.20    -394.7601     0
39.40    -381.3527     0
39.60    -368.0915     0
39.80    -354.9756     0
40.00    -342.0045     0
40.20    -329.1772     0
40.40    -316.4930     0
40.60    -303.9512     0
40.80    -291.5511     0
41.00    -279.2917     0
41.20    -267.1724     0
41.40    -255.1923     0
41.60    -243.3507     0
41.80    -231.6469     0
42.00    -220.0799     0
42.20    -208.6490     0
42.40    -197.3536     0
42.60    -186.1926     0
42.80    -175.1655     0
43.00    -164.2713     0
43.20    -153.5092     0
43.40    -142.8786     0
43.60    -132.3785     0
43.80    -122.0082     0
44.00    -111.7670     0
44.20    -101.6538     0
44.40    -91.6681     0
44.60    -81.8090     0
44.80    -72.0756     0
45.00    -62.4672     0
45.20    -52.9829     0
45.40    -43.6220     0
45.60    -34.3836     0
45.80    -25.2670     0
46.00    -16.2713     0
46.20    -7.3958     0
46.40    1.3605     0
46.60    9.9982     0
46.80    18.5183     0
47.00    26.9214     0
47.20    35.2085     0
47.40    43.3802     0
47.60    51.4375     0
47.80    59.3811     0
48.00    67.2119     0
48.20    74.9306     0
48.40    82.5380     0
48.60    90.0350     0
48.80    97.4224     0
49.00    104.7009     0
49.20    111.8714     0
49.40    118.9346     0
49.60    125.8914     0
49.80    132.7426     0
50.00    139.4889     0
50.20    146.1311     0
50.40    152.6701     0
50.60    159.1067     0
50.80    165.4415     0
51.00    171.6755     0
51.20    177.8094     0
51.40    183.8441     0
51.60    189.7802     0
51.80    195.6186     0
52.00    201.3600     0
52.20    207.0053     0
52.40    212.5552     0
52.60    218.0105     0
52.80    223.3721     0
53.00    228.6405     0
53.20    233.8168     0
53.40    238.9015     0
53.60    243.8955     0
53.80    248.7995     0
54.00    253.6143     0
54.20    258.3407     0
54.40    262.9794     0
54.60    267.5312     0
54.80    271.9968     0
55.00    276.3770     0
55.20    280.6725     0
55.40    284.8841     0
55.60    289.0125     0
55.80    293.0586     0
56.00    297.0229     0
56.20    300.9063     0
56.40    304.7095     0
56.60    308.4333     0
56.80    312.0782     0
57.00    315.6452     0
57.20    319.1349     0
57.40    322.5481     0
57.60    325.8854     0
57.80    329.1476     0
58.00    332.3354     0
58.20    335.4494     0
58.40    338.4905     0
58.60    341.4594     0
58.80    344.3566     0
59.00    347.1829     0
59.20    349.9391     0
59.40    352.6258     0
59.60    355.2437     0
59.80    357.7935     0
60.00    360.2758     0
60.20    362.6915     0
60.40    365.0411     0
60.60    367.3254     0
60.80    369.5450     0
61.00    371.7005     0
61.20    373.7927     0
61.40    375.8221     0
61.60    377.7896     0
61.80    379.6956     0
62.00    381.5409     0
62.20    383.3261     0
62.40    385.0520     0
62.60    386.7190     0
62.80    388.3278     0
63.00    389.8791     0
63.20    391.3735     0
63.40    392.8117     0
63.60    394.1942     0
63.80    395.5218     0
64.00    396.7950     0
64.20    398.0144     0
64.40    399.1807     0
64.60    400.2945     0
64.80    401.3563     0
65.00    402.3668     0
65.20    403.3266     0
65.40    404.2363     0
65.60    405.0964     0
65.80    405.9077     0
66.00    406.6705     0
66.20    407.3857     0
66.40    408.0536     0
66.60    408.6750     0
66.80    409.2504     0
67.00    409.7803     0
67.20    410.2653     0
67.40    410.7060     0
67.60    411.1029     0
67.80    411.4566     0
68.00    411.7677     0
68.20    412.0366     0
68.40    412.2640     0
68.60    412.4504     0
68.80    412.5963     0
69.00    412.7023     0
69.20    412.7689     0
69.40    412.7965     0
69.60    412.7858     0
69.80    412.7373     0
70.00    412.6515     0
70.20    412.5289     0
70.40    412.3700     0
70.60    412.1752     0
70.80    411.9451     0
71.00    411.6802     0
71.20    411.3810     0
71.40    411.0479     0
71.60    410.6815     0
71.80    410.2822     0
72.00    409.8506     0
72.20    409.3871     0
72.40    408.8921     0
72.60    408.3662     0
72.80    407.8098     0
73.00    407.2233     0
73.20    406.6072     0
73.40    405.9620     0
73.60    405.2881     0
73.80    404.5861     0
74.00    403.8562     0
74.20    403.0991     0
74.40    402.3151     0
74.60    401.5046     0
74.80    400.6682     0
75.00    399.8061     0
75.20    398.9189     0
75.40    398.0069     0
75.60    397.0706     0
75.80    396.1104     0
76.00    395.1267     0
76.20    394.1199     0
76.40    393.0905     0
76.60    392.0387     0
76.80    390.9651     0
77.00    389.8700     0
77.20    388.7537     0
77.40    387.6168     0
77.60    386.4595     0
77.80    385.2823     0
78.00    384.0854     0
78.20    382.8694     0
78.40    381.6346     0
78.60    380.3812     0
78.80    379.1098     0
79.00    377.8206     0
79.20    376.5141     0
79.40    375.1906     0
79.60    373.8504     0
79.80    372.4938     0
80.00    371.1214     0
80.20    369.7333     0
80.40    368.3300     0
80.60    366.9117     0
80.80    365.4788     0
81.00    364.0316     0
81.20    362.5704     0
81.40    361.0956     0
81.60    359.6075     0
81.80    358.1063     0
82.00    356.5924     0
82.20    355.0662     0
82.40    353.5279     0
82.60    351.9778     0
82.80    350.4164     0
83.00    348.8437     0
83.20    347.2601     0
83.40    345.6660     0
83.60    344.0615     0
83.80    342.4471     0
84.00    340.8230     0
84.20    339.1895     0
84.40    337.5468     0
84.60    335.8953     0
84.80    334.2351     0
85.00    332.5667     0
85.20    330.8901     0
85.40    329.2057     0
85.60    327.5139     0
85.80    325.8148     0
86.00    324.1086     0
86.20    322.3957     0
86.40    320.6762     0
86.60    318.9505     0
86.80    317.2187     0
87.00    315.4811     0
87.20    313.7379     0
87.40    311.9894     0
87.60    310.2359     0
87.80    308.4775     0
88.00    306.7145     0
88.20    304.9471     0
88.40    303.1754     0
88.60    301.3998     0
88.80    299.6205     0
89.00    297.8377     0
89.20    296.0516     0
89.40    294.2624     0
89.60    292.4702     0
89.80    290.6753     0
90.00    288.8780     0
90.20    287.0784     0
90.40    285.2767     0
90.60    283.4731     0
90.80    281.6678     0
91.00    279.8609     0
91.20    278.0527     0
91.40    276.2434     0
91.60    274.4332     0
91.80    272.6221     0
92.00    270.8104     0
92.20    268.9982     0
92.40    267.1858     0
92.60    265.3733     0
92.80    263.5609     0
93.00    261.7487     0
93.20    259.9370     0
93.40    258.1258     0
93.60    256.3153     0
93.80    254.5057     0
94.00    252.6971     0
94.20    250.8898     0
94.40    249.0838     0
94.60    247.2792     0
94.80    245.4763     0
95.00    243.6752     0
95.20    241.8761     0
95.40    240.0790     0
95.60    238.2841     0
95.80    236.4916     0
96.00    234.7015     0
96.20    232.9140     0
96.40    231.1293     0
96.60    229.3474     0
96.80    227.5686     0
97.00    225.7928     0
97.20    224.0204     0
97.40    222.2512     0
97.60    220.4856     0
97.80    218.7236     0
98.00    216.9653     0
98.20    215.2108     0
98.40    213.4602     0
98.60    211.7137     0
98.80    209.9713     0
99.00    208.2332     0
99.20    206.4995     0
99.40    204.7702     0
99.60    203.0454     0
99.80    201.3253     0
100.00    199.6100     0
100.20    197.8995     0
100.40    196.1940     0
100.60    194.4935     0
100.80    192.7981     0
101.00    191.1079     0
101.20    189.4230     0
101.40    187.7435     0
101.60    186.0695     0
101.80    184.4010     0
102.00    182.7382     0
102.20    181.0810     0
102.40    179.4297     0
102.60    177.7842     0
102.80    176.1446     0
103.00    174.5110     0
103.20    172.8835     0
103.40    171.2622     0
103.60    169.6470     0
103.80    168.0381     0
104.00    166.4356     0
104.20    164.8395     0
104.40    163.2498     0
104.60    161.6666     0
104.80    160.0900     0
105.00    158.5201     0
105.20    156.9569     0
105.40    155.4004     0
105.60    153.8507     0
105.80    152.3079     0
106.00    150.7720     0
106.20    149.2431     0
106.40    147.7211     0
106.60    146.2063     0
106.80    144.6985     0
107.00    143.1978     0
107.20    141.7043     0
107.40    140.2181     0
107.60    138.7391     0
107.80    137.2675     0
108.00    135.8031     0
108.20    134.3462     0
108.40    132.8966     0
108.60    131.4545     0
108.80    130.0199     0
109.00    128.5928     0
109.20    127.1732     0
109.40    125.7613     0
109.60    124.3569     0
109.80    122.9602     0
110.00    121.5712     0
110.20    120.1898     0
110.40    118.8162     0
110.60    117.4503     0
110.80    116.0921     0
111.00    114.7418     0
111.20    113.3993     0
111.40    112.0646     0
111.60    110.7377     0
111.80    109.4187     0
112.00    108.1076     0
112.20    106.8044     0
112.40    105.5091     0
112.60    104.2217     0
112.80    102.9423     0
113.00    101.6708     0
113.20    100.4073     0
113.40    99.1518     0
113.60    97.9043     0
113.80    96.6647     0
114.00    95.4331     0
114.20    94.2096     0
114.40    92.9940     0
114.60    91.7865     0
114.80    90.5871     0
115.00    89.3956     0
115.20    88.2122     0
115.40    87.0368     0
115.60    85.8694     0
115.80    84.7101     0
116.00    83.5588     0
116.20    82.4156     0
116.40    81.2803     0
116.60    80.1532     0
116.80    79.0340     0
117.00    77.9229     0
117.20    76.8198     0
117.40    75.7247     0
117.60    74.6376     0
117.80    73.5586     0
118.00    72.4876     0
118.20    71.4245     0
118.40    70.3695     0
118.60    69.3224     0
118.80    68.2833     0
119.00    67.2521     0
119.20    66.2289     0
119.40    65.2137     0
119.60    64.2063     0
119.80    63.2069     0
120.00    62.2154     0
120.20    61.2318     0
120.40    60.2561     0
120.60    59.2882     0
120.80    58.3282     0
121.00    57.3760     0
121.20    56.4317     0
121.40    55.4951     0
121.60    54.5664     0
121.80    53.6454     0
122.00    52.7322     0
122.20    51.8267     0
122.40    50.9289     0
122.60    50.0388     0
122.80    49.1564     0
123.00    48.2817     0
123.20    47.4146     0
123.40    46.5551     0
123.60    45.7032     0
123.80    44.8589     0
124.00    44.0221     0
124.20    43.1929     0
124.40    42.3712     0
124.60    41.5570     0
124.80    40.7502     0
125.00    39.9509     0
125.20    39.1590     0
125.40    38.3745     0
125.60    37.5974     0
125.80    36.8276     0
126.00    36.0651     0
126.20    35.3099     0
126.40    34.5620     0
126.60    33.8213     0
126.80    33.0879     0
127.00    32.3616     0
127.20    31.6425     0
127.40    30.9305     0
127.60    30.2256     0
127.80    29.5278     0
128.00    28.8371     0
128.20    28.1533     0
128.40    27.4766     0
128.60    26.8068     0
128.80    26.1440     0
129.00    25.4880     0
129.20    24.8390     0
129.40    24.1968     0
129.60    23.5614     0
129.80    22.9328     0
130.00    22.3109     0
130.20    21.6958     0
130.40    21.0873     0
130.60    20.4855     0
130.80    19.8904     0
131.00    19.3019     0
131.20    18.7199     0
131.40    18.1445     0
131.60    17.5755     0
131.80    17.0131     0
132.00    16.4571     0
132.20    15.9075     0
132.40    15.3642     0
132.60    14.8274     0
132.80    14.2968     0
133.00    13.7725     0
133.20    13.2545     0
133.40    12.7427     0
133.60    12.2370     0
133.80    11.7375     0
134.00    11.2441     0
134.20    10.7568     0
134.40    10.2756     0
134.60    9.8003     0
134.80    9.3311     0
135.00    8.8677     0
135.20    8.4103     0
135.40    7.9588     0
135.60    7.5131     0
135.80    7.0733     0
136.00    6.6392     0
136.20    6.2108     0
136.40    5.7882     0
136.60    5.3712     0
136.80    4.9598     0
137.00    4.5541     0
137.20    4.1539     0
137.40    3.7593     0
137.60    3.3702     0
137.80    2.9865     0
138.00    2.6083     0
138.20    2.2354     0
138.40    1.8680     0
138.60    1.5058     0
138.80    1.1490     0
139.00    0.7974     0
139.20    0.4510     0
139.40    0.1098     0
139.60    -0.2262     0
139.80    -0.5571     0
140.00    -0.8829     0
140.20    -1.2037     0
140.40    -1.5195     0
140.60    -1.8303     0
140.80    -2.1361     0
141.00    -2.4370     0
141.20    -2.7331     0
141.40    -3.0243     0
141.60    -3.3107     0
141.80    -3.5923     0
142.00    -3.8692     0
142.20    -4.1414     0
142.40    -4.4089     0
142.60    -4.6718     0
142.80    -4.9301     0
143.00    -5.1838     0
143.20    -5.4330     0
143.40    -5.6777     0
143.60    -5.9179     0
143.80    -6.1537     0
144.00    -6.3851     0
144.20    -6.6121     0
144.40    -6.8349     0
144.60    -7.0533     0
144.80    -7.2675     0
145.00    -7.4774     0
145.20    -7.6832     0
145.40    -7.8848     0
145.60    -8.0822     0
145.80    -8.2756     0
146.00    -8.4649     0
146.20    -8.6502     0
146.40    -8.8316     0
146.60    -9.0089     0
146.80    -9.1824     0
147.00    -9.3519     0
147.20    -9.5176     0
147.40    -9.6795     0
147.60    -9.8376     0
147.80    -9.9919     0
148.00    -10.1425     0
148.20    -10.2894     0
148.40    -10.4326     0
148.60    -10.5722     0
148.80    -10.7083     0
149.00    -10.8407     0
149.20    -10.9697     0
149.40    -11.0951     0
149.60    -11.2171     0
149.80    -11.3356     0
150.00    -11.4507     0
150.20    -11.5625     0
150.40    -11.6709     0
150.60    -11.7760     0
150.80    -11.8779     0
151.00    -11.9765     0
151.20    -12.0718     0
151.40    -12.1640     0
151.60    -12.2531     0
151.80    -12.3390     0
152.00    -12.4218     0
152.20    -12.5016     0
152.40    -12.5784     0
152.60    -12.6521     0
152.80    -12.7229     0
153.00    -12.7908     0
153.20    -12.8557     0
153.40    -12.9178     0
153.60    -12.9770     0
153.80    -13.0334     0
154.00    -13.0870     0
154.20    -13.1378     0
154.40    -13.1860     0
154.60    -13.2314     0
154.80    -13.2742     0
155.00    -13.3143     0
155.20    -13.3518     0
155.40    -13.3867     0
155.60    -13.4191     0
155.80    -13.4490     0
156.00    -13.4763     0
156.20    -13.5012     0
156.40    -13.5237     0
156.60    -13.5437     0
156.80    -13.5614     0
157.00    -13.5767     0
157.20    -13.5896     0
157.40    -13.6003     0
157.60    -13.6087     0
157.80    -13.6149     0
158.00    -13.6188     0
158.20    -13.6206     0
158.40    -13.6202     0
158.60    -13.6177     0
158.80    -13.6130     0
159.00    -13.6063     0
159.20    -13.5975     0
159.40    -13.5867     0
159.60    -13.5739     0
159.80    -13.5591     0
160.00    -13.5424     0
160.20    -13.5238     0
160.40    -13.5032     0
160.60    -13.4808     0
160.80    -13.4566     0
161.00    -13.4305     0
161.20    -13.4026     0
161.40    -13.3730     0
161.60    -13.3416     0
161.80    -13.3085     0
162.00    -13.2737     0
162.20    -13.2373     0
162.40    -13.1992     0
162.60    -13.1595     0
162.80    -13.1182     0
163.00    -13.0753     0
163.20    -13.0309     0
163.40    -12.9850     0
163.60    -12.9376     0
163.80    -12.8887     0
164.00    -12.8383     0
164.20    -12.7866     0
164.40    -12.7334     0
164.60    -12.6789     0
164.80    -12.6230     0
165.00    -12.5658     0
165.20    -12.5073     0
165.40    -12.4475     0
165.60    -12.3864     0
165.80    -12.3242     0
166.00    -12.2607     0
166.20    -12.1960     0
166.40    -12.1301     0
166.60    -12.0631     0
166.80    -11.9950     0
167.00    -11.9258     0
167.20    -11.8555     0
167.40    -11.7842     0
167.60    -11.7118     0
167.80    -11.6384     0
168.00    -11.5640     0
168.20    -11.4887     0
168.40    -11.4124     0
168.60    -11.3351     0
168.80    -11.2570     0
169.00    -11.1780     0
169.20    -11.0982     0
169.40    -11.0175     0
169.60    -10.9360     0
169.80    -10.8537     0
170.00    -10.7706     0
170.20    -10.6867     0
170.40    -10.6022     0
170.60    -10.5169     0
170.80    -10.4309     0
171.00    -10.3443     0
171.20    -10.2570     0
171.40    -10.1690     0
171.60    -10.0805     0
171.80    -9.9913     0
172.00    -9.9016     0
172.20    -9.8114     0
172.40    -9.7206     0
172.60    -9.6293     0
172.80    -9.5375     0
173.00    -9.4452     0
173.20    -9.3525     0
173.40    -9.2594     0
173.60    -9.1658     0
173.80    -9.0718     0
174.00    -8.9775     0
174.20    -8.8828     0
174.40    -8.7878     0
174.60    -8.6924     0
174.80    -8.5968     0
175.00    -8.5008     0
175.20    -8.4046     0
175.40    -8.3082     0
175.60    -8.2115     0
175.80    -8.1147     0
176.00    -8.0176     0
176.20    -7.9204     0
176.40    -7.8230     0
176.60    -7.7255     0
176.80    -7.6279     0
177.00    -7.5302     0
177.20    -7.4324     0
177.40    -7.3345     0
177.60    -7.2366     0
177.80    -7.1387     0
178.00    -7.0408     0
178.20    -6.9429     0
178.40    -6.8450     0
178.60    -6.7471     0
178.80    -6.6494     0
179.00    -6.5517     0
179.20    -6.4541     0
179.40    -6.3566     0
179.60    -6.2592     0
179.80    -6.1620     0
180.00    -6.0650     0
180.20    -5.9681     0
180.40    -5.8715     0
180.60    -5.7751     0
180.80    -5.6789     0
181.00    -5.5829     0
181.20    -5.4873     0
181.40    -5.3919     0
181.60    -5.2968     0
181.80    -5.2021     0
182.00    -5.1076     0
182.20    -5.0136     0
182.40    -4.9199     0
182.60    -4.8266     0
182.80    -4.7337     0
183.00    -4.6412     0
183.20    -4.5492     0
183.40    -4.4576     0
183.60    -4.3664     0
183.80    -4.2758     0
184.00    -4.1857     0
184.20    -4.0961     0
184.40    -4.0070     0
184.60    -3.9184     0
184.80    -3.8305     0
185.00    -3.7431     0
185.20    -3.6563     0
185.40    -3.5702     0
185.60    -3.4846     0
185.80    -3.3998     0
186.00    -3.3155     0
186.20    -3.2320     0
186.40    -3.1491     0
186.60    -3.0670     0
186.80    -2.9856     0
187.00    -2.9049     0
187.20    -2.8250     0
187.40    -2.7459     0
187.60    -2.6676     0
187.80    -2.5900     0
188.00    -2.5133     0
188.20    -2.4375     0
188.40    -2.3624     0
188.60    -2.2883     0
188.80    -2.2150     0
189.00    -2.1427     0
189.20    -2.0712     0
189.40    -2.0007     0
189.60    -1.9311     0
189.80    -1.8625     0
190.00    -1.7949     0
190.20    -1.7283     0
190.40    -1.6626     0
190.60    -1.5980     0
190.80    -1.5345     0
191.00    -1.4720     0
191.20    -1.4105     0
191.40    -1.3502     0
191.60    -1.2909     0
191.80    -1.2328     0
192.00    -1.1758     0
192.20    -1.1200     0
192.40    -1.0653     0
192.60    -1.0118     0
192.80    -0.9595     0
193.00    -0.9084     0
193.20    -0.8585     0
193.40    -0.8099     0
193.60    -0.7625     0
193.80    -0.7164     0
194.00    -0.6716     0
194.20    -0.6280     0
194.40    -0.5858     0
194.60    -0.5450     0
194.80    -0.5054     0
195.00    -0.4673     0
195.20    -0.4305     0
195.40    -0.3951     0
195.60    -0.3611     0
195.80    -0.3286     0
196.00    -0.2975     0
196.20    -0.2678     0
196.40    -0.2396     0
196.60    -0.2129     0
196.80    -0.1877     0
197.00    -0.1640     0
197.20    -0.1418     0
197.40    -0.1212     0
197.60    -0.1022     0
197.80    -0.0847     0
198.00    -0.0688     0
198.20    -0.0545     0
198.40    -0.0419     0
198.60    -0.0309     0
198.80    -0.0215     0
199.00    -0.0138     0
199.20    -0.0078     0
199.40    -0.0035     0
199.60    -0.0009     0
199.80    0.0000     0
200.00    -0.0009     0