>Flexi¢n modelo CC.   Tiempo: 0.00 My.
>x(Km)	   -w(m)     h(m)      dg(mgal)
0.00    -2068.0344     0
0.20    -2054.0583     0
0.40    -2040.0823     0
0.60    -2026.1074     0
0.80    -2012.1353     0
1.00    -1998.1667     0
1.20    -1984.2032     0
1.40    -1970.2457     0
1.60    -1956.2955     0
1.80    -1942.3539     0
2.00    -1928.4220     0
2.20    -1914.5010     0
2.40    -1900.5919     0
2.60    -1886.6958     0
2.80    -1872.8138     0
3.00    -1858.9474     0
3.20    -1845.0975     0
3.40    -1831.2653     0
3.60    -1817.4513     0
3.80    -1803.6570     0
4.00    -1789.8831     0
4.20    -1776.1306     0
4.40    -1762.4005     0
4.60    -1748.6937     0
4.80    -1735.0115     0
5.00    -1721.3547     0
5.20    -1707.7244     0
5.40    -1694.1211     0
5.60    -1680.5460     0
5.80    -1666.9998     0
6.00    -1653.4834     0
6.20    -1639.9979     0
6.40    -1626.5441     0
6.60    -1613.1226     0
6.80    -1599.7339     0
7.00    -1586.3790     0
7.20    -1573.0588     0
7.40    -1559.7739     0
7.60    -1546.5253     0
7.80    -1533.3135     0
8.00    -1520.1393     0
8.20    -1507.0033     0
8.40    -1493.9062     0
8.60    -1480.8489     0
8.80    -1467.8318     0
9.00    -1454.8557     0
9.20    -1441.9213     0
9.40    -1429.0291     0
9.60    -1416.1797     0
9.80    -1403.3737     0
10.00    -1390.6116     0
10.20    -1377.8942     0
10.40    -1365.2219     0
10.60    -1352.5953     0
10.80    -1340.0149     0
11.00    -1327.4812     0
11.20    -1314.9948     0
11.40    -1302.5562     0
11.60    -1290.1659     0
11.80    -1277.8245     0
12.00    -1265.5323     0
12.20    -1253.2900     0
12.40    -1241.0979     0
12.60    -1228.9564     0
12.80    -1216.8660     0
13.00    -1204.8270     0
13.20    -1192.8400     0
13.40    -1180.9052     0
13.60    -1169.0231     0
13.80    -1157.1940     0
14.00    -1145.4183     0
14.20    -1133.6965     0
14.40    -1122.0289     0
14.60    -1110.4158     0
14.80    -1098.8574     0
15.00    -1087.3542     0
15.20    -1075.9065     0
15.40    -1064.5145     0
15.60    -1053.1787     0
15.80    -1041.8992     0
16.00    -1030.6761     0
16.20    -1019.5100     0
16.40    -1008.4011     0
16.60    -997.3495     0
16.80    -986.3557     0
17.00    -975.4196     0
17.20    -964.5416     0
17.40    -953.7219     0
17.60    -942.9606     0
17.80    -932.2581     0
18.00    -921.6145     0
18.20    -911.0301     0
18.40    -900.5049     0
18.60    -890.0392     0
18.80    -879.6329     0
19.00    -869.2865     0
19.20    -858.9999     0
19.40    -848.7734     0
19.60    -838.6072     0
19.80    -828.5013     0
20.00    -818.4557     0
20.20    -808.4706     0
20.40    -798.5461     0
20.60    -788.6824     0
20.80    -778.8793     0
21.00    -769.1372     0
21.20    -759.4560     0
21.40    -749.8358     0
21.60    -740.2767     0
21.80    -730.7788     0
22.00    -721.3420     0
22.20    -711.9665     0
22.40    -702.6522     0
22.60    -693.3991     0
22.80    -684.2073     0
23.00    -675.0768     0
23.20    -666.0077     0
23.40    -656.9999     0
23.60    -648.0535     0
23.80    -639.1683     0
24.00    -630.3445     0
24.20    -621.5820     0
24.40    -612.8807     0
24.60    -604.2407     0
24.80    -595.6619     0
25.00    -587.1443     0
25.20    -578.6879     0
25.40    -570.2925     0
25.60    -561.9581     0
25.80    -553.6848     0
26.00    -545.4723     0
26.20    -537.3207     0
26.40    -529.2298     0
26.60    -521.1996     0
26.80    -513.2300     0
27.00    -505.3209     0
27.20    -497.4722     0
27.40    -489.6838     0
27.60    -481.9557     0
27.80    -474.2878     0
28.00    -466.6798     0
28.20    -459.1318     0
28.40    -451.6435     0
28.60    -444.2149     0
28.80    -436.8459     0
29.00    -429.5364     0
29.20    -422.2861     0
29.40    -415.0950     0
29.60    -407.9629     0
29.80    -400.8897     0
30.00    -393.8752     0
30.20    -386.9194     0
30.40    -380.0219     0
30.60    -373.1827     0
30.80    -366.4016     0
31.00    -359.6786     0
31.20    -353.0133     0
31.40    -346.4056     0
31.60    -339.8555     0
31.80    -333.3626     0
32.00    -326.9268     0
32.20    -320.5479     0
32.40    -314.2258     0
32.60    -307.9602     0
32.80    -301.7510     0
33.00    -295.5980     0
33.20    -289.5009     0
33.40    -283.4597     0
33.60    -277.4740     0
33.80    -271.5437     0
34.00    -265.6685     0
34.20    -259.8484     0
34.40    -254.0831     0
34.60    -248.3723     0
34.80    -242.7159     0
35.00    -237.1137     0
35.20    -231.5653     0
35.40    -226.0707     0
35.60    -220.6295     0
35.80    -215.2417     0
36.00    -209.9068     0
36.20    -204.6248     0
36.40    -199.3954     0
36.60    -194.2183     0
36.80    -189.0933     0
37.00    -184.0203     0
37.20    -178.9989     0
37.40    -174.0289     0
37.60    -169.1101     0
37.80    -164.2423     0
38.00    -159.4251     0
38.20    -154.6584     0
38.40    -149.9420     0
38.60    -145.2754     0
38.80    -140.6586     0
39.00    -136.0913     0
39.20    -131.5732     0
39.40    -127.1040     0
39.60    -122.6836     0
39.80    -118.3117     0
40.00    -113.9879     0
40.20    -109.7121     0
40.40    -105.4840     0
40.60    -101.3034     0
40.80    -97.1700     0
41.00    -93.0835     0
41.20    -89.0437     0
41.40    -85.0504     0
41.60    -81.1031     0
41.80    -77.2018     0
42.00    -73.3462     0
42.20    -69.5359     0
42.40    -65.7707     0
42.60    -62.0504     0
42.80    -58.3747     0
43.00    -54.7433     0
43.20    -51.1559     0
43.40    -47.6124     0
43.60    -44.1123     0
43.80    -40.6556     0
44.00    -37.2418     0
44.20    -33.8707     0
44.40    -30.5421     0
44.60    -27.2557     0
44.80    -24.0112     0
45.00    -20.8084     0
45.20    -17.6469     0
45.40    -14.5266     0
45.60    -11.4471     0
45.80    -8.4083     0
46.00    -5.4097     0
46.20    -2.4511     0
46.40    0.4676     0
46.60    3.3469     0
46.80    6.1869     0
47.00    8.9880     0
47.20    11.7503     0
47.40    14.4743     0
47.60    17.1600     0
47.80    19.8079     0
48.00    22.4182     0
48.20    24.9911     0
48.40    27.5269     0
48.60    30.0259     0
48.80    32.4883     0
49.00    34.9145     0
49.20    37.3047     0
49.40    39.6591     0
49.60    41.9780     0
49.80    44.2617     0
50.00    46.5105     0
50.20    48.7245     0
50.40    50.9042     0
50.60    53.0497     0
50.80    55.1612     0
51.00    57.2392     0
51.20    59.2838     0
51.40    61.2953     0
51.60    63.2740     0
51.80    65.2200     0
52.00    67.1338     0
52.20    69.0155     0
52.40    70.8654     0
52.60    72.6838     0
52.80    74.4709     0
53.00    76.2270     0
53.20    77.9523     0
53.40    79.6472     0
53.60    81.3117     0
53.80    82.9463     0
54.00    84.5512     0
54.20    86.1266     0
54.40    87.6728     0
54.60    89.1899     0
54.80    90.6784     0
55.00    92.1384     0
55.20    93.5702     0
55.40    94.9740     0
55.60    96.3501     0
55.80    97.6987     0
56.00    99.0201     0
56.20    100.3145     0
56.40    101.5822     0
56.60    102.8234     0
56.80    104.0383     0
57.00    105.2273     0
57.20    106.3904     0
57.40    107.5281     0
57.60    108.6405     0
57.80    109.7279     0
58.00    110.7904     0
58.20    111.8284     0
58.40    112.8421     0
58.60    113.8317     0
58.80    114.7974     0
59.00    115.7395     0
59.20    116.6581     0
59.40    117.5537     0
59.60    118.4262     0
59.80    119.2761     0
60.00    120.1035     0
60.20    120.9086     0
60.40    121.6918     0
60.60    122.4531     0
60.80    123.1929     0
61.00    123.9113     0
61.20    124.6086     0
61.40    125.2850     0
61.60    125.9407     0
61.80    126.5760     0
62.00    127.1910     0
62.20    127.7859     0
62.40    128.3611     0
62.60    128.9167     0
62.80    129.4529     0
63.00    129.9699     0
63.20    130.4680     0
63.40    130.9473     0
63.60    131.4081     0
63.80    131.8506     0
64.00    132.2749     0
64.20    132.6813     0
64.40    133.0700     0
64.60    133.4412     0
64.80    133.7950     0
65.00    134.1318     0
65.20    134.4517     0
65.40    134.7548     0
65.60    135.0415     0
65.80    135.3118     0
66.00    135.5661     0
66.20    135.8044     0
66.40    136.0270     0
66.60    136.2340     0
66.80    136.4257     0
67.00    136.6023     0
67.20    136.7639     0
67.40    136.9107     0
67.60    137.0429     0
67.80    137.1608     0
68.00    137.2644     0
68.20    137.3539     0
68.40    137.4296     0
68.60    137.4917     0
68.80    137.5402     0
69.00    137.5754     0
69.20    137.5975     0
69.40    137.6066     0
69.60    137.6029     0
69.80    137.5866     0
70.00    137.5578     0
70.20    137.5167     0
70.40    137.4635     0
70.60    137.3984     0
70.80    137.3215     0
71.00    137.2330     0
71.20    137.1331     0
71.40    137.0218     0
71.60    136.8994     0
71.80    136.7661     0
72.00    136.6221     0
72.20    136.4673     0
72.40    136.3022     0
72.60    136.1267     0
72.80    135.9410     0
73.00    135.7454     0
73.20    135.5399     0
73.40    135.3247     0
73.60    135.0999     0
73.80    134.8657     0
74.00    134.6223     0
74.20    134.3698     0
74.40    134.1083     0
74.60    133.8380     0
74.80    133.5590     0
75.00    133.2715     0
75.20    132.9756     0
75.40    132.6715     0
75.60    132.3592     0
75.80    132.0390     0
76.00    131.7110     0
76.20    131.3752     0
76.40    131.0320     0
76.60    130.6812     0
76.80    130.3232     0
77.00    129.9580     0
77.20    129.5858     0
77.40    129.2067     0
77.60    128.8208     0
77.80    128.4283     0
78.00    128.0292     0
78.20    127.6238     0
78.40    127.2121     0
78.60    126.7942     0
78.80    126.3704     0
79.00    125.9406     0
79.20    125.5050     0
79.40    125.0638     0
79.60    124.6170     0
79.80    124.1647     0
80.00    123.7072     0
80.20    123.2444     0
80.40    122.7766     0
80.60    122.3038     0
80.80    121.8261     0
81.00    121.3437     0
81.20    120.8566     0
81.40    120.3650     0
81.60    119.8689     0
81.80    119.3685     0
82.00    118.8639     0
82.20    118.3552     0
82.40    117.8424     0
82.60    117.3258     0
82.80    116.8053     0
83.00    116.2811     0
83.20    115.7532     0
83.40    115.2219     0
83.60    114.6871     0
83.80    114.1490     0
84.00    113.6076     0
84.20    113.0631     0
84.40    112.5155     0
84.60    111.9650     0
84.80    111.4116     0
85.00    110.8555     0
85.20    110.2966     0
85.40    109.7352     0
85.60    109.1712     0
85.80    108.6048     0
86.00    108.0361     0
86.20    107.4651     0
86.40    106.8919     0
86.60    106.3166     0
86.80    105.7393     0
87.00    105.1600     0
87.20    104.5790     0
87.40    103.9961     0
87.60    103.4116     0
87.80    102.8254     0
88.00    102.2376     0
88.20    101.6484     0
88.40    101.0578     0
88.60    100.4659     0
88.80    99.8728     0
89.00    99.2784     0
89.20    98.6830     0
89.40    98.0866     0
89.60    97.4892     0
89.80    96.8908     0
90.00    96.2917     0
90.20    95.6918     0
90.40    95.0912     0
90.60    94.4899     0
90.80    93.8881     0
91.00    93.2858     0
91.20    92.6830     0
91.40    92.0799     0
91.60    91.4764     0
91.80    90.8727     0
92.00    90.2687     0
92.20    89.6646     0
92.40    89.0605     0
92.60    88.4563     0
92.80    87.8521     0
93.00    87.2480     0
93.20    86.6441     0
93.40    86.0404     0
93.60    85.4369     0
93.80    84.8337     0
94.00    84.2309     0
94.20    83.6284     0
94.40    83.0265     0
94.60    82.4250     0
94.80    81.8240     0
95.00    81.2237     0
95.20    80.6240     0
95.40    80.0250     0
95.60    79.4267     0
95.80    78.8292     0
96.00    78.2325     0
96.20    77.6368     0
96.40    77.0419     0
96.60    76.4480     0
96.80    75.8550     0
97.00    75.2632     0
97.20    74.6723     0
97.40    74.0827     0
97.60    73.4941     0
97.80    72.9068     0
98.00    72.3207     0
98.20    71.7359     0
98.40    71.1524     0
98.60    70.5702     0
98.80    69.9894     0
99.00    69.4100     0
99.20    68.8321     0
99.40    68.2557     0
99.60    67.6808     0
99.80    67.1075     0
100.00    66.5357     0
100.20    65.9656     0
100.40    65.3971     0
100.60    64.8303     0
100.80    64.2652     0
101.00    63.7018     0
101.20    63.1402     0
101.40    62.5804     0
101.60    62.0224     0
101.80    61.4663     0
102.00    60.9120     0
102.20    60.3597     0
102.40    59.8092     0
102.60    59.2608     0
102.80    58.7143     0
103.00    58.1698     0
103.20    57.6273     0
103.40    57.0868     0
103.60    56.5485     0
103.80    56.0122     0
104.00    55.4780     0
104.20    54.9460     0
104.40    54.4161     0
104.60    53.8884     0
104.80    53.3629     0
105.00    52.8396     0
105.20    52.3186     0
105.40    51.7998     0
105.60    51.2832     0
105.80    50.7690     0
106.00    50.2570     0
106.20    49.7474     0
106.40    49.2401     0
106.60    48.7351     0
106.80    48.2325     0
107.00    47.7323     0
107.20    47.2345     0
107.40    46.7391     0
107.60    46.2461     0
107.80    45.7556     0
108.00    45.2675     0
108.20    44.7818     0
108.40    44.2987     0
108.60    43.8180     0
108.80    43.3398     0
109.00    42.8641     0
109.20    42.3910     0
109.40    41.9203     0
109.60    41.4522     0
109.80    40.9867     0
110.00    40.5237     0
110.20    40.0633     0
110.40    39.6054     0
110.60    39.1501     0
110.80    38.6974     0
111.00    38.2473     0
111.20    37.7998     0
111.40    37.3549     0
111.60    36.9127     0
111.80    36.4730     0
112.00    36.0360     0
112.20    35.6016     0
112.40    35.1698     0
112.60    34.7407     0
112.80    34.3142     0
113.00    33.8904     0
113.20    33.4692     0
113.40    33.0507     0
113.60    32.6348     0
113.80    32.2216     0
114.00    31.8111     0
114.20    31.4032     0
114.40    30.9980     0
114.60    30.5955     0
114.80    30.1957     0
115.00    29.7985     0
115.20    29.4040     0
115.40    29.0122     0
115.60    28.6231     0
115.80    28.2367     0
116.00    27.8529     0
116.20    27.4718     0
116.40    27.0934     0
116.60    26.7177     0
116.80    26.3447     0
117.00    25.9743     0
117.20    25.6066     0
117.40    25.2416     0
117.60    24.8792     0
117.80    24.5196     0
118.00    24.1625     0
118.20    23.8082     0
118.40    23.4565     0
118.60    23.1075     0
118.80    22.7611     0
119.00    22.4174     0
119.20    22.0763     0
119.40    21.7379     0
119.60    21.4022     0
119.80    21.0690     0
120.00    20.7385     0
120.20    20.4107     0
120.40    20.0854     0
120.60    19.7628     0
120.80    19.4428     0
121.00    19.1254     0
121.20    18.8106     0
121.40    18.4984     0
121.60    18.1889     0
121.80    17.8819     0
122.00    17.5775     0
122.20    17.2756     0
122.40    16.9764     0
122.60    16.6797     0
122.80    16.3855     0
123.00    16.0940     0
123.20    15.8049     0
123.40    15.5184     0
123.60    15.2345     0
123.80    14.9530     0
124.00    14.6741     0
124.20    14.3977     0
124.40    14.1238     0
124.60    13.8524     0
124.80    13.5835     0
125.00    13.3171     0
125.20    13.0531     0
125.40    12.7916     0
125.60    12.5326     0
125.80    12.2760     0
126.00    12.0218     0
126.20    11.7701     0
126.40    11.5208     0
126.60    11.2739     0
126.80    11.0294     0
127.00    10.7873     0
127.20    10.5476     0
127.40    10.3103     0
127.60    10.0753     0
127.80    9.8427     0
128.00    9.6124     0
128.20    9.3845     0
128.40    9.1589     0
128.60    8.9357     0
128.80    8.7147     0
129.00    8.4961     0
129.20    8.2797     0
129.40    8.0657     0
129.60    7.8539     0
129.80    7.6443     0
130.00    7.4370     0
130.20    7.2320     0
130.40    7.0292     0
130.60    6.8286     0
130.80    6.6302     0
131.00    6.4340     0
131.20    6.2400     0
131.40    6.0482     0
131.60    5.8586     0
131.80    5.6711     0
132.00    5.4858     0
132.20    5.3026     0
132.40    5.1215     0
132.60    4.9425     0
132.80    4.7657     0
133.00    4.5909     0
133.20    4.4182     0
133.40    4.2476     0
133.60    4.0791     0
133.80    3.9126     0
134.00    3.7481     0
134.20    3.5857     0
134.40    3.4253     0
134.60    3.2668     0
134.80    3.1104     0
135.00    2.9560     0
135.20    2.8035     0
135.40    2.6530     0
135.60    2.5044     0
135.80    2.3578     0
136.00    2.2131     0
136.20    2.0703     0
136.40    1.9295     0
136.60    1.7905     0
136.80    1.6534     0
137.00    1.5181     0
137.20    1.3847     0
137.40    1.2532     0
137.60    1.1235     0
137.80    0.9956     0
138.00    0.8695     0
138.20    0.7452     0
138.40    0.6227     0
138.60    0.5020     0
138.80    0.3831     0
139.00    0.2659     0
139.20    0.1504     0
139.40    0.0367     0
139.60    -0.0753     0
139.80    -0.1856     0
140.00    -0.2942     0
140.20    -0.4012     0
140.40    -0.5064     0
140.60    -0.6100     0
140.80    -0.7120     0
141.00    -0.8123     0
141.20    -0.9109     0
141.40    -1.0080     0
141.60    -1.1035     0
141.80    -1.1974     0
142.00    -1.2897     0
142.20    -1.3804     0
142.40    -1.4696     0
142.60    -1.5572     0
142.80    -1.6433     0
143.00    -1.7279     0
143.20    -1.8109     0
143.40    -1.8925     0
143.60    -1.9726     0
143.80    -2.0512     0
144.00    -2.1283     0
144.20    -2.2040     0
144.40    -2.2782     0
144.60    -2.3510     0
144.80    -2.4224     0
145.00    -2.4924     0
145.20    -2.5610     0
145.40    -2.6282     0
145.60    -2.6940     0
145.80    -2.7585     0
146.00    -2.8216     0
146.20    -2.8833     0
146.40    -2.9438     0
146.60    -3.0029     0
146.80    -3.0607     0
147.00    -3.1172     0
147.20    -3.1724     0
147.40    -3.2264     0
147.60    -3.2791     0
147.80    -3.3305     0
148.00    -3.3807     0
148.20    -3.4297     0
148.40    -3.4774     0
148.60    -3.5240     0
148.80    -3.5693     0
149.00    -3.6135     0
149.20    -3.6564     0
149.40    -3.6983     0
149.60    -3.7389     0
149.80    -3.7784     0
150.00    -3.8168     0
150.20    -3.8541     0
150.40    -3.8902     0
150.60    -3.9252     0
150.80    -3.9592     0
151.00    -3.9920     0
151.20    -4.0238     0
151.40    -4.0546     0
151.60    -4.0842     0
151.80    -4.1129     0
152.00    -4.1405     0
152.20    -4.1671     0
152.40    -4.1927     0
152.60    -4.2173     0
152.80    -4.2409     0
153.00    -4.2635     0
153.20    -4.2851     0
153.40    -4.3058     0
153.60    -4.3255     0
153.80    -4.3443     0
154.00    -4.3622     0
154.20    -4.3792     0
154.40    -4.3952     0
154.60    -4.4104     0
154.80    -4.4246     0
155.00    -4.4380     0
155.20    -4.4505     0
155.40    -4.4621     0
155.60    -4.4729     0
155.80    -4.4829     0
156.00    -4.4920     0
156.20    -4.5003     0
156.40    -4.5078     0
156.60    -4.5145     0
156.80    -4.5204     0
157.00    -4.5255     0
157.20    -4.5298     0
157.40    -4.5334     0
157.60    -4.5362     0
157.80    -4.5382     0
158.00    -4.5395     0
158.20    -4.5401     0
158.40    -4.5400     0
158.60    -4.5392     0
158.80    -4.5376     0
159.00    -4.5354     0
159.20    -4.5325     0
159.40    -4.5289     0
159.60    -4.5246     0
159.80    -4.5197     0
160.00    -4.5141     0
160.20    -4.5079     0
160.40    -4.5010     0
160.60    -4.4936     0
160.80    -4.4855     0
161.00    -4.4768     0
161.20    -4.4675     0
161.40    -4.4576     0
161.60    -4.4472     0
161.80    -4.4362     0
162.00    -4.4246     0
162.20    -4.4124     0
162.40    -4.3997     0
162.60    -4.3865     0
162.80    -4.3727     0
163.00    -4.3584     0
163.20    -4.3436     0
163.40    -4.3283     0
163.60    -4.3125     0
163.80    -4.2962     0
164.00    -4.2795     0
164.20    -4.2622     0
164.40    -4.2445     0
164.60    -4.2263     0
164.80    -4.2077     0
165.00    -4.1886     0
165.20    -4.1691     0
165.40    -4.1492     0
165.60    -4.1288     0
165.80    -4.1081     0
166.00    -4.0869     0
166.20    -4.0654     0
166.40    -4.0434     0
166.60    -4.0211     0
166.80    -3.9984     0
167.00    -3.9753     0
167.20    -3.9519     0
167.40    -3.9281     0
167.60    -3.9040     0
167.80    -3.8795     0
168.00    -3.8547     0
168.20    -3.8296     0
168.40    -3.8042     0
168.60    -3.7784     0
168.80    -3.7524     0
169.00    -3.7260     0
169.20    -3.6994     0
169.40    -3.6725     0
169.60    -3.6454     0
169.80    -3.6179     0
170.00    -3.5902     0
170.20    -3.5623     0
170.40    -3.5341     0
170.60    -3.5057     0
170.80    -3.4770     0
171.00    -3.4481     0
171.20    -3.4190     0
171.40    -3.3897     0
171.60    -3.3602     0
171.80    -3.3305     0
172.00    -3.3006     0
172.20    -3.2705     0
172.40    -3.2402     0
172.60    -3.2098     0
172.80    -3.1792     0
173.00    -3.1484     0
173.20    -3.1175     0
173.40    -3.0865     0
173.60    -3.0553     0
173.80    -3.0240     0
174.00    -2.9925     0
174.20    -2.9609     0
174.40    -2.9293     0
174.60    -2.8975     0
174.80    -2.8656     0
175.00    -2.8336     0
175.20    -2.8016     0
175.40    -2.7694     0
175.60    -2.7372     0
175.80    -2.7049     0
176.00    -2.6726     0
176.20    -2.6401     0
176.40    -2.6077     0
176.60    -2.5752     0
176.80    -2.5426     0
177.00    -2.5101     0
177.20    -2.4775     0
177.40    -2.4449     0
177.60    -2.4122     0
177.80    -2.3796     0
178.00    -2.3469     0
178.20    -2.3143     0
178.40    -2.2817     0
178.60    -2.2491     0
178.80    -2.2165     0
179.00    -2.1839     0
179.20    -2.1514     0
179.40    -2.1189     0
179.60    -2.0864     0
179.80    -2.0540     0
180.00    -2.0217     0
180.20    -1.9894     0
180.40    -1.9572     0
180.60    -1.9250     0
180.80    -1.8930     0
181.00    -1.8610     0
181.20    -1.8291     0
181.40    -1.7973     0
181.60    -1.7656     0
181.80    -1.7340     0
182.00    -1.7026     0
182.20    -1.6712     0
182.40    -1.6400     0
182.60    -1.6089     0
182.80    -1.5779     0
183.00    -1.5471     0
183.20    -1.5164     0
183.40    -1.4859     0
183.60    -1.4555     0
183.80    -1.4253     0
184.00    -1.3952     0
184.20    -1.3654     0
184.40    -1.3357     0
184.60    -1.3062     0
184.80    -1.2768     0
185.00    -1.2477     0
185.20    -1.2188     0
185.40    -1.1901     0
185.60    -1.1615     0
185.80    -1.1333     0
186.00    -1.1052     0
186.20    -1.0773     0
186.40    -1.0497     0
186.60    -1.0223     0
186.80    -0.9952     0
187.00    -0.9683     0
187.20    -0.9417     0
187.40    -0.9153     0
187.60    -0.8892     0
187.80    -0.8633     0
188.00    -0.8378     0
188.20    -0.8125     0
188.40    -0.7875     0
188.60    -0.7628     0
188.80    -0.7383     0
189.00    -0.7142     0
189.20    -0.6904     0
189.40    -0.6669     0
189.60    -0.6437     0
189.80    -0.6208     0
190.00    -0.5983     0
190.20    -0.5761     0
190.40    -0.5542     0
190.60    -0.5327     0
190.80    -0.5115     0
191.00    -0.4907     0
191.20    -0.4702     0
191.40    -0.4501     0
191.60    -0.4303     0
191.80    -0.4109     0
192.00    -0.3919     0
192.20    -0.3733     0
192.40    -0.3551     0
192.60    -0.3373     0
192.80    -0.3198     0
193.00    -0.3028     0
193.20    -0.2862     0
193.40    -0.2700     0
193.60    -0.2542     0
193.80    -0.2388     0
194.00    -0.2239     0
194.20    -0.2093     0
194.40    -0.1953     0
194.60    -0.1817     0
194.80    -0.1685     0
195.00    -0.1558     0
195.20    -0.1435     0
195.40    -0.1317     0
195.60    -0.1204     0
195.80    -0.1095     0
196.00    -0.0992     0
196.20    -0.0893     0
196.40    -0.0799     0
196.60    -0.0710     0
196.80    -0.0626     0
197.00    -0.0547     0
197.20    -0.0473     0
197.40    -0.0404     0
197.60    -0.0341     0
197.80    -0.0282     0
198.00    -0.0229     0
198.20    -0.0182     0
198.40    -0.0140     0
198.60    -0.0103     0
198.80    -0.0072     0
199.00    -0.0046     0
199.20    -0.0026     0
199.40    -0.0012     0
199.60    -0.0003     0
199.80    0.0000     0
200.00    -0.0003     0