>Flexi¢n modelo CC.   Tiempo: 0.00 My.
>x(Km)	   -w(m)     h(m)      dg(mgal)
0.00    -4136.0688     0
0.20    -4108.1167     0
0.40    -4080.1646     0
0.60    -4052.2148     0
0.80    -4024.2705     0
1.00    -3996.3335     0
1.20    -3968.4065     0
1.40    -3940.4915     0
1.60    -3912.5911     0
1.80    -3884.7078     0
2.00    -3856.8440     0
2.20    -3829.0020     0
2.40    -3801.1838     0
2.60    -3773.3916     0
2.80    -3745.6277     0
3.00    -3717.8948     0
3.20    -3690.1951     0
3.40    -3662.5305     0
3.60    -3634.9026     0
3.80    -3607.3140     0
4.00    -3579.7661     0
4.20    -3552.2612     0
4.40    -3524.8010     0
4.60    -3497.3875     0
4.80    -3470.0229     0
5.00    -3442.7095     0
5.20    -3415.4487     0
5.40    -3388.2422     0
5.60    -3361.0920     0
5.80    -3333.9995     0
6.00    -3306.9668     0
6.20    -3279.9958     0
6.40    -3253.0881     0
6.60    -3226.2451     0
6.80    -3199.4678     0
7.00    -3172.7581     0
7.20    -3146.1177     0
7.40    -3119.5479     0
7.60    -3093.0505     0
7.80    -3066.6270     0
8.00    -3040.2786     0
8.20    -3014.0066     0
8.40    -2987.8125     0
8.60    -2961.6978     0
8.80    -2935.6636     0
9.00    -2909.7114     0
9.20    -2883.8425     0
9.40    -2858.0581     0
9.60    -2832.3594     0
9.80    -2806.7473     0
10.00    -2781.2231     0
10.20    -2755.7883     0
10.40    -2730.4438     0
10.60    -2705.1907     0
10.80    -2680.0298     0
11.00    -2654.9624     0
11.20    -2629.9895     0
11.40    -2605.1123     0
11.60    -2580.3318     0
11.80    -2555.6489     0
12.00    -2531.0647     0
12.20    -2506.5801     0
12.40    -2482.1958     0
12.60    -2457.9128     0
12.80    -2433.7319     0
13.00    -2409.6541     0
13.20    -2385.6799     0
13.40    -2361.8103     0
13.60    -2338.0461     0
13.80    -2314.3879     0
14.00    -2290.8367     0
14.20    -2267.3931     0
14.40    -2244.0579     0
14.60    -2220.8315     0
14.80    -2197.7148     0
15.00    -2174.7085     0
15.20    -2151.8130     0
15.40    -2129.0291     0
15.60    -2106.3574     0
15.80    -2083.7983     0
16.00    -2061.3523     0
16.20    -2039.0200     0
16.40    -2016.8021     0
16.60    -1994.6991     0
16.80    -1972.7113     0
17.00    -1950.8391     0
17.20    -1929.0831     0
17.40    -1907.4437     0
17.60    -1885.9211     0
17.80    -1864.5162     0
18.00    -1843.2290     0
18.20    -1822.0602     0
18.40    -1801.0099     0
18.60    -1780.0784     0
18.80    -1759.2659     0
19.00    -1738.5730     0
19.20    -1717.9999     0
19.40    -1697.5469     0
19.60    -1677.2144     0
19.80    -1657.0026     0
20.00    -1636.9115     0
20.20    -1616.9413     0
20.40    -1597.0923     0
20.60    -1577.3647     0
20.80    -1557.7587     0
21.00    -1538.2744     0
21.20    -1518.9120     0
21.40    -1499.6716     0
21.60    -1480.5535     0
21.80    -1461.5576     0
22.00    -1442.6841     0
22.20    -1423.9330     0
22.40    -1405.3043     0
22.60    -1386.7982     0
22.80    -1368.4147     0
23.00    -1350.1537     0
23.20    -1332.0154     0
23.40    -1313.9998     0
23.60    -1296.1069     0
23.80    -1278.3367     0
24.00    -1260.6890     0
24.20    -1243.1639     0
24.40    -1225.7614     0
24.60    -1208.4813     0
24.80    -1191.3239     0
25.00    -1174.2887     0
25.20    -1157.3757     0
25.40    -1140.5850     0
25.60    -1123.9163     0
25.80    -1107.3695     0
26.00    -1090.9446     0
26.20    -1074.6414     0
26.40    -1058.4596     0
26.60    -1042.3992     0
26.80    -1026.4600     0
27.00    -1010.6417     0
27.20    -994.9443     0
27.40    -979.3677     0
27.60    -963.9114     0
27.80    -948.5756     0
28.00    -933.3596     0
28.20    -918.2635     0
28.40    -903.2870     0
28.60    -888.4299     0
28.80    -873.6919     0
29.00    -859.0728     0
29.20    -844.5722     0
29.40    -830.1899     0
29.60    -815.9258     0
29.80    -801.7794     0
30.00    -787.7505     0
30.20    -773.8387     0
30.40    -760.0438     0
30.60    -746.3654     0
30.80    -732.8033     0
31.00    -719.3571     0
31.20    -706.0266     0
31.40    -692.8113     0
31.60    -679.7109     0
31.80    -666.7252     0
32.00    -653.8536     0
32.20    -641.0958     0
32.40    -628.4516     0
32.60    -615.9204     0
32.80    -603.5020     0
33.00    -591.1959     0
33.20    -579.0018     0
33.40    -566.9193     0
33.60    -554.9479     0
33.80    -543.0873     0
34.00    -531.3371     0
34.20    -519.6968     0
34.40    -508.1662     0
34.60    -496.7447     0
34.80    -485.4319     0
35.00    -474.2274     0
35.20    -463.1306     0
35.40    -452.1414     0
35.60    -441.2591     0
35.80    -430.4833     0
36.00    -419.8136     0
36.20    -409.2496     0
36.40    -398.7907     0
36.60    -388.4366     0
36.80    -378.1867     0
37.00    -368.0406     0
37.20    -357.9978     0
37.40    -348.0579     0
37.60    -338.2203     0
37.80    -328.4846     0
38.00    -318.8503     0
38.20    -309.3169     0
38.40    -299.8839     0
38.60    -290.5509     0
38.80    -281.3173     0
39.00    -272.1826     0
39.20    -263.1464     0
39.40    -254.2081     0
39.60    -245.3672     0
39.80    -236.6233     0
40.00    -227.9758     0
40.20    -219.4243     0
40.40    -210.9681     0
40.60    -202.6069     0
40.80    -194.3400     0
41.00    -186.1671     0
41.20    -178.0875     0
41.40    -170.1007     0
41.60    -162.2063     0
41.80    -154.4037     0
42.00    -146.6924     0
42.20    -139.0718     0
42.40    -131.5415     0
42.60    -124.1008     0
42.80    -116.7494     0
43.00    -109.4866     0
43.20    -102.3119     0
43.40    -95.2247     0
43.60    -88.2247     0
43.80    -81.3111     0
44.00    -74.4835     0
44.20    -67.7414     0
44.40    -61.0842     0
44.60    -54.5114     0
44.80    -48.0224     0
45.00    -41.6168     0
45.20    -35.2939     0
45.40    -29.0532     0
45.60    -22.8943     0
45.80    -16.8165     0
46.00    -10.8193     0
46.20    -4.9023     0
46.40    0.9353     0
46.60    6.6938     0
46.80    12.3738     0
47.00    17.9759     0
47.20    23.5007     0
47.40    28.9485     0
47.60    34.3201     0
47.80    39.6158     0
48.00    44.8363     0
48.20    49.9821     0
48.40    55.0538     0
48.60    60.0518     0
48.80    64.9767     0
49.00    69.8290     0
49.20    74.6093     0
49.40    79.3181     0
49.60    83.9560     0
49.80    88.5234     0
50.00    93.0209     0
50.20    97.4491     0
50.40    101.8083     0
50.60    106.0993     0
50.80    110.3225     0
51.00    114.4784     0
51.20    118.5676     0
51.40    122.5906     0
51.60    126.5479     0
51.80    130.4401     0
52.00    134.2676     0
52.20    138.0310     0
52.40    141.7309     0
52.60    145.3676     0
52.80    148.9418     0
53.00    152.4540     0
53.20    155.9047     0
53.40    159.2943     0
53.60    162.6235     0
53.80    165.8927     0
54.00    169.1024     0
54.20    172.2532     0
54.40    175.3455     0
54.60    178.3799     0
54.80    181.3568     0
55.00    184.2768     0
55.20    187.1404     0
55.40    189.9480     0
55.60    192.7002     0
55.80    195.3974     0
56.00    198.0402     0
56.20    200.6290     0
56.40    203.1644     0
56.60    205.6467     0
56.80    208.0766     0
57.00    210.4545     0
57.20    212.7809     0
57.40    215.0562     0
57.60    217.2810     0
57.80    219.4557     0
58.00    221.5809     0
58.20    223.6569     0
58.40    225.6842     0
58.60    227.6634     0
58.80    229.5948     0
59.00    231.4789     0
59.20    233.3163     0
59.40    235.1073     0
59.60    236.8525     0
59.80    238.5522     0
60.00    240.2070     0
60.20    241.8173     0
60.40    243.3835     0
60.60    244.9062     0
60.80    246.3857     0
61.00    247.8226     0
61.20    249.2172     0
61.40    250.5700     0
61.60    251.8814     0
61.80    253.1519     0
62.00    254.3819     0
62.20    255.5719     0
62.40    256.7222     0
62.60    257.8334     0
62.80    258.9058     0
63.00    259.9398     0
63.20    260.9360     0
63.40    261.8947     0
63.60    262.8163     0
63.80    263.7012     0
64.00    264.5498     0
64.20    265.3626     0
64.40    266.1400     0
64.60    266.8823     0
64.80    267.5901     0
65.00    268.2636     0
65.20    268.9033     0
65.40    269.5096     0
65.60    270.0829     0
65.80    270.6237     0
66.00    271.1321     0
66.20    271.6088     0
66.40    272.0539     0
66.60    272.4680     0
66.80    272.8514     0
67.00    273.2046     0
67.20    273.5277     0
67.40    273.8214     0
67.60    274.0858     0
67.80    274.3215     0
68.00    274.5287     0
68.20    274.7079     0
68.40    274.8593     0
68.60    274.9834     0
68.80    275.0804     0
69.00    275.1509     0
69.20    275.1950     0
69.40    275.2132     0
69.60    275.2058     0
69.80    275.1731     0
70.00    275.1156     0
70.20    275.0334     0
70.40    274.9271     0
70.60    274.7968     0
70.80    274.6430     0
71.00    274.4660     0
71.20    274.2661     0
71.40    274.0436     0
71.60    273.7989     0
71.80    273.5323     0
72.00    273.2441     0
72.20    272.9347     0
72.40    272.6043     0
72.60    272.2534     0
72.80    271.8821     0
73.00    271.4908     0
73.20    271.0798     0
73.40    270.6494     0
73.60    270.1998     0
73.80    269.7315     0
74.00    269.2446     0
74.20    268.7396     0
74.40    268.2166     0
74.60    267.6760     0
74.80    267.1180     0
75.00    266.5430     0
75.20    265.9512     0
75.40    265.3430     0
75.60    264.7185     0
75.80    264.0781     0
76.00    263.4220     0
76.20    262.7505     0
76.40    262.0639     0
76.60    261.3625     0
76.80    260.6464     0
77.00    259.9160     0
77.20    259.1716     0
77.40    258.4133     0
77.60    257.6416     0
77.80    256.8565     0
78.00    256.0584     0
78.20    255.2476     0
78.40    254.4241     0
78.60    253.5885     0
78.80    252.7407     0
79.00    251.8812     0
79.20    251.0100     0
79.40    250.1275     0
79.60    249.2339     0
79.80    248.3295     0
80.00    247.4144     0
80.20    246.4888     0
80.40    245.5532     0
80.60    244.6075     0
80.80    243.6522     0
81.00    242.6873     0
81.20    241.7132     0
81.40    240.7299     0
81.60    239.7378     0
81.80    238.7370     0
82.00    237.7278     0
82.20    236.7104     0
82.40    235.6848     0
82.60    234.6515     0
82.80    233.6105     0
83.00    232.5621     0
83.20    231.5065     0
83.40    230.4438     0
83.60    229.3742     0
83.80    228.2979     0
84.00    227.2152     0
84.20    226.1261     0
84.40    225.0310     0
84.60    223.9300     0
84.80    222.8232     0
85.00    221.7109     0
85.20    220.5932     0
85.40    219.4703     0
85.60    218.3424     0
85.80    217.2096     0
86.00    216.0721     0
86.20    214.9301     0
86.40    213.7838     0
86.60    212.6332     0
86.80    211.4786     0
87.00    210.3201     0
87.20    209.1579     0
87.40    207.9922     0
87.60    206.8231     0
87.80    205.6507     0
88.00    204.4753     0
88.20    203.2969     0
88.40    202.1157     0
88.60    200.9318     0
88.80    199.7455     0
89.00    198.5569     0
89.20    197.3660     0
89.40    196.1731     0
89.60    194.9783     0
89.80    193.7817     0
90.00    192.5834     0
90.20    191.3836     0
90.40    190.1824     0
90.60    188.9799     0
90.80    187.7762     0
91.00    186.5716     0
91.20    185.3660     0
91.40    184.1597     0
91.60    182.9528     0
91.80    181.7453     0
92.00    180.5374     0
92.20    179.3293     0
92.40    178.1209     0
92.60    176.9126     0
92.80    175.7042     0
93.00    174.4961     0
93.20    173.2882     0
93.40    172.0808     0
93.60    170.8738     0
93.80    169.6674     0
94.00    168.4618     0
94.20    167.2569     0
94.40    166.0529     0
94.60    164.8499     0
94.80    163.6481     0
95.00    162.4474     0
95.20    161.2480     0
95.40    160.0499     0
95.60    158.8534     0
95.80    157.6584     0
96.00    156.4651     0
96.20    155.2735     0
96.40    154.0838     0
96.60    152.8959     0
96.80    151.7101     0
97.00    150.5263     0
97.20    149.3447     0
97.40    148.1653     0
97.60    146.9883     0
97.80    145.8136     0
98.00    144.6414     0
98.20    143.4717     0
98.40    142.3047     0
98.60    141.1404     0
98.80    139.9788     0
99.00    138.8201     0
99.20    137.6642     0
99.40    136.5114     0
99.60    135.3616     0
99.80    134.2149     0
100.00    133.0714     0
100.20    131.9311     0
100.40    130.7942     0
100.60    129.6605     0
100.80    128.5303     0
101.00    127.4036     0
101.20    126.2804     0
101.40    125.1608     0
101.60    124.0448     0
101.80    122.9326     0
102.00    121.8241     0
102.20    120.7193     0
102.40    119.6185     0
102.60    118.5215     0
102.80    117.4285     0
103.00    116.3395     0
103.20    115.2545     0
103.40    114.1737     0
103.60    113.0969     0
103.80    112.0244     0
104.00    110.9561     0
104.20    109.8920     0
104.40    108.8323     0
104.60    107.7769     0
104.80    106.7259     0
105.00    105.6793     0
105.20    104.6372     0
105.40    103.5996     0
105.60    102.5665     0
105.80    101.5380     0
106.00    100.5141     0
106.20    99.4948     0
106.40    98.4802     0
106.60    97.4702     0
106.80    96.4651     0
107.00    95.4646     0
107.20    94.4690     0
107.40    93.4782     0
107.60    92.4922     0
107.80    91.5111     0
108.00    90.5349     0
108.20    89.5637     0
108.40    88.5973     0
108.60    87.6360     0
108.80    86.6796     0
109.00    85.7283     0
109.20    84.7819     0
109.40    83.8407     0
109.60    82.9045     0
109.80    81.9734     0
110.00    81.0474     0
110.20    80.1266     0
110.40    79.2108     0
110.60    78.3003     0
110.80    77.3949     0
111.00    76.4947     0
111.20    75.5997     0
111.40    74.7099     0
111.60    73.8253     0
111.80    72.9460     0
112.00    72.0719     0
112.20    71.2031     0
112.40    70.3396     0
112.60    69.4813     0
112.80    68.6284     0
113.00    67.7807     0
113.20    66.9384     0
113.40    66.1013     0
113.60    65.2696     0
113.80    64.4432     0
114.00    63.6222     0
114.20    62.8064     0
114.40    61.9961     0
114.60    61.1910     0
114.80    60.3914     0
115.00    59.5970     0
115.20    58.8081     0
115.40    58.0245     0
115.60    57.2462     0
115.80    56.4734     0
116.00    55.7058     0
116.20    54.9437     0
116.40    54.1869     0
116.60    53.4354     0
116.80    52.6894     0
117.00    51.9486     0
117.20    51.2132     0
117.40    50.4832     0
117.60    49.7585     0
117.80    49.0391     0
118.00    48.3251     0
118.20    47.6164     0
118.40    46.9130     0
118.60    46.2150     0
118.80    45.5222     0
119.00    44.8348     0
119.20    44.1527     0
119.40    43.4759     0
119.60    42.8043     0
119.80    42.1381     0
120.00    41.4771     0
120.20    40.8213     0
120.40    40.1708     0
120.60    39.5256     0
120.80    38.8856     0
121.00    38.2508     0
121.20    37.6213     0
121.40    36.9969     0
121.60    36.3777     0
121.80    35.7637     0
122.00    35.1549     0
122.20    34.5512     0
122.40    33.9527     0
122.60    33.3593     0
122.80    32.7711     0
123.00    32.1879     0
123.20    31.6098     0
123.40    31.0369     0
123.60    30.4690     0
123.80    29.9061     0
124.00    29.3483     0
124.20    28.7955     0
124.40    28.2477     0
124.60    27.7049     0
124.80    27.1670     0
125.00    26.6341     0
125.20    26.1062     0
125.40    25.5832     0
125.60    25.0651     0
125.80    24.5519     0
126.00    24.0436     0
126.20    23.5401     0
126.40    23.0415     0
126.60    22.5477     0
126.80    22.0588     0
127.00    21.5746     0
127.20    21.0952     0
127.40    20.6205     0
127.60    20.1506     0
127.80    19.6854     0
128.00    19.2249     0
128.20    18.7691     0
128.40    18.3179     0
128.60    17.8714     0
128.80    17.4295     0
129.00    16.9922     0
129.20    16.5595     0
129.40    16.1313     0
129.60    15.7077     0
129.80    15.2886     0
130.00    14.8741     0
130.20    14.4640     0
130.40    14.0584     0
130.60    13.6572     0
130.80    13.2604     0
131.00    12.8681     0
131.20    12.4801     0
131.40    12.0964     0
131.60    11.7172     0
131.80    11.3422     0
132.00    10.9715     0
132.20    10.6051     0
132.40    10.2430     0
132.60    9.8851     0
132.80    9.5313     0
133.00    9.1818     0
133.20    8.8365     0
133.40    8.4952     0
133.60    8.1581     0
133.80    7.8251     0
134.00    7.4962     0
134.20    7.1714     0
134.40    6.8505     0
134.60    6.5337     0
134.80    6.2208     0
135.00    5.9120     0
135.20    5.6070     0
135.40    5.3060     0
135.60    5.0089     0
135.80    4.7156     0
136.00    4.4262     0
136.20    4.1407     0
136.40    3.8589     0
136.60    3.5809     0
136.80    3.3067     0
137.00    3.0362     0
137.20    2.7694     0
137.40    2.5064     0
137.60    2.2469     0
137.80    1.9912     0
138.00    1.7390     0
138.20    1.4904     0
138.40    1.2455     0
138.60    1.0040     0
138.80    0.7661     0
139.00    0.5317     0
139.20    0.3008     0
139.40    0.0734     0
139.60    -0.1507     0
139.80    -0.3713     0
140.00    -0.5885     0
140.20    -0.8023     0
140.40    -1.0128     0
140.60    -1.2200     0
140.80    -1.4239     0
141.00    -1.6245     0
141.20    -1.8219     0
141.40    -2.0160     0
141.60    -2.2070     0
141.80    -2.3947     0
142.00    -2.5793     0
142.20    -2.7608     0
142.40    -2.9391     0
142.60    -3.1144     0
142.80    -3.2866     0
143.00    -3.4557     0
143.20    -3.6218     0
143.40    -3.7850     0
143.60    -3.9451     0
143.80    -4.1023     0
144.00    -4.2566     0
144.20    -4.4079     0
144.40    -4.5564     0
144.60    -4.7020     0
144.80    -4.8448     0
145.00    -4.9848     0
145.20    -5.1219     0
145.40    -5.2563     0
145.60    -5.3880     0
145.80    -5.5169     0
146.00    -5.6431     0
146.20    -5.7667     0
146.40    -5.8875     0
146.60    -6.0058     0
146.80    -6.1214     0
147.00    -6.2344     0
147.20    -6.3449     0
147.40    -6.4528     0
147.60    -6.5582     0
147.80    -6.6611     0
148.00    -6.7615     0
148.20    -6.8594     0
148.40    -6.9549     0
148.60    -7.0480     0
148.80    -7.1386     0
149.00    -7.2269     0
149.20    -7.3129     0
149.40    -7.3965     0
149.60    -7.4778     0
149.80    -7.5568     0
150.00    -7.6336     0
150.20    -7.7081     0
150.40    -7.7804     0
150.60    -7.8505     0
150.80    -7.9183     0
151.00    -7.9841     0
151.20    -8.0477     0
151.40    -8.1091     0
151.60    -8.1685     0
151.80    -8.2258     0
152.00    -8.2810     0
152.20    -8.3342     0
152.40    -8.3853     0
152.60    -8.4345     0
152.80    -8.4817     0
153.00    -8.5269     0
153.20    -8.5702     0
153.40    -8.6116     0
153.60    -8.6511     0
153.80    -8.6887     0
154.00    -8.7244     0
154.20    -8.7584     0
154.40    -8.7904     0
154.60    -8.8207     0
154.80    -8.8492     0
155.00    -8.8760     0
155.20    -8.9010     0
155.40    -8.9243     0
155.60    -8.9459     0
155.80    -8.9658     0
156.00    -8.9840     0
156.20    -9.0006     0
156.40    -9.0156     0
156.60    -9.0290     0
156.80    -9.0407     0
157.00    -9.0510     0
157.20    -9.0596     0
157.40    -9.0667     0
157.60    -9.0723     0
157.80    -9.0765     0
158.00    -9.0791     0
158.20    -9.0803     0
158.40    -9.0800     0
158.60    -9.0783     0
158.80    -9.0752     0
159.00    -9.0708     0
159.20    -9.0649     0
159.40    -9.0577     0
159.60    -9.0492     0
159.80    -9.0393     0
160.00    -9.0282     0
160.20    -9.0158     0
160.40    -9.0021     0
160.60    -8.9871     0
160.80    -8.9710     0
161.00    -8.9536     0
161.20    -8.9350     0
161.40    -8.9153     0
161.60    -8.8944     0
161.80    -8.8723     0
162.00    -8.8491     0
162.20    -8.8248     0
162.40    -8.7994     0
162.60    -8.7730     0
162.80    -8.7455     0
163.00    -8.7169     0
163.20    -8.6873     0
163.40    -8.6567     0
163.60    -8.6251     0
163.80    -8.5925     0
164.00    -8.5589     0
164.20    -8.5244     0
164.40    -8.4890     0
164.60    -8.4526     0
164.80    -8.4154     0
165.00    -8.3773     0
165.20    -8.3383     0
165.40    -8.2984     0
165.60    -8.2577     0
165.80    -8.2162     0
166.00    -8.1738     0
166.20    -8.1307     0
166.40    -8.0868     0
166.60    -8.0422     0
166.80    -7.9967     0
167.00    -7.9506     0
167.20    -7.9037     0
167.40    -7.8562     0
167.60    -7.8079     0
167.80    -7.7590     0
168.00    -7.7094     0
168.20    -7.6592     0
168.40    -7.6083     0
168.60    -7.5568     0
168.80    -7.5048     0
169.00    -7.4521     0
169.20    -7.3988     0
169.40    -7.3450     0
169.60    -7.2907     0
169.80    -7.2358     0
170.00    -7.1804     0
170.20    -7.1245     0
170.40    -7.0682     0
170.60    -7.0113     0
170.80    -6.9540     0
171.00    -6.8962     0
171.20    -6.8380     0
171.40    -6.7794     0
171.60    -6.7204     0
171.80    -6.6609     0
172.00    -6.6011     0
172.20    -6.5410     0
172.40    -6.4804     0
172.60    -6.4196     0
172.80    -6.3584     0
173.00    -6.2968     0
173.20    -6.2350     0
173.40    -6.1729     0
173.60    -6.1106     0
173.80    -6.0479     0
174.00    -5.9850     0
174.20    -5.9219     0
174.40    -5.8585     0
174.60    -5.7950     0
174.80    -5.7312     0
175.00    -5.6673     0
175.20    -5.6031     0
175.40    -5.5388     0
175.60    -5.4744     0
175.80    -5.4098     0
176.00    -5.3451     0
176.20    -5.2803     0
176.40    -5.2154     0
176.60    -5.1504     0
176.80    -5.0853     0
177.00    -5.0201     0
177.20    -4.9550     0
177.40    -4.8897     0
177.60    -4.8244     0
177.80    -4.7592     0
178.00    -4.6939     0
178.20    -4.6286     0
178.40    -4.5633     0
178.60    -4.4981     0
178.80    -4.4329     0
179.00    -4.3678     0
179.20    -4.3027     0
179.40    -4.2377     0
179.60    -4.1728     0
179.80    -4.1080     0
180.00    -4.0433     0
180.20    -3.9788     0
180.40    -3.9143     0
180.60    -3.8501     0
180.80    -3.7859     0
181.00    -3.7220     0
181.20    -3.6582     0
181.40    -3.5946     0
181.60    -3.5312     0
181.80    -3.4681     0
182.00    -3.4051     0
182.20    -3.3424     0
182.40    -3.2799     0
182.60    -3.2177     0
182.80    -3.1558     0
183.00    -3.0941     0
183.20    -3.0328     0
183.40    -2.9717     0
183.60    -2.9110     0
183.80    -2.8505     0
184.00    -2.7905     0
184.20    -2.7307     0
184.40    -2.6713     0
184.60    -2.6123     0
184.80    -2.5537     0
185.00    -2.4954     0
185.20    -2.4376     0
185.40    -2.3801     0
185.60    -2.3231     0
185.80    -2.2665     0
186.00    -2.2104     0
186.20    -2.1547     0
186.40    -2.0994     0
186.60    -2.0447     0
186.80    -1.9904     0
187.00    -1.9366     0
187.20    -1.8834     0
187.40    -1.8306     0
187.60    -1.7784     0
187.80    -1.7267     0
188.00    -1.6756     0
188.20    -1.6250     0
188.40    -1.5750     0
188.60    -1.5255     0
188.80    -1.4767     0
189.00    -1.4284     0
189.20    -1.3808     0
189.40    -1.3338     0
189.60    -1.2874     0
189.80    -1.2417     0
190.00    -1.1966     0
190.20    -1.1522     0
190.40    -1.1084     0
190.60    -1.0654     0
190.80    -1.0230     0
191.00    -0.9813     0
191.20    -0.9404     0
191.40    -0.9001     0
191.60    -0.8606     0
191.80    -0.8219     0
192.00    -0.7839     0
192.20    -0.7466     0
192.40    -0.7102     0
192.60    -0.6745     0
192.80    -0.6397     0
193.00    -0.6056     0
193.20    -0.5723     0
193.40    -0.5399     0
193.60    -0.5083     0
193.80    -0.4776     0
194.00    -0.4477     0
194.20    -0.4187     0
194.40    -0.3906     0
194.60    -0.3633     0
194.80    -0.3370     0
195.00    -0.3115     0
195.20    -0.2870     0
195.40    -0.2634     0
195.60    -0.2408     0
195.80    -0.2191     0
196.00    -0.1983     0
196.20    -0.1785     0
196.40    -0.1597     0
196.60    -0.1419     0
196.80    -0.1251     0
197.00    -0.1093     0
197.20    -0.0946     0
197.40    -0.0808     0
197.60    -0.0681     0
197.80    -0.0565     0
198.00    -0.0459     0
198.20    -0.0364     0
198.40    -0.0279     0
198.60    -0.0206     0
198.80    -0.0143     0
199.00    -0.0092     0
199.20    -0.0052     0
199.40    -0.0023     0
199.60    -0.0006     0
199.80    0.0000     0
200.00    -0.0006     0