#Time: 0.00Ma	 	#Time: 0.00Ma
> x(Km)	-w(m)	h(m)	# -w(m)	h(m)
 0.00	 -0.00	 0.0	 0.52	 0.5
 2.00	 -0.00	 0.0	 0.42	 0.4
 4.00	 -0.00	 0.0	 0.32	 0.3
 6.00	 -0.00	 0.0	 0.22	 0.2
 8.00	 -0.00	 0.0	 0.12	 0.1
 10.00	 -0.00	 0.0	 0.02	 0.0
 12.00	 -0.00	 0.0	 -0.08	 -0.0
 14.00	 -0.00	 0.0	 -0.18	 -0.2
 16.00	 -0.00	 0.0	 -0.28	 -0.3
 18.00	 -0.00	 0.0	 -0.38	 -0.4
 20.00	 -0.00	 0.0	 -0.48	 -0.5
 22.00	 -0.00	 0.0	 -0.58	 -0.6
 24.00	 -0.00	 0.0	 -0.69	 -0.7
 26.00	 -0.00	 0.0	 -0.79	 -0.8
 28.00	 -0.00	 0.0	 -0.89	 -0.9
 30.00	 -0.00	 0.0	 -0.99	 -1.0
 32.00	 -0.00	 0.0	 -1.09	 -1.1
 34.00	 -0.00	 0.0	 -1.19	 -1.2
 36.00	 -0.00	 0.0	 -1.29	 -1.3
 38.00	 -0.00	 0.0	 -1.39	 -1.4
 40.00	 -0.00	 0.0	 -1.48	 -1.5
 42.00	 -0.00	 0.0	 -1.57	 -1.6
 44.00	 -0.00	 0.0	 -1.66	 -1.7
 46.00	 -0.00	 0.0	 -1.74	 -1.7
 48.00	 -0.00	 0.0	 -1.81	 -1.8
 50.00	 -0.00	 0.0	 -1.87	 -1.9
 52.00	 -0.00	 0.0	 -1.93	 -1.9
 54.00	 -0.00	 0.0	 -1.97	 -2.0
 56.00	 -0.00	 0.0	 -2.01	 -2.0
 58.00	 -0.00	 0.0	 -2.02	 -2.0
 60.00	 -0.00	 0.0	 -2.02	 -2.0
 62.00	 -0.00	 0.0	 -2.00	 -2.0
 64.00	 -0.00	 0.0	 -1.96	 -2.0
 66.00	 -0.00	 0.0	 -1.89	 -1.9
 68.00	 -0.00	 0.0	 -1.80	 -1.8
 70.00	 -0.00	 0.0	 -1.68	 -1.7
 72.00	 -0.00	 0.0	 -1.52	 -1.5
 74.00	 -0.00	 0.0	 -1.32	 -1.3
 76.00	 -0.00	 0.0	 -1.09	 -1.1
 78.00	 -0.00	 0.0	 -0.81	 -0.8
 80.00	 -0.00	 0.0	 -0.49	 -0.5
 82.00	 -0.00	 0.0	 -0.11	 -0.1
 84.00	 -0.00	 0.0	 0.32	 0.3
 86.00	 -0.00	 0.0	 0.80	 0.8
 88.00	 -0.00	 0.0	 1.35	 1.4
 90.00	 -0.00	 0.0	 1.97	 2.0
 92.00	 -0.00	 0.0	 2.65	 2.7
 94.00	 -0.00	 0.0	 3.41	 3.4
 96.00	 -0.00	 0.0	 4.24	 4.2
 98.00	 -0.00	 0.0	 5.15	 5.1
 100.00	 -0.00	 0.0	 6.14	 6.1
 102.00	 -0.00	 0.0	 7.21	 7.2
 104.00	 -0.00	 0.0	 8.36	 8.4
 106.00	 -0.00	 0.0	 9.61	 9.6
 108.00	 -0.00	 0.0	 10.93	 10.9
 110.00	 -0.00	 0.0	 12.34	 12.3
 112.00	 -0.00	 0.0	 13.84	 13.8
 114.00	 -0.00	 0.0	 15.41	 15.4
 116.00	 -0.00	 0.0	 17.07	 17.1
 118.00	 -0.00	 0.0	 18.79	 18.8
 120.00	 -0.00	 0.0	 20.58	 20.6
 122.00	 -0.00	 0.0	 22.43	 22.4
 124.00	 -0.00	 0.0	 24.33	 24.3
 126.00	 -0.00	 0.0	 26.26	 26.3
 128.00	 -0.00	 0.0	 28.22	 28.2
 130.00	 -0.00	 0.0	 30.18	 30.2
 132.00	 -0.00	 0.0	 32.13	 32.1
 134.00	 -0.00	 0.0	 34.05	 34.1
 136.00	 -0.00	 0.0	 35.92	 35.9
 138.00	 -0.00	 0.0	 37.71	 37.7
 140.00	 -0.00	 0.0	 39.39	 39.4
 142.00	 -0.00	 0.0	 40.92	 40.9
 144.00	 -0.00	 0.0	 42.28	 42.3
 146.00	 -0.00	 0.0	 43.42	 43.4
 148.00	 -0.00	 0.0	 44.30	 44.3
 150.00	 -0.00	 0.0	 44.88	 44.9
 152.00	 -0.00	 0.0	 45.11	 45.1
 154.00	 -0.00	 0.0	 44.92	 44.9
 156.00	 -0.00	 0.0	 44.27	 44.3
 158.00	 -0.00	 0.0	 43.10	 43.1
 160.00	 -0.00	 0.0	 41.33	 41.3
 162.00	 -0.00	 0.0	 38.91	 38.9
 164.00	 -0.00	 0.0	 35.75	 35.8
 166.00	 -0.00	 0.0	 31.79	 31.8
 168.00	 -0.00	 0.0	 26.95	 27.0
 170.00	 -0.00	 0.0	 21.14	 21.1
 172.00	 -0.00	 0.0	 14.29	 14.3
 174.00	 -0.00	 0.0	 6.30	 6.3
 176.00	 -0.00	 0.0	 -2.90	 -2.9
 178.00	 -0.00	 0.0	 -13.41	 -13.4
 180.00	 -0.00	 0.0	 -25.30	 -25.3
 182.00	 -0.00	 0.0	 -38.67	 -38.7
 184.00	 -0.00	 0.0	 -53.60	 -53.6
 186.00	 -0.00	 0.0	 -70.16	 -70.2
 188.00	 -0.00	 0.0	 -88.43	 -88.4
 190.00	 -0.00	 0.0	 -108.49	 -108.5
 192.00	 -0.00	 0.0	 -130.38	 -130.4
 194.00	 -0.00	 0.0	 -154.18	 -154.2
 196.00	 -0.00	 0.0	 -179.91	 -179.9
 198.00	 -0.00	 0.0	 -207.60	 -207.6
 200.00	 -0.00	 0.0	 -237.28	 -237.3
 202.00	 -0.00	 5.5	 -268.94	 -263.5
 204.00	 -0.00	 21.9	 -302.57	 -280.7
 206.00	 -0.00	 48.9	 -338.14	 -289.2
 208.00	 -0.00	 86.4	 -375.61	 -289.2
 210.00	 -0.00	 134.0	 -414.89	 -280.9
 212.00	 -0.00	 191.0	 -455.87	 -264.9
 214.00	 -0.00	 256.9	 -498.43	 -241.6
 216.00	 -0.00	 330.9	 -542.39	 -211.5
 218.00	 -0.00	 412.2	 -587.57	 -175.4
 220.00	 -0.00	 500.0	 -633.73	 -133.7
 222.00	 -0.00	 593.3	 -680.65	 -87.4
 224.00	 -0.00	 691.0	 -728.04	 -37.1
 226.00	 -0.00	 792.1	 -775.62	 16.5
 228.00	 -0.00	 895.5	 -823.08	 72.4
 230.00	 -0.00	 1000.0	 -870.08	 129.9
 232.00	 -0.00	 1104.5	 -916.30	 188.2
 234.00	 -0.00	 1207.9	 -961.38	 246.5
 236.00	 -0.00	 1309.0	 -1004.98	 304.0
 238.00	 -0.00	 1406.7	 -1046.75	 360.0
 240.00	 -0.00	 1500.0	 -1086.33	 413.7
 242.00	 -0.00	 1587.8	 -1123.38	 464.4
 244.00	 -0.00	 1669.1	 -1157.59	 511.5
 246.00	 -0.00	 1743.1	 -1188.63	 554.5
 248.00	 -0.00	 1809.0	 -1216.23	 592.8
 250.00	 -0.00	 1866.0	 -1240.11	 625.9
 252.00	 -0.00	 1913.6	 -1260.05	 653.5
 254.00	 -0.00	 1951.1	 -1275.83	 675.2
 256.00	 -0.00	 1978.2	 -1287.28	 690.9
 258.00	 -0.00	 1994.5	 -1294.29	 700.2
 260.00	 -0.00	 2000.0	 -1296.75	 703.3
 262.00	 -0.00	 1994.5	 -1294.62	 699.9
 264.00	 -0.00	 1978.2	 -1287.89	 690.3
 266.00	 -0.00	 1951.1	 -1276.61	 674.4
 268.00	 -0.00	 1913.6	 -1260.87	 652.7
 270.00	 -0.00	 1866.0	 -1240.80	 625.2
 272.00	 -0.00	 1809.0	 -1216.57	 592.5
 274.00	 -0.00	 1743.1	 -1188.40	 554.7
 276.00	 -0.00	 1669.1	 -1156.57	 512.6
 278.00	 -0.00	 1587.8	 -1121.37	 466.4
 280.00	 -0.00	 1500.0	 -1083.15	 416.9
 282.00	 -0.00	 1406.7	 -1042.28	 364.5
 284.00	 -0.00	 1309.0	 -999.18	 309.8
 286.00	 -0.00	 1207.9	 -954.29	 253.6
 288.00	 -0.00	 1104.5	 -908.05	 196.5
 290.00	 -0.00	 1000.0	 -860.95	 139.1
 292.00	 -0.00	 895.5	 -813.48	 82.0
 294.00	 -0.00	 792.1	 -766.14	 25.9
 296.00	 -0.00	 691.0	 -719.44	 -28.5
 298.00	 -0.00	 593.3	 -673.88	 -80.6
 300.00	 -0.00	 500.0	 -629.95	 -130.0
 302.00	 -0.00	 412.2	 -588.14	 -175.9
 304.00	 -0.00	 330.9	 -548.91	 -218.0
 306.00	 -0.00	 256.9	 -512.71	 -255.8
 308.00	 -0.00	 191.0	 -479.94	 -289.0
 310.00	 -0.00	 134.0	 -450.99	 -317.0
 312.00	 -0.00	 86.4	 -426.19	 -339.7
 314.00	 -0.00	 48.9	 -405.86	 -356.9
 316.00	 -0.00	 21.9	 -390.24	 -368.4
 318.00	 -0.00	 5.5	 -379.54	 -374.1
 320.00	 -0.00	 0.0	 -373.92	 -373.9
 322.00	 -0.00	 5.5	 -373.48	 -368.0
 324.00	 -0.00	 21.9	 -378.27	 -356.4
 326.00	 -0.00	 48.9	 -388.28	 -339.3
 328.00	 -0.00	 86.4	 -403.44	 -317.0
 330.00	 -0.00	 134.0	 -423.63	 -289.7
 332.00	 -0.00	 191.0	 -448.67	 -257.7
 334.00	 -0.00	 256.9	 -478.33	 -221.5
 336.00	 -0.00	 330.9	 -512.32	 -181.5
 338.00	 -0.00	 412.2	 -550.31	 -138.1
 340.00	 -0.00	 500.0	 -591.91	 -91.9
 342.00	 -0.00	 593.3	 -636.70	 -43.4
 344.00	 -0.00	 691.0	 -684.22	 6.8
 346.00	 -0.00	 792.1	 -733.96	 58.1
 348.00	 -0.00	 895.5	 -785.41	 110.1
 350.00	 -0.00	 1000.0	 -838.01	 162.0
 352.00	 -0.00	 1104.5	 -891.19	 213.3
 354.00	 -0.00	 1207.9	 -944.38	 263.5
 356.00	 -0.00	 1309.0	 -996.99	 312.0
 358.00	 -0.00	 1406.7	 -1048.44	 358.3
 360.00	 -0.00	 1500.0	 -1098.15	 401.8
 362.00	 -0.00	 1587.8	 -1145.56	 442.2
 364.00	 -0.00	 1669.1	 -1190.13	 479.0
 366.00	 -0.00	 1743.1	 -1231.35	 511.8
 368.00	 -0.00	 1809.0	 -1268.72	 540.3
 370.00	 -0.00	 1866.0	 -1301.82	 564.2
 372.00	 -0.00	 1913.6	 -1330.23	 583.3
 374.00	 -0.00	 1951.1	 -1353.60	 597.5
 376.00	 -0.00	 1978.2	 -1371.63	 606.5
 378.00	 -0.00	 1994.5	 -1384.08	 610.4
 380.00	 -0.00	 2000.0	 -1390.76	 609.2
 382.00	 -0.00	 1994.5	 -1391.54	 603.0
 384.00	 -0.00	 1978.2	 -1386.37	 591.8
 386.00	 -0.00	 1951.1	 -1375.25	 575.8
 388.00	 -0.00	 1913.6	 -1358.26	 555.3
 390.00	 -0.00	 1866.0	 -1335.52	 530.5
 392.00	 -0.00	 1809.0	 -1307.24	 501.8
 394.00	 -0.00	 1743.1	 -1273.69	 469.5
 396.00	 -0.00	 1669.1	 -1235.18	 433.9
 398.00	 -0.00	 1587.8	 -1192.10	 395.7
 400.00	 -0.00	 1500.0	 -1144.88	 355.1
 402.00	 -0.00	 1406.7	 -1094.02	 312.7
 404.00	 -0.00	 1309.0	 -1040.03	 269.0
 406.00	 -0.00	 1207.9	 -983.48	 224.4
 408.00	 -0.00	 1104.5	 -924.98	 179.5
 410.00	 -0.00	 1000.0	 -865.16	 134.8
 412.00	 -0.00	 895.5	 -804.66	 90.8
 414.00	 -0.00	 792.1	 -744.14	 48.0
 416.00	 -0.00	 691.0	 -684.27	 6.7
 418.00	 -0.00	 593.3	 -625.71	 -32.4
 420.00	 -0.00	 500.0	 -569.12	 -69.1
 422.00	 -0.00	 412.2	 -515.15	 -102.9
 424.00	 -0.00	 330.9	 -464.40	 -133.5
 426.00	 -0.00	 256.9	 -417.46	 -160.6
 428.00	 -0.00	 191.0	 -374.88	 -183.9
 430.00	 -0.00	 134.0	 -337.16	 -203.2
 432.00	 -0.00	 86.4	 -304.76	 -218.3
 434.00	 -0.00	 48.9	 -278.08	 -229.1
 436.00	 -0.00	 21.9	 -257.45	 -235.6
 438.00	 -0.00	 5.5	 -243.16	 -237.7
 440.00	 -0.00	 0.0	 -235.41	 -235.4
 442.00	 -0.00	 5.5	 -234.34	 -228.9
 444.00	 -0.00	 21.9	 -240.01	 -218.2
 446.00	 -0.00	 48.9	 -252.40	 -203.5
 448.00	 -0.00	 86.4	 -271.45	 -185.0
 450.00	 -0.00	 134.0	 -296.98	 -163.0
 452.00	 -0.00	 191.0	 -328.76	 -137.8
 454.00	 -0.00	 256.9	 -366.50	 -109.6
 456.00	 -0.00	 330.9	 -409.81	 -78.9
 458.00	 -0.00	 412.2	 -458.27	 -46.1
 460.00	 -0.00	 500.0	 -511.38	 -11.4
 462.00	 -0.00	 593.3	 -568.59	 24.7
 464.00	 -0.00	 691.0	 -629.28	 61.7
 466.00	 -0.00	 792.1	 -692.83	 99.3
 468.00	 -0.00	 895.5	 -758.55	 136.9
 470.00	 -0.00	 1000.0	 -825.73	 174.3
 472.00	 -0.00	 1104.5	 -893.63	 210.9
 474.00	 -0.00	 1207.9	 -961.52	 246.4
 476.00	 -0.00	 1309.0	 -1028.64	 280.4
 478.00	 -0.00	 1406.7	 -1094.25	 312.5
 480.00	 -0.00	 1500.0	 -1157.60	 342.4
 482.00	 -0.00	 1587.8	 -1217.99	 369.8
 484.00	 -0.00	 1669.1	 -1274.72	 394.4
 486.00	 -0.00	 1743.1	 -1327.15	 416.0
 488.00	 -0.00	 1809.0	 -1374.66	 434.4
 490.00	 -0.00	 1866.0	 -1416.70	 449.3
 492.00	 -0.00	 1913.6	 -1452.76	 460.8
 494.00	 -0.00	 1951.1	 -1482.40	 468.7
 496.00	 -0.00	 1978.2	 -1505.25	 472.9
 498.00	 -0.00	 1994.5	 -1521.02	 473.5
 500.00	 -0.00	 2000.0	 -1529.48	 470.5
 502.00	 -0.00	 1994.5	 -1530.50	 464.0
 504.00	 -0.00	 1978.2	 -1524.00	 454.2
 506.00	 -0.00	 1951.1	 -1510.02	 441.0
 508.00	 -0.00	 1913.6	 -1488.66	 424.9
 510.00	 -0.00	 1866.0	 -1460.11	 405.9
 512.00	 -0.00	 1809.0	 -1424.63	 384.4
 514.00	 -0.00	 1743.1	 -1382.59	 360.5
 516.00	 -0.00	 1669.1	 -1334.41	 334.7
 518.00	 -0.00	 1587.8	 -1280.57	 307.2
 520.00	 -0.00	 1500.0	 -1221.64	 278.4
 522.00	 -0.00	 1406.7	 -1158.25	 248.5
 524.00	 -0.00	 1309.0	 -1091.06	 218.0
 526.00	 -0.00	 1207.9	 -1020.80	 187.1
 528.00	 -0.00	 1104.5	 -948.23	 156.3
 530.00	 -0.00	 1000.0	 -874.14	 125.9
 532.00	 -0.00	 895.5	 -799.35	 96.1
 534.00	 -0.00	 792.1	 -724.67	 67.4
 536.00	 -0.00	 691.0	 -650.93	 40.0
 538.00	 -0.00	 593.3	 -578.96	 14.3
 540.00	 -0.00	 500.0	 -509.57	 -9.6
 542.00	 -0.00	 412.2	 -443.54	 -31.3
 544.00	 -0.00	 330.9	 -381.62	 -50.8
 546.00	 -0.00	 256.9	 -324.52	 -67.7
 548.00	 -0.00	 191.0	 -272.90	 -81.9
 550.00	 -0.00	 134.0	 -227.36	 -93.4
 552.00	 -0.00	 86.4	 -188.44	 -102.0
 554.00	 -0.00	 48.9	 -156.61	 -107.7
 556.00	 -0.00	 21.9	 -132.26	 -110.4
 558.00	 -0.00	 5.5	 -115.69	 -110.2
 560.00	 -0.00	 0.0	 -107.13	 -107.1
 562.00	 -0.00	 5.5	 -106.72	 -101.2
 564.00	 -0.00	 21.9	 -114.51	 -92.7
 566.00	 -0.00	 48.9	 -130.44	 -81.5
 568.00	 -0.00	 86.4	 -154.38	 -67.9
 570.00	 -0.00	 134.0	 -186.11	 -52.1
 572.00	 -0.00	 191.0	 -225.30	 -34.3
 574.00	 -0.00	 256.9	 -271.57	 -14.7
 576.00	 -0.00	 330.9	 -324.43	 6.4
 578.00	 -0.00	 412.2	 -383.33	 28.9
 580.00	 -0.00	 500.0	 -447.63	 52.4
 582.00	 -0.00	 593.3	 -516.66	 76.6
 584.00	 -0.00	 691.0	 -589.66	 101.3
 586.00	 -0.00	 792.1	 -665.84	 126.3
 588.00	 -0.00	 895.5	 -744.37	 151.1
 590.00	 -0.00	 1000.0	 -824.39	 175.6
 592.00	 -0.00	 1104.5	 -905.02	 199.5
 594.00	 -0.00	 1207.9	 -985.35	 222.6
 596.00	 -0.00	 1309.0	 -1064.51	 244.5
 598.00	 -0.00	 1406.7	 -1141.60	 265.1
 600.00	 -0.00	 1500.0	 -1215.76	 284.2
 602.00	 -0.00	 1587.8	 -1286.15	 301.6
 604.00	 -0.00	 1669.1	 -1351.98	 317.1
 606.00	 -0.00	 1743.2	 -1412.50	 330.7
 608.00	 -0.00	 1809.0	 -1467.01	 342.0
 610.00	 -0.00	 1866.0	 -1514.88	 351.2
 612.00	 -0.00	 1913.6	 -1555.56	 358.0
 614.00	 -0.00	 1951.1	 -1588.57	 362.5
 616.00	 -0.00	 1978.2	 -1613.51	 364.6
 618.00	 -0.00	 1994.5	 -1630.07	 364.4
 620.00	 -0.00	 2000.0	 -1638.05	 361.9
 622.00	 -0.00	 1994.5	 -1637.32	 357.2
 624.00	 -0.00	 1978.2	 -1627.86	 350.3
 626.00	 -0.00	 1951.1	 -1609.75	 341.3
 628.00	 -0.00	 1913.6	 -1583.15	 330.4
 630.00	 -0.00	 1866.0	 -1548.34	 317.7
 632.00	 -0.00	 1809.0	 -1505.67	 303.3
 634.00	 -0.00	 1743.1	 -1455.60	 287.5
 636.00	 -0.00	 1669.1	 -1398.65	 270.5
 638.00	 -0.00	 1587.8	 -1335.44	 252.4
 640.00	 -0.00	 1500.0	 -1266.65	 233.4
 642.00	 -0.00	 1406.7	 -1193.03	 213.7
 644.00	 -0.00	 1309.0	 -1115.38	 193.6
 646.00	 -0.00	 1207.9	 -1034.55	 173.4
 648.00	 -0.00	 1104.5	 -951.44	 153.1
 650.00	 -0.00	 1000.0	 -866.96	 133.0
 652.00	 -0.00	 895.5	 -782.04	 113.4
 654.00	 -0.00	 792.1	 -697.62	 94.5
 656.00	 -0.00	 691.0	 -614.66	 76.3
 658.00	 -0.00	 593.3	 -534.06	 59.2
 660.00	 -0.00	 500.0	 -456.74	 43.3
 662.00	 -0.00	 412.2	 -383.56	 28.6
 664.00	 -0.00	 330.9	 -315.35	 15.5
 666.00	 -0.00	 256.9	 -252.86	 4.0
 668.00	 -0.00	 191.0	 -196.82	 -5.8
 670.00	 -0.00	 134.0	 -147.86	 -13.9
 672.00	 -0.00	 86.4	 -106.53	 -20.1
 674.00	 -0.00	 48.9	 -73.32	 -24.4
 676.00	 -0.00	 21.9	 -48.61	 -26.8
 678.00	 -0.00	 5.5	 -32.70	 -27.2
 680.00	 -0.00	 0.0	 -25.77	 -25.8
 682.00	 -0.00	 5.5	 -27.93	 -22.4
 684.00	 -0.00	 21.9	 -39.16	 -17.3
 686.00	 -0.00	 48.9	 -59.36	 -10.4
 688.00	 -0.00	 86.4	 -88.33	 -1.9
 690.00	 -0.00	 134.0	 -125.76	 8.2
 692.00	 -0.00	 191.0	 -171.24	 19.7
 694.00	 -0.00	 256.9	 -224.30	 32.6
 696.00	 -0.00	 330.9	 -284.34	 46.5
 698.00	 -0.00	 412.2	 -350.72	 61.5
 700.00	 -0.00	 500.0	 -422.72	 77.3
 702.00	 -0.00	 593.3	 -499.54	 93.7
 704.00	 -0.00	 691.0	 -580.33	 110.7
 706.00	 -0.00	 792.1	 -664.21	 127.9
 708.00	 -0.00	 895.5	 -750.25	 145.2
 710.00	 -0.00	 1000.0	 -837.51	 162.5
 712.00	 -0.00	 1104.5	 -925.01	 179.5
 714.00	 -0.00	 1207.9	 -1011.79	 196.1
 716.00	 -0.00	 1309.0	 -1096.87	 212.1
 718.00	 -0.00	 1406.7	 -1179.33	 227.4
 720.00	 -0.00	 1500.0	 -1258.24	 241.8
 722.00	 -0.00	 1587.8	 -1332.72	 255.1
 724.00	 -0.00	 1669.1	 -1401.94	 267.2
 726.00	 -0.00	 1743.2	 -1465.14	 278.0
 728.00	 -0.00	 1809.0	 -1521.59	 287.4
 730.00	 -0.00	 1866.0	 -1570.68	 295.3
 732.00	 -0.00	 1913.6	 -1611.85	 301.7
 734.00	 -0.00	 1951.1	 -1644.64	 306.4
 736.00	 -0.00	 1978.2	 -1668.67	 309.5
 738.00	 -0.00	 1994.5	 -1683.67	 310.8
 740.00	 -0.00	 2000.0	 -1689.48	 310.5
 742.00	 -0.00	 1994.5	 -1686.01	 308.5
 744.00	 -0.00	 1978.2	 -1673.30	 304.9
 746.00	 -0.00	 1951.1	 -1651.47	 299.6
 748.00	 -0.00	 1913.6	 -1620.78	 292.8
 750.00	 -0.00	 1866.0	 -1581.55	 284.5
 752.00	 -0.00	 1809.0	 -1534.20	 274.8
 754.00	 -0.00	 1743.1	 -1479.25	 263.9
 756.00	 -0.00	 1669.1	 -1417.32	 251.8
 758.00	 -0.00	 1587.8	 -1349.07	 238.7
 760.00	 -0.00	 1500.0	 -1275.26	 224.7
 762.00	 -0.00	 1406.7	 -1196.69	 210.0
 764.00	 -0.00	 1309.0	 -1114.24	 194.8
 766.00	 -0.00	 1207.9	 -1028.81	 179.1
 768.00	 -0.00	 1104.5	 -941.35	 163.2
 770.00	 -0.00	 1000.0	 -852.81	 147.2
 772.00	 -0.00	 895.5	 -764.18	 131.3
 774.00	 -0.00	 792.1	 -676.44	 115.6
 776.00	 -0.00	 691.0	 -590.57	 100.4
 778.00	 -0.00	 593.3	 -507.53	 85.7
 780.00	 -0.00	 500.0	 -428.27	 71.7
 782.00	 -0.00	 412.2	 -353.68	 58.5
 784.00	 -0.00	 330.9	 -284.62	 46.3
 786.00	 -0.00	 256.9	 -221.90	 35.0
 788.00	 -0.00	 191.0	 -166.22	 24.8
 790.00	 -0.00	 134.0	 -118.21	 15.8
 792.00	 -0.00	 86.4	 -78.29	 8.2
 794.00	 -0.00	 48.9	 -46.69	 2.3
 796.00	 -0.00	 21.9	 -23.29	 -1.4
 798.00	 -0.00	 5.5	 -7.57	 -2.1
 800.00	 -0.00	 0.0	 1.49	 1.5
 802.00	 -0.00	 0.0	 5.40	 5.4
 804.00	 -0.00	 0.0	 6.15	 6.2
 806.00	 -0.00	 0.0	 5.29	 5.3
 808.00	 -0.00	 0.0	 3.85	 3.9
 810.00	 -0.00	 0.0	 2.43	 2.4
 812.00	 -0.00	 0.0	 1.29	 1.3
 814.00	 -0.00	 0.0	 0.51	 0.5
 816.00	 -0.00	 0.0	 0.05	 0.0
 818.00	 -0.00	 0.0	 -0.18	 -0.2
 820.00	 -0.00	 0.0	 -0.25	 -0.2
 822.00	 -0.00	 0.0	 -0.23	 -0.2
 824.00	 -0.00	 0.0	 -0.18	 -0.2
 826.00	 -0.00	 0.0	 -0.12	 -0.1
 828.00	 -0.00	 0.0	 -0.07	 -0.0
 830.00	 -0.00	 0.0	 -0.03	 -0.0
 832.00	 -0.00	 0.0	 -0.00	 -0.0
 834.00	 -0.00	 0.0	 0.00	 0.0
 836.00	 -0.00	 0.0	 0.00	 0.0
 838.00	 -0.00	 0.0	 0.01	 0.0
 840.00	 -0.00	 0.0	 0.00	 0.0
 842.00	 -0.00	 0.0	 0.00	 0.0
 844.00	 -0.00	 0.0	 0.00	 0.0
 846.00	 -0.00	 0.0	 0.00	 0.0
 848.00	 -0.00	 0.0	 0.00	 0.0
 850.00	 -0.00	 0.0	 -0.00	 -0.0
 852.00	 -0.00	 0.0	 -0.00	 -0.0
 854.00	 -0.00	 0.0	 -0.00	 -0.0
 856.00	 -0.00	 0.0	 -0.00	 -0.0
 858.00	 -0.00	 0.0	 -0.00	 -0.0
 860.00	 -0.00	 0.0	 -0.00	 -0.0
 862.00	 -0.00	 0.0	 -0.00	 -0.0
 864.00	 -0.00	 0.0	 -0.00	 -0.0
 866.00	 -0.00	 0.0	 -0.00	 -0.0
 868.00	 -0.00	 0.0	 0.00	 0.0
 870.00	 -0.00	 0.0	 0.00	 0.0
 872.00	 -0.00	 0.0	 0.00	 0.0
 874.00	 -0.00	 0.0	 0.00	 0.0
 876.00	 -0.00	 0.0	 0.00	 0.0
 878.00	 -0.00	 0.0	 0.00	 0.0
 880.00	 -0.00	 0.0	 0.00	 0.0
 882.00	 -0.00	 0.0	 0.00	 0.0
 884.00	 -0.00	 0.0	 -0.00	 -0.0
 886.00	 -0.00	 0.0	 -0.00	 -0.0
 888.00	 -0.00	 0.0	 -0.00	 -0.0
 890.00	 -0.00	 0.0	 -0.00	 -0.0
 892.00	 -0.00	 0.0	 -0.00	 -0.0
 894.00	 -0.00	 0.0	 -0.00	 -0.0
 896.00	 -0.00	 0.0	 -0.00	 -0.0
 898.00	 -0.00	 0.0	 -0.00	 -0.0
 900.00	 -0.00	 0.0	 -0.00	 -0.0
 902.00	 -0.00	 0.0	 0.00	 0.0
 904.00	 -0.00	 0.0	 0.00	 0.0
 906.00	 -0.00	 0.0	 0.00	 0.0
 908.00	 -0.00	 0.0	 0.00	 0.0
 910.00	 -0.00	 0.0	 0.00	 0.0
 912.00	 -0.00	 0.0	 0.00	 0.0
 914.00	 -0.00	 0.0	 0.00	 0.0
 916.00	 -0.00	 0.0	 0.00	 0.0
 918.00	 -0.00	 0.0	 -0.00	 -0.0
 920.00	 -0.00	 0.0	 -0.00	 -0.0
 922.00	 -0.00	 0.0	 -0.00	 -0.0
 924.00	 -0.00	 0.0	 -0.00	 -0.0
 926.00	 -0.00	 0.0	 -0.00	 -0.0
 928.00	 -0.00	 0.0	 -0.00	 -0.0
 930.00	 -0.00	 0.0	 -0.00	 -0.0
 932.00	 -0.00	 0.0	 -0.00	 -0.0
 934.00	 -0.00	 0.0	 0.00	 0.0
 936.00	 -0.00	 0.0	 0.00	 0.0
 938.00	 -0.00	 0.0	 0.00	 0.0
 940.00	 -0.00	 0.0	 0.00	 0.0
 942.00	 -0.00	 0.0	 0.00	 0.0
 944.00	 -0.00	 0.0	 0.00	 0.0
 946.00	 -0.00	 0.0	 0.00	 0.0
 948.00	 -0.00	 0.0	 0.00	 0.0
 950.00	 -0.00	 0.0	 0.00	 0.0
 952.00	 -0.00	 0.0	 -0.00	 -0.0
 954.00	 -0.00	 0.0	 -0.00	 -0.0
 956.00	 -0.00	 0.0	 -0.00	 -0.0
 958.00	 -0.00	 0.0	 -0.00	 -0.0
 960.00	 -0.00	 0.0	 -0.00	 -0.0
 962.00	 -0.00	 0.0	 -0.00	 -0.0
 964.00	 -0.00	 0.0	 -0.00	 -0.0
 966.00	 -0.00	 0.0	 -0.00	 -0.0
 968.00	 -0.00	 0.0	 0.00	 0.0
 970.00	 -0.00	 0.0	 0.00	 0.0
 972.00	 -0.00	 0.0	 0.00	 0.0
 974.00	 -0.00	 0.0	 0.00	 0.0
 976.00	 -0.00	 0.0	 0.00	 0.0
 978.00	 -0.00	 0.0	 0.00	 0.0
 980.00	 -0.00	 0.0	 0.00	 0.0
 982.00	 -0.00	 0.0	 0.00	 0.0
 984.00	 -0.00	 0.0	 -0.00	 -0.0
 986.00	 -0.00	 0.0	 -0.00	 -0.0
 988.00	 -0.00	 0.0	 -0.00	 -0.0
 990.00	 -0.00	 0.0	 -0.00	 -0.0
 992.00	 -0.00	 0.0	 -0.00	 -0.0
 994.00	 -0.00	 0.0	 -0.00	 -0.0
 996.00	 -0.00	 0.0	 -0.00	 -0.0
 998.00	 -0.00	 0.0	 0.00	 0.0
 1000.00	 -0.00	 0.0	 0.00	 0.0
